../source/mwa_end_device.c:211:6:main_task	16	static
../source/mwa_end_device.c:268:6:App_Idle_Task	32	static
../source/mwa_end_device.c:320:6:App_init	8	static
../source/mwa_end_device.c:385:6:AppThread	104	static
../source/mwa_end_device.c:679:6:counter_increase	16	static
../source/mwa_end_device.c:697:6:AppLEDS	16	static
../source/mwa_end_device.c:738:13:UartRxCallBack	32	static
../source/mwa_end_device.c:774:16:App_StartScan	32	static
../source/mwa_end_device.c:837:16:App_HandleScanActiveConfirm	48	static
../source/mwa_end_device.c:903:16:App_SendAssociateRequest	24	static
../source/mwa_end_device.c:966:16:App_HandleAssociateConfirm	16	static
../source/mwa_end_device.c:1002:16:App_HandleMlmeInput	16	static
../source/mwa_end_device.c:1060:13:App_HandleMcpsInput	16	static
../source/mwa_end_device.c:1098:16:App_WaitMsg	16	static
../source/mwa_end_device.c:1128:16:App_TransmitUartData	24	static
../source/mwa_end_device.c:1210:16:AppPollWaitTimeout	32	static
../source/mwa_end_device.c:1250:13:App_HandleKeys	16	static
../source/mwa_end_device.c:1305:14:MLME_NWK_SapHandler	16	static
../source/mwa_end_device.c:1313:14:MCPS_NWK_SapHandler	16	static
../source/mwa_end_device.c:1322:6:App_TransmitUartData_ctr_t	32	static
