../source/mwa_coordinator.c:158:6:main_task	16	static
../source/mwa_coordinator.c:197:6:App_init	8	static
../source/mwa_coordinator.c:235:6:AppThread	48	static
../source/mwa_coordinator.c:431:13:UartRxCallBack	32	static
../source/mwa_coordinator.c:466:16:App_StartScan	32	static
../source/mwa_coordinator.c:527:13:App_HandleScanEdConfirm	32	static
../source/mwa_coordinator.c:617:16:App_StartCoordinator	40	static
../source/mwa_coordinator.c:720:16:App_SendAssociateResponse	48	static
../source/mwa_coordinator.c:832:16:App_HandleMlmeInput	16	static
../source/mwa_coordinator.c:860:13:App_HandleMcpsInput	16	static
../source/mwa_coordinator.c:895:16:App_WaitMsg	16	static
../source/mwa_coordinator.c:924:13:App_TransmitUartData	24	static
../source/mwa_coordinator.c:1006:13:App_HandleKeys	16	static
../source/mwa_coordinator.c:1038:14:MLME_NWK_SapHandler	16	static
../source/mwa_coordinator.c:1046:14:MCPS_NWK_SapHandler	16	static
../source/mwa_coordinator.c:1055:16:checkvalue	24	static
../source/mwa_coordinator.c:1096:6:App_TransmitUartData_ctr_t	16	static
