15:51:03 **** Incremental Build of configuration Debug for project frdmkw41z_wireless_examples_ieee_802_15_4_mwa_end_device_freertos ****
make -r -j8 all 
make[1]: Nothing to be done for 'main-build'.
Performing post-build steps
arm-none-eabi-size "frdmkw41z_wireless_examples_ieee_802_15_4_mwa_end_device_freertos.axf"; # arm-none-eabi-objcopy -v -O binary "frdmkw41z_wireless_examples_ieee_802_15_4_mwa_end_device_freertos.axf" "frdmkw41z_wireless_examples_ieee_802_15_4_mwa_end_device_freertos.bin" ; # checksum -p MKW41Z512xxx4 -d "frdmkw41z_wireless_examples_ieee_802_15_4_mwa_end_device_freertos.bin";
   text	   data	    bss	    dec	    hex	filename
 129140	   9759	  18928	 157827	  26883	frdmkw41z_wireless_examples_ieee_802_15_4_mwa_end_device_freertos.axf
 

15:51:04 Build Finished. 0 errors, 0 warnings. (took 739ms)

