Archive member included to satisfy reference by file (symbol)

d:/nxp/mcuxpressoide_11.6.0_8187/ide/plugins/com.nxp.mcuxpresso.tools.win32_11.6.0.202112161359/tools/bin/../lib/gcc/arm-none-eabi/10.3.1/../../../../arm-none-eabi/lib/thumb/v6-m/nofp\libm.a(lib_a-s_round.o)
                              ./framework/XCVR/MKW41Z4/fsl_xcvr.o (round)
d:/nxp/mcuxpressoide_11.6.0_8187/ide/plugins/com.nxp.mcuxpresso.tools.win32_11.6.0.202112161359/tools/bin/../lib/gcc/arm-none-eabi/10.3.1/../../../../arm-none-eabi/lib/thumb/v6-m/nofp\libm.a(lib_a-s_trunc.o)
                              ./framework/XCVR/MKW41Z4/fsl_xcvr.o (trunc)
d:/nxp/mcuxpressoide_11.6.0_8187/ide/plugins/com.nxp.mcuxpresso.tools.win32_11.6.0.202112161359/tools/bin/../lib/gcc/arm-none-eabi/10.3.1/../../../../arm-none-eabi/lib/thumb/v6-m/nofp\libm.a(lib_a-sf_round.o)
                              ./framework/XCVR/MKW41Z4/fsl_xcvr_trim.o (roundf)
d:/nxp/mcuxpressoide_11.6.0_8187/ide/plugins/com.nxp.mcuxpresso.tools.win32_11.6.0.202112161359/tools/bin/../lib/gcc/arm-none-eabi/10.3.1/../../../../arm-none-eabi/lib/thumb/v6-m/nofp\libc.a(lib_a-exit.o)
                              d:/nxp/mcuxpressoide_11.6.0_8187/ide/plugins/com.nxp.mcuxpresso.tools.win32_11.6.0.202112161359/tools/bin/../lib/gcc/arm-none-eabi/10.3.1/../../../../arm-none-eabi/lib/thumb/v6-m/nofp/crt0.o (exit)
d:/nxp/mcuxpressoide_11.6.0_8187/ide/plugins/com.nxp.mcuxpresso.tools.win32_11.6.0.202112161359/tools/bin/../lib/gcc/arm-none-eabi/10.3.1/../../../../arm-none-eabi/lib/thumb/v6-m/nofp\libc.a(lib_a-impure.o)
                              d:/nxp/mcuxpressoide_11.6.0_8187/ide/plugins/com.nxp.mcuxpresso.tools.win32_11.6.0.202112161359/tools/bin/../lib/gcc/arm-none-eabi/10.3.1/../../../../arm-none-eabi/lib/thumb/v6-m/nofp\libc.a(lib_a-exit.o) (_global_impure_ptr)
d:/nxp/mcuxpressoide_11.6.0_8187/ide/plugins/com.nxp.mcuxpresso.tools.win32_11.6.0.202112161359/tools/bin/../lib/gcc/arm-none-eabi/10.3.1/../../../../arm-none-eabi/lib/thumb/v6-m/nofp\libc.a(lib_a-init.o)
                              d:/nxp/mcuxpressoide_11.6.0_8187/ide/plugins/com.nxp.mcuxpresso.tools.win32_11.6.0.202112161359/tools/bin/../lib/gcc/arm-none-eabi/10.3.1/../../../../arm-none-eabi/lib/thumb/v6-m/nofp/crt0.o (__libc_init_array)
d:/nxp/mcuxpressoide_11.6.0_8187/ide/plugins/com.nxp.mcuxpresso.tools.win32_11.6.0.202112161359/tools/bin/../lib/gcc/arm-none-eabi/10.3.1/../../../../arm-none-eabi/lib/thumb/v6-m/nofp\libc.a(lib_a-memcpy-stub.o)
                              ./ieee_802.15.4/phy/source/MKW41Z/PhyTime.o (memcpy)
d:/nxp/mcuxpressoide_11.6.0_8187/ide/plugins/com.nxp.mcuxpresso.tools.win32_11.6.0.202112161359/tools/bin/../lib/gcc/arm-none-eabi/10.3.1/../../../../arm-none-eabi/lib/thumb/v6-m/nofp\libc.a(lib_a-memset.o)
                              d:/nxp/mcuxpressoide_11.6.0_8187/ide/plugins/com.nxp.mcuxpresso.tools.win32_11.6.0.202112161359/tools/bin/../lib/gcc/arm-none-eabi/10.3.1/../../../../arm-none-eabi/lib/thumb/v6-m/nofp/crt0.o (memset)
d:/nxp/mcuxpressoide_11.6.0_8187/ide/plugins/com.nxp.mcuxpresso.tools.win32_11.6.0.202112161359/tools/bin/../lib/gcc/arm-none-eabi/10.3.1/../../../../arm-none-eabi/lib/thumb/v6-m/nofp\libc.a(lib_a-strlen-stub.o)
                              ./utilities/fsl_debug_console.o (strlen)
d:/nxp/mcuxpressoide_11.6.0_8187/ide/plugins/com.nxp.mcuxpresso.tools.win32_11.6.0.202112161359/tools/bin/../lib/gcc/arm-none-eabi/10.3.1/../../../../arm-none-eabi/lib/thumb/v6-m/nofp\libc.a(lib_a-__call_atexit.o)
                              d:/nxp/mcuxpressoide_11.6.0_8187/ide/plugins/com.nxp.mcuxpresso.tools.win32_11.6.0.202112161359/tools/bin/../lib/gcc/arm-none-eabi/10.3.1/../../../../arm-none-eabi/lib/thumb/v6-m/nofp\libc.a(lib_a-exit.o) (__call_exitprocs)
d:/nxp/mcuxpressoide_11.6.0_8187/ide/plugins/com.nxp.mcuxpresso.tools.win32_11.6.0.202112161359/tools/bin/../lib/gcc/arm-none-eabi/10.3.1/../../../../arm-none-eabi/lib/thumb/v6-m/nofp\libc.a(lib_a-atexit.o)
                              d:/nxp/mcuxpressoide_11.6.0_8187/ide/plugins/com.nxp.mcuxpresso.tools.win32_11.6.0.202112161359/tools/bin/../lib/gcc/arm-none-eabi/10.3.1/../../../../arm-none-eabi/lib/thumb/v6-m/nofp\libc.a(lib_a-__call_atexit.o) (atexit)
d:/nxp/mcuxpressoide_11.6.0_8187/ide/plugins/com.nxp.mcuxpresso.tools.win32_11.6.0.202112161359/tools/bin/../lib/gcc/arm-none-eabi/10.3.1/../../../../arm-none-eabi/lib/thumb/v6-m/nofp\libc.a(lib_a-fini.o)
                              d:/nxp/mcuxpressoide_11.6.0_8187/ide/plugins/com.nxp.mcuxpresso.tools.win32_11.6.0.202112161359/tools/bin/../lib/gcc/arm-none-eabi/10.3.1/../../../../arm-none-eabi/lib/thumb/v6-m/nofp\libc.a(lib_a-__call_atexit.o) (__libc_fini_array)
d:/nxp/mcuxpressoide_11.6.0_8187/ide/plugins/com.nxp.mcuxpresso.tools.win32_11.6.0.202112161359/tools/bin/../lib/gcc/arm-none-eabi/10.3.1/../../../../arm-none-eabi/lib/thumb/v6-m/nofp\libc.a(lib_a-lock.o)
[...]
Memory Configuration

Name             Origin             Length             Attributes
TEXT_region1     0x00000000         0x00000400         xr
m_flash_config_region 0x00000400         0x00000010         xr
TEXT_region2     0x00000411         0x0007d3ee         xr
NVM_region       0x0007d800         0x00001fff         rw
DATA1_region     0x1fff8000         0x00008000         rw
DATA2_region     0x20000000         0x00018000         rw
PRODUCT_INFO_region 0x0007f800         0x000007ff         xr
*default*        0x00000000         0xffffffff

Linker script and memory map

LOAD d:/nxp/mcuxpressoide_11.6.0_8187/ide/plugins/com.nxp.mcuxpresso.tools.win32_11.6.0.202112161359/tools/bin/../lib/gcc/arm-none-eabi/10.3.1/thumb/v6-m/nofp/crti.o
LOAD d:/nxp/mcuxpressoide_11.6.0_8187/ide/plugins/com.nxp.mcuxpresso.tools.win32_11.6.0.202112161359/tools/bin/../lib/gcc/arm-none-eabi/10.3.1/thumb/v6-m/nofp/crtbegin.o
LOAD d:/nxp/mcuxpressoide_11.6.0_8187/ide/plugins/com.nxp.mcuxpresso.tools.win32_11.6.0.202112161359/tools/bin/../lib/gcc/arm-none-eabi/10.3.1/../../../../arm-none-eabi/lib/thumb/v6-m/nofp/crt0.o
LOAD ./utilities/fsl_debug_console.o
LOAD ./startup/startup_MKW41Z4.o
LOAD ./source/mtb.o
LOAD ./source/mwa_end_device.o
LOAD ./source/semihost_hardfault.o
LOAD ./ieee_802.15.4/phy/source/MKW41Z/ASP.o
LOAD ./ieee_802.15.4/phy/source/MKW41Z/MPM.o
LOAD ./ieee_802.15.4/phy/source/MKW41Z/PhyISR.o
LOAD ./ieee_802.15.4/phy/source/MKW41Z/PhyPacketProcessor.o
LOAD ./ieee_802.15.4/phy/source/MKW41Z/PhyPlmeData.o
LOAD ./ieee_802.15.4/phy/source/MKW41Z/PhyStateMachine.o
LOAD ./ieee_802.15.4/phy/source/MKW41Z/PhyTime.o
LOAD ./ieee_802.15.4/mac/source/App/FsciAspCommands.o
LOAD ./ieee_802.15.4/mac/source/App/FsciMacCommands.o
LOAD ./ieee_802.15.4/mac/source/App/MacGlobals.o
LOAD ./freertos/croutine.o
LOAD ./freertos/event_groups.o
LOAD ./freertos/fsl_tickless_lptmr.o
LOAD ./freertos/fsl_tickless_systick.o
LOAD ./freertos/heap_4.o
LOAD ./freertos/list.o
LOAD ./freertos/port.o
LOAD ./freertos/queue.o
LOAD ./freertos/tasks.o
LOAD ./freertos/timers.o
LOAD ./framework/XCVR/MKW41Z4/cfgs_kw4x_3x_2x/fsl_xcvr_ant_config.o
LOAD ./framework/XCVR/MKW41Z4/cfgs_kw4x_3x_2x/fsl_xcvr_ble_config.o
LOAD ./framework/XCVR/MKW41Z4/cfgs_kw4x_3x_2x/fsl_xcvr_common_config.o
LOAD ./framework/XCVR/MKW41Z4/cfgs_kw4x_3x_2x/fsl_xcvr_gfsk_bt_0p3_h_0p5_config.o
LOAD ./framework/XCVR/MKW41Z4/cfgs_kw4x_3x_2x/fsl_xcvr_gfsk_bt_0p5_h_0p32_config.o
LOAD ./framework/XCVR/MKW41Z4/cfgs_kw4x_3x_2x/fsl_xcvr_gfsk_bt_0p5_h_0p5_config.o
LOAD ./framework/XCVR/MKW41Z4/cfgs_kw4x_3x_2x/fsl_xcvr_gfsk_bt_0p5_h_0p7_config.o
LOAD ./framework/XCVR/MKW41Z4/cfgs_kw4x_3x_2x/fsl_xcvr_gfsk_bt_0p5_h_1p0_config.o
LOAD ./framework/XCVR/MKW41Z4/cfgs_kw4x_3x_2x/fsl_xcvr_gfsk_bt_0p7_h_0p5_config.o
LOAD ./framework/XCVR/MKW41Z4/cfgs_kw4x_3x_2x/fsl_xcvr_mode_datarate_config.o
LOAD ./framework/XCVR/MKW41Z4/cfgs_kw4x_3x_2x/fsl_xcvr_msk_config.o
LOAD ./framework/XCVR/MKW41Z4/cfgs_kw4x_3x_2x/fsl_xcvr_zgbe_config.o
LOAD ./framework/XCVR/MKW41Z4/dbg_ram_capture.o
LOAD ./framework/XCVR/MKW41Z4/fsl_xcvr.o
LOAD ./framework/XCVR/MKW41Z4/fsl_xcvr_trim.o
LOAD ./framework/XCVR/MKW41Z4/ifr_radio.o
LOAD ./framework/TimersManager/Source/TMR_Adapter.o
LOAD ./framework/TimersManager/Source/TimersManager.o
LOAD ./framework/SerialManager/Source/UART_Adapter/UART_Adapter.o
LOAD ./framework/SerialManager/Source/SPI_Adapter/SPI_Adapter.o
LOAD ./framework/SerialManager/Source/I2C_Adapter/I2C_Adapter.o
LOAD ./framework/SerialManager/Source/SerialManager.o
LOAD ./framework/SecLib/SecLib.o
LOAD ./framework/Reset/Reset.o
LOAD ./framework/RNG/Source/RNG.o
LOAD ./framework/Panic/Source/Panic.o
LOAD ./framework/OSAbstraction/Source/fsl_os_abstraction_free_rtos.o
LOAD ./framework/NVM/Source/NV_Flash.o
LOAD ./framework/NVM/Source/NV_FsciCommands.o
LOAD ./framework/ModuleInfo/ModuleInfo.o
LOAD ./framework/Messaging/Source/Messaging.o
LOAD ./framework/MemManager/Source/MemManager.o
LOAD ./framework/MWSCoexistence/Source/MWS.o
LOAD ./framework/LowPower/Source/MKW41Z/PWR.o
LOAD ./framework/LowPower/Source/MKW41Z/PWRLib.o
LOAD ./framework/Lists/GenericList.o
LOAD ./framework/LED/Source/LED.o
LOAD ./framework/Keyboard/Source/Keyboard.o
LOAD ./framework/GPIO/GPIO_Adapter.o
LOAD ./framework/FunctionLib/FunctionLib.o
LOAD ./framework/Flash/Internal/Flash_Adapter.o
LOAD ./framework/DCDC/Source/DCDC.o
LOAD ./drivers/fsl_adc16.o
LOAD ./drivers/fsl_clock.o
LOAD ./drivers/fsl_common.o
LOAD ./drivers/fsl_dspi.o
LOAD ./drivers/fsl_dspi_freertos.o
LOAD ./drivers/fsl_flash.o
LOAD ./drivers/fsl_gpio.o
LOAD ./drivers/fsl_i2c.o
LOAD ./drivers/fsl_i2c_freertos.o
LOAD ./drivers/fsl_llwu.o
LOAD ./drivers/fsl_lptmr.o
LOAD ./drivers/fsl_lpuart.o
LOAD ./drivers/fsl_lpuart_freertos.o
LOAD ./drivers/fsl_ltc.o
LOAD ./drivers/fsl_pmc.o
LOAD ./drivers/fsl_rtc.o
LOAD ./drivers/fsl_smc.o
LOAD ./drivers/fsl_tpm.o
LOAD ./drivers/fsl_trng.o
LOAD ./drivers/fsl_tsi_v4.o
LOAD ./board/board.o
LOAD ./board/clock_config.o
LOAD ./board/gpio_pins.o
LOAD ./board/pin_mux.o
LOAD ./CMSIS/system_MKW41Z4.o
LOAD d:/nxp/mcuxpressoide_11.6.0_8187/ide/plugins/com.nxp.mcuxpresso.tools.win32_11.6.0.202112161359/tools/bin/../lib/gcc/arm-none-eabi/10.3.1/../../../../arm-none-eabi/lib/thumb/v6-m/nofp\libm.a
LOAD d:/nxp/mcuxpressoide_11.6.0_8187/ide/plugins/com.nxp.mcuxpresso.tools.win32_11.6.0.202112161359/tools/bin/../lib/gcc/arm-none-eabi/10.3.1/../../../../arm-none-eabi/lib/thumb/v6-m/nofp\libc.a
LOAD d:/nxp/mcuxpressoide_11.6.0_8187/ide/plugins/com.nxp.mcuxpresso.tools.win32_11.6.0.202112161359/tools/bin/../lib/gcc/arm-none-eabi/10.3.1/thumb/v6-m/nofp\libgcc.a
LOAD d:/nxp/mcuxpressoide_11.6.0_8187/ide/plugins/com.nxp.mcuxpresso.tools.win32_11.6.0.202112161359/tools/bin/../lib/gcc/arm-none-eabi/10.3.1/../../../../arm-none-eabi/lib/thumb/v6-m/nofp\libnosys.a
LOAD D:\nxp\RSE\end_device_154\frdmkw41z_wireless_examples_ieee_802_15_4_mwa_end_device_freertos\libs\lib_crypto_m0.a
LOAD D:\nxp\RSE\end_device_154\frdmkw41z_wireless_examples_ieee_802_15_4_mwa_end_device_freertos\libs\lib802.15.4_mac_06_cm0.a
START GROUP
LOAD d:/nxp/mcuxpressoide_11.6.0_8187/ide/plugins/com.nxp.mcuxpresso.tools.win32_11.6.0.202112161359/tools/bin/../lib/gcc/arm-none-eabi/10.3.1/thumb/v6-m/nofp\libgcc.a
LOAD d:/nxp/mcuxpressoide_11.6.0_8187/ide/plugins/com.nxp.mcuxpresso.tools.win32_11.6.0.202112161359/tools/bin/../lib/gcc/arm-none-eabi/10.3.1/../../../../arm-none-eabi/lib/thumb/v6-m/nofp\libc.a
END GROUP
LOAD d:/nxp/mcuxpressoide_11.6.0_8187/ide/plugins/com.nxp.mcuxpresso.tools.win32_11.6.0.202112161359/tools/bin/../lib/gcc/arm-none-eabi/10.3.1/thumb/v6-m/nofp/crtend.o
LOAD d:/nxp/mcuxpressoide_11.6.0_8187/ide/plugins/com.nxp.mcuxpresso.tools.win32_11.6.0.202112161359/tools/bin/../lib/gcc/arm-none-eabi/10.3.1/thumb/v6-m/nofp/crtn.o
                0x00000001                gUseNVMLink_d = DEFINED (gUseNVMLink_d)?gUseNVMLink_d:0x1
                0x00000004                gNVMSectorCountLink_d = DEFINED (gNVMSectorCountLink_d)?gNVMSectorCountLink_d:0x4
                0x00000001                __ram_vector_table__ = DEFINED (__ram_vector_table__)?__ram_vector_table__:0x1
                0x00000000                __region_ROM_start__ = 0x0
                0x0007ffff                __region_ROM_end__ = 0x7ffff
                0x1fff8000                __region_RAM1_start__ = 0x1fff8000
                0x1fffffff                __region_RAM1_end__ = 0x1fffffff
                0x20000000                __region_RAM2_start__ = 0x20000000
                0x20017fff                __region_RAM2_end__ = 0x20017fff
                0x000000c0                __vector_table_size__ = 0xc0
                0x000000c0                __ram_vector_table_size__ = DEFINED (__ram_vector_table__)?__vector_table_size__:0x0
                0x1fff8000                _RAM_START_ = __region_RAM1_start__
                0x20017fff                _RAM_END_ = __region_RAM2_end__
                0x00000000                m_interrupts_start = __region_ROM_start__
                0x000000bf                m_interrupts_end = ((m_interrupts_start + __vector_table_size__) - 0x1)
                0x00000400                m_flash_config_start = 0x400
                0x00000410                m_flash_config_end = 0x410
                0x00000800                m_sector_size = 0x800
                0x00000200                __size_cstack__ = DEFINED (__stack_size__)?__stack_size__:0x200
                0x00000000                __size_heap__ = DEFINED (__heap_size__)?__heap_size__:0x0
                0x0007f800                m_fsl_prodInfo_start = ((__region_ROM_end__ - m_sector_size) + 0x1)
                0x0007ffff                m_fsl_prodInfo_end = __region_ROM_end__
                0x0007f800                FREESCALE_PROD_DATA_BASE_ADDR = m_fsl_prodInfo_start
                0x00000800                NV_STORAGE_SECTOR_SIZE = m_sector_size
                0x00000004                NV_STORAGE_MAX_SECTORS = gNVMSectorCountLink_d
                0x0007f7ff                NV_STORAGE_START_ADDRESS = (m_fsl_prodInfo_start - 0x1)
                0x0007d800                NV_STORAGE_END_ADDRESS = ((NV_STORAGE_START_ADDRESS - (NV_STORAGE_MAX_SECTORS * NV_STORAGE_SECTOR_SIZE)) + 0x1)
                0x00000800                NV_STORAGE_SECTOR_SIZE_C = m_sector_size
                0x00000004                NV_STORAGE_MAX_SECTORS_C = gNVMSectorCountLink_d
                0x0007f7ff                NV_STORAGE_START_ADDRESS_C = (m_fsl_prodInfo_start - 0x1)
                0x0007d800                NV_STORAGE_END_ADDRESS_C = ((NV_STORAGE_START_ADDRESS_C - (NV_STORAGE_MAX_SECTORS_C * NV_STORAGE_SECTOR_SIZE_C)) + 0x1)
                0x00000000                m_text_start = m_interrupts_start
                0x0007d7ff                m_text_end = (NV_STORAGE_END_ADDRESS_C - 0x1)
                0x20000000                m_interrupts_ram_start = __region_RAM2_start__
                0x200000bf                m_interrupts_ram_end = ((m_interrupts_ram_start + __ram_vector_table_size__) - 0x1)
                0x20017fff                __CSTACK_end__ = __region_RAM2_end__
                0x20017dff                __CSTACK_start__ = (__CSTACK_end__ - __size_cstack__)
                0x20017dfe                __HEAP_end__ = (__CSTACK_start__ - 0x1)
                0x20017dfa                __HEAP_start__ = ((__HEAP_end__ - __size_heap__) - 0x4)
                0x1fff8000                m_data1_start = __region_RAM1_start__
                0x1fffffff                m_data1_end = __region_RAM1_end__
                0x20000000                m_data2_start = m_interrupts_ram_start
                0x20017df9                m_data2_end = (__HEAP_start__ - 0x1)
                0x000000c0                __RAM_VECTOR_TABLE_SIZE = __ram_vector_table_size__
                0x20017dea                __BOOT_STACK_ADDRESS = (m_data2_end - 0xf)

.interrupts     0x00000000       0xc0
                0x00000000                __VECTOR_TABLE = .
                0x00000000                . = ALIGN (0x4)
 *(SORT_BY_ALIGNMENT(.isr_vector))
 .isr_vector    0x00000000       0xc0 ./startup/startup_MKW41Z4.o
                0x00000000                __isr_vector
                0x000000c0                . = ALIGN (0x4)

.freescale_prod_data
                0x0007f800        0x0
                0x0007f800                . = ALIGN (0x4)
 *(SORT_BY_ALIGNMENT(.FREESCALE_PROD_DATA))
                0x0007f800                . = ALIGN (0x4)

.flash_config   0x00000400       0x10
                0x00000400                . = ALIGN (0x4)
 *(SORT_BY_ALIGNMENT(.FlashConfig))
 .FlashConfig   0x00000400       0x10 ./startup/startup_MKW41Z4.o
                0x00000410                . = ALIGN (0x4)

.text           0x00000420    0x1f6b4
                0x00000420                . = ALIGN (0x4)
 *(SORT_BY_ALIGNMENT(.text))
 .text          0x00000420       0x48 d:/nxp/mcuxpressoide_11.6.0_8187/ide/plugins/com.nxp.mcuxpresso.tools.win32_11.6.0.202112161359/tools/bin/../lib/gcc/arm-none-eabi/10.3.1/thumb/v6-m/nofp/crtbegin.o
 .text          0x00000468       0x80 d:/nxp/mcuxpressoide_11.6.0_8187/ide/plugins/com.nxp.mcuxpresso.tools.win32_11.6.0.202112161359/tools/bin/../lib/gcc/arm-none-eabi/10.3.1/../../../../arm-none-eabi/lib/thumb/v6-m/nofp/crt0.o
                0x00000468                _stack_init
                0x00000474                _start
                0x00000474                _mainCRTStartup
 .text          0x000004e8       0xc0 ./startup/startup_MKW41Z4.o
                0x000004e8                Reset_Handler
                0x00000530                Radio_0_IRQHandler
                0x00000530                DMA0_DriverIRQHandler
                0x00000530                CMP0_IRQHandler
                0x00000530                DMA2_DriverIRQHandler
                0x00000530                TPM0_IRQHandler
                0x00000530                Radio_1_IRQHandler
                0x00000530                LLWU_IRQHandler
                0x00000530                TSI0_IRQHandler
                0x00000530                ADC0_IRQHandler
                0x00000530                CMT_IRQHandler
                0x00000530                LPTMR0_IRQHandler
                0x00000530                DefaultISR
                0x00000530                PORTB_PORTC_IRQHandler
                0x00000530                TPM2_IRQHandler
                0x00000530                RTC_IRQHandler
                0x00000530                LVD_LVW_DCDC_IRQHandler
                0x00000530                DMA3_DriverIRQHandler
                0x00000530                RTC_Seconds_IRQHandler
                0x00000530                MCG_IRQHandler
                0x00000530                TRNG0_IRQHandler
                0x00000530                Reserved20_IRQHandler
                0x00000530                LTC0_IRQHandler
                0x00000530                PIT_IRQHandler
                0x00000530                DMA1_DriverIRQHandler
                0x00000530                FTFA_IRQHandler
                0x00000530                PORTA_IRQHandler
                0x00000530                TPM1_IRQHandler
                0x00000530                DAC0_IRQHandler
                0x00000548                DMA0_IRQHandler
                0x0000054c                DMA1_IRQHandler
                0x00000550                DMA2_IRQHandler
                0x00000554                DMA3_IRQHandler
                0x00000558                I2C0_IRQHandler
                0x0000055c                I2C1_IRQHandler
                0x00000560                SPI0_IRQHandler
                0x00000564                LPUART0_IRQHandler
                0x00000568                SPI1_IRQHandler
 .text          0x000005a8      0x114 d:/nxp/mcuxpressoide_11.6.0_8187/ide/plugins/com.nxp.mcuxpresso.tools.win32_11.6.0.202112161359/tools/bin/../lib/gcc/arm-none-eabi/10.3.1/thumb/v6-m/nofp\libgcc.a(_udivsi3.o)
                0x000005a8                __aeabi_uidiv
                0x000005a8                __udivsi3
                0x000006b4                __aeabi_uidivmod
 .text          0x000006bc      0x1d4 d:/nxp/mcuxpressoide_11.6.0_8187/ide/plugins/com.nxp.mcuxpresso.tools.win32_11.6.0.202112161359/tools/bin/../lib/gcc/arm-none-eabi/10.3.1/thumb/v6-m/nofp\libgcc.a(_divsi3.o)
                0x000006bc                __divsi3
                0x000006bc                __aeabi_idiv
                0x00000888                __aeabi_idivmod
 .text          0x00000890        0x4 d:/nxp/mcuxpressoide_11.6.0_8187/ide/plugins/com.nxp.mcuxpresso.tools.win32_11.6.0.202112161359/tools/bin/../lib/gcc/arm-none-eabi/10.3.1/thumb/v6-m/nofp\libgcc.a(_dvmd_tls.o)
                0x00000890                __aeabi_idiv0
                0x00000890                __aeabi_ldiv0
 .text          0x00000894       0x74 d:/nxp/mcuxpressoide_11.6.0_8187/ide/plugins/com.nxp.mcuxpresso.tools.win32_11.6.0.202112161359/tools/bin/../lib/gcc/arm-none-eabi/10.3.1/thumb/v6-m/nofp\libgcc.a(_arm_cmpsf2.o)
                0x00000894                __aeabi_cfrcmple
                0x0000089c                __aeabi_cfcmpeq
                0x0000089c                __aeabi_cfcmple
                0x000008ac                __aeabi_fcmpeq
                0x000008b8                __aeabi_fcmplt
                0x000008cc                __aeabi_fcmple
                0x000008e0                __aeabi_fcmpgt
                0x000008f4                __aeabi_fcmpge
 .text          0x00000908       0x40 d:/nxp/mcuxpressoide_11.6.0_8187/ide/plugins/com.nxp.mcuxpresso.tools.win32_11.6.0.202112161359/tools/bin/../lib/gcc/arm-none-eabi/10.3.1/thumb/v6-m/nofp\libgcc.a(_aeabi_uldivmod.o)
                0x00000908                __aeabi_uldivmod
 .text          0x00000948       0x5c d:/nxp/mcuxpressoide_11.6.0_8187/ide/plugins/com.nxp.mcuxpresso.tools.win32_11.6.0.202112161359/tools/bin/../lib/gcc/arm-none-eabi/10.3.1/thumb/v6-m/nofp\libgcc.a(_muldi3.o)
                0x00000948                __muldi3
                0x00000948                __aeabi_lmul
 .text          0x000009a4       0x30 d:/nxp/mcuxpressoide_11.6.0_8187/ide/plugins/com.nxp.mcuxpresso.tools.win32_11.6.0.202112161359/tools/bin/../lib/gcc/arm-none-eabi/10.3.1/thumb/v6-m/nofp\libgcc.a(_fixunssfsi.o)
                0x000009a4                __fixunssfsi
                0x000009a4                __aeabi_f2uiz
 .text          0x000009d4      0x198 d:/nxp/mcuxpressoide_11.6.0_8187/ide/plugins/com.nxp.mcuxpresso.tools.win32_11.6.0.202112161359/tools/bin/../lib/gcc/arm-none-eabi/10.3.1/thumb/v6-m/nofp\libgcc.a(_udivmoddi4.o)
                0x000009d4                __udivmoddi4
 .text          0x00000b6c      0x33c d:/nxp/mcuxpressoide_11.6.0_8187/ide/plugins/com.nxp.mcuxpresso.tools.win32_11.6.0.202112161359/tools/bin/../lib/gcc/arm-none-eabi/10.3.1/thumb/v6-m/nofp\libgcc.a(addsf3.o)
                0x00000b6c                __aeabi_fadd
 .text          0x00000ea8      0x230 d:/nxp/mcuxpressoide_11.6.0_8187/ide/plugins/com.nxp.mcuxpresso.tools.win32_11.6.0.202112161359/tools/bin/../lib/gcc/arm-none-eabi/10.3.1/thumb/v6-m/nofp\libgcc.a(divsf3.o)
                0x00000ea8                __aeabi_fdiv
 .text          0x000010d8       0x4c d:/nxp/mcuxpressoide_11.6.0_8187/ide/plugins/com.nxp.mcuxpresso.tools.win32_11.6.0.202112161359/tools/bin/../lib/gcc/arm-none-eabi/10.3.1/thumb/v6-m/nofp\libgcc.a(eqsf2.o)
                0x000010d8                __eqsf2
                0x000010d8                __nesf2
 .text          0x00001124       0x8c d:/nxp/mcuxpressoide_11.6.0_8187/ide/plugins/com.nxp.mcuxpresso.tools.win32_11.6.0.202112161359/tools/bin/../lib/gcc/arm-none-eabi/10.3.1/thumb/v6-m/nofp\libgcc.a(gesf2.o)
                0x00001124                __gesf2
                0x00001124                __gtsf2
 .text          0x000011b0       0x88 d:/nxp/mcuxpressoide_11.6.0_8187/ide/plugins/com.nxp.mcuxpresso.tools.win32_11.6.0.202112161359/tools/bin/../lib/gcc/arm-none-eabi/10.3.1/thumb/v6-m/nofp\libgcc.a(lesf2.o)
                0x000011b0                __ltsf2
                0x000011b0                __lesf2
 .text          0x00001238      0x24c d:/nxp/mcuxpressoide_11.6.0_8187/ide/plugins/com.nxp.mcuxpresso.tools.win32_11.6.0.202112161359/tools/bin/../lib/gcc/arm-none-eabi/10.3.1/thumb/v6-m/nofp\libgcc.a(mulsf3.o)
                0x00001238                __aeabi_fmul
 .text          0x00001484      0x35c d:/nxp/mcuxpressoide_11.6.0_8187/ide/plugins/com.nxp.mcuxpresso.tools.win32_11.6.0.202112161359/tools/bin/../lib/gcc/arm-none-eabi/10.3.1/thumb/v6-m/nofp\libgcc.a(subsf3.o)
                0x00001484                __aeabi_fsub
 .text          0x000017e0       0x40 d:/nxp/mcuxpressoide_11.6.0_8187/ide/plugins/com.nxp.mcuxpresso.tools.win32_11.6.0.202112161359/tools/bin/../lib/gcc/arm-none-eabi/10.3.1/thumb/v6-m/nofp\libgcc.a(fixsfsi.o)
                0x000017e0                __aeabi_f2iz
 .text          0x00001820       0x9c d:/nxp/mcuxpressoide_11.6.0_8187/ide/plugins/com.nxp.mcuxpresso.tools.win32_11.6.0.202112161359/tools/bin/../lib/gcc/arm-none-eabi/10.3.1/thumb/v6-m/nofp\libgcc.a(floatsisf.o)
                0x00001820                __aeabi_i2f
 .text          0x000018bc       0x84 d:/nxp/mcuxpressoide_11.6.0_8187/ide/plugins/com.nxp.mcuxpresso.tools.win32_11.6.0.202112161359/tools/bin/../lib/gcc/arm-none-eabi/10.3.1/thumb/v6-m/nofp\libgcc.a(floatunsisf.o)
                0x000018bc                __aeabi_ui2f
 .text          0x00001940       0x3c d:/nxp/mcuxpressoide_11.6.0_8187/ide/plugins/com.nxp.mcuxpresso.tools.win32_11.6.0.202112161359/tools/bin/../lib/gcc/arm-none-eabi/10.3.1/thumb/v6-m/nofp\libgcc.a(_clzsi2.o)
                0x00001940                __clzsi2
 .text          0x0000197c       0x18 d:/nxp/mcuxpressoide_11.6.0_8187/ide/plugins/com.nxp.mcuxpresso.tools.win32_11.6.0.202112161359/tools/bin/../lib/gcc/arm-none-eabi/10.3.1/thumb/v6-m/nofp\libgcc.a(_clzdi2.o)
                0x0000197c                __clzdi2
 .text          0x00001994       0x38 D:\nxp\RSE\end_device_154\frdmkw41z_wireless_examples_ieee_802_15_4_mwa_end_device_freertos\libs\lib_crypto_m0.a(SW_RNG.o)
                0x00001994                SecLib_set_rng_seed
                0x000019a4                SecLib_get_random
 .text          0x000019cc      0x530 D:\nxp\RSE\end_device_154\frdmkw41z_wireless_examples_ieee_802_15_4_mwa_end_device_freertos\libs\lib802.15.4_mac_06_cm0.a(MacMain.o)
                0x000019cc                BindToMAC
                0x000019f8                UnBindFromMAC
                0x00001a14                MAC_EventSet
                0x00001a3e                Mac_Task
                0x00001b30                Mac_InitializeData
                0x00001bd4                Mac_RegisterSapHandlers
                0x00001be6                PD_MAC_SapHandler
                0x00001c08                PLME_MAC_SapHandler
                0x00001c10                NWK_MCPS_SapHandler
                0x00001c6c                NWK_MLME_SapHandler
                0x00001d14                Mlme_VerifyNwkInput
                0x00001e20                Mac_GetState
                0x00001e88                Dumy_MCPS_NWK_SapHandler
                0x00001e8c                Dumy_MLME_NWK_SapHandler
                0x00001e96                Mac_SetTrxLowPowerMode
                0x00001eca                Mac_SetTrxActiveMode
 .text          0x00001efc      0xc88 D:\nxp\RSE\end_device_154\frdmkw41z_wireless_examples_ieee_802_15_4_mwa_end_device_freertos\libs\lib802.15.4_mac_06_cm0.a(MacPib.o)
                0x00001efc                macInitPIBs
                0x00002208                macVerifySetReq
                0x0000230c                mlmeGetSetReq
                0x00002894                mlmeGetSizeOfPIB
                0x000029e2                Mac_SetPhyPIBs
                0x00002b12                Mac_SetExtendedAddress
                0x00002b40                Mac_GetExtendedAddress
 .text          0x00002b84      0x5a0 D:\nxp\RSE\end_device_154\frdmkw41z_wireless_examples_ieee_802_15_4_mwa_end_device_freertos\libs\lib802.15.4_mac_06_cm0.a(MacStateMachine.o)
                0x00002b84                Mac_TransactionExpire
                0x00002b90                Mac_PhyMsgHandler
                0x00002c50                Mac_NwkMsgHandler
                0x00002e84                Mac_McpsDataReqHandle
 .text          0x00003124      0x290 D:\nxp\RSE\end_device_154\frdmkw41z_wireless_examples_ieee_802_15_4_mwa_end_device_freertos\libs\lib802.15.4_mac_06_cm0.a(Poll.o)
                0x00003124                Poll_VerifyParameters
                0x00003162                Poll_InitSeq
                0x000031ca                Poll_SendStatus
                0x00003204                Poll_DataRx
                0x000032c0                Poll_SendConfirm
                0x00003358                Poll_Timeout
 .text          0x000033b4       0xdc D:\nxp\RSE\end_device_154\frdmkw41z_wireless_examples_ieee_802_15_4_mwa_end_device_freertos\libs\lib802.15.4_mac_06_cm0.a(RxEnable.o)
                0x000033b4                RxEnable_InitSeq
                0x0000340e                RxEnable_SetRx
                0x0000344e                RxEnable_Deactivate
 .text          0x00003490      0x670 D:\nxp\RSE\end_device_154\frdmkw41z_wireless_examples_ieee_802_15_4_mwa_end_device_freertos\libs\lib802.15.4_mac_06_cm0.a(Scan.o)
                0x00003490                Mac_ScanMsgHandler
                0x0000351e                Scan_StartFastEDScan
                0x00003550                Scan_StartEDScan
                0x000035c8                Scan_StartActivePassiveScan
                0x00003622                Scan_StartOrphanScan
                0x00003652                Scan_Advance
                0x00003674                Scan_StartTimer
                0x000036a0                Scan_FastEdAcquire
                0x000036f6                Scan_EdAcquire
                0x0000374a                Scan_ActivePassiveAcquire
                0x00003888                Scan_OrphanAcquire
 .text          0x00003b00      0x1b6 D:\nxp\RSE\end_device_154\frdmkw41z_wireless_examples_ieee_802_15_4_mwa_end_device_freertos\libs\lib802.15.4_mac_06_cm0.a(Start.o)
                0x00003b00                Start_VerifyParameters
                0x00003bc0                Start_InitSeq
                0x00003c06                Start_SetPIBs
                0x00003c66                CoordRealignment_SendStatus
                0x00003c8e                Start_SeqTerminate
 *fill*         0x00003cb6        0x2 
 .text          0x00003cb8      0x3c6 D:\nxp\RSE\end_device_154\frdmkw41z_wireless_examples_ieee_802_15_4_mwa_end_device_freertos\libs\lib802.15.4_mac_06_cm0.a(Association.o)
                0x00003cb8                Association_VerifyParameters
                0x00003d08                Association_InitSeq
                0x00003d6c                Association_TriggerPoll
                0x00003da6                AssociationPoll_SendStatus
                0x00003e40                AssociationPoll_DataRx
                0x00003f40                AssociationReq_SendStatus
                0x00003ffc                AssociationRes_VerifyParameters
                0x00004030                AssociationRes_SendStatus
 *fill*         0x0000407e        0x2 
 .text          0x00004080      0x710 D:\nxp\RSE\end_device_154\frdmkw41z_wireless_examples_ieee_802_15_4_mwa_end_device_freertos\libs\lib802.15.4_mac_06_cm0.a(DataRx.o)
                0x00004080                Mac_PreProcessDataIndication
                0x0000410c                Mac_ProcessDataIndication
                0x0000432c                Mac_ProcessBeaconFrame
                0x000044e0                Mac_CreateMcpsDataInd
                0x00004592                Mac_CreateMlmeCommStatusInd
                0x00004634                Mac_CreateMlmeSyncLossInd
                0x0000468e                Mac_IsPanIdConflict
                0x000046ec                Mac_IsMyCoordinator
                0x0000473e                Mac_PostponeActiveSeq
 .text          0x00004790      0x5d8 D:\nxp\RSE\end_device_154\frdmkw41z_wireless_examples_ieee_802_15_4_mwa_end_device_freertos\libs\lib802.15.4_mac_06_cm0.a(DataTx.o)
                0x00004790                DataTx_VerifyParameters
                0x00004806                DataTx_InitSeq
                0x000049f4                DataTx_SendData
                0x00004a28                DataTx_SendDataConfirm
                0x00004ac2                DataTx_SendEmptyFrame
                0x00004afc                DataTx_SendStatus
                0x00004c28                DataTx_CheckForExpirePackets
                0x00004cb4                Mac_GetRandomBackoff
                0x00004cd4                DataTx_CsmaCaRetry
                0x00004cfc                DataTx_Backoff
                0x00004d0e                DataTx_SendDataWithBackoff
                0x00004d5c                Mac_InitCsmaCaVariables
 .text          0x00004d68      0x10c D:\nxp\RSE\end_device_154\frdmkw41z_wireless_examples_ieee_802_15_4_mwa_end_device_freertos\libs\lib802.15.4_mac_06_cm0.a(Disassociation.o)
                0x00004d68                Disassociation_VerifyParameters
                0x00004df2                Disassociation_InitSeq
                0x00004e34                Disassociation_SendStatus
 .text          0x00004e74      0xca4 D:\nxp\RSE\end_device_154\frdmkw41z_wireless_examples_ieee_802_15_4_mwa_end_device_freertos\libs\lib802.15.4_mac_06_cm0.a(MacFrames.o)
                0x00004e74                FrameBuild_AssociationRequest
                0x00004edc                FrameBuild_AssociationResponse
                0x00004f5c                FrameBuild_DisassociationNotification
                0x00004fcc                FrameBuild_DataRequest
                0x00005082                FrameBuild_PanIdConflictNotification
                0x000050b4                FrameBuild_OrphanNotification
                0x000050e6                FrameBuild_BeaconRequest
                0x00005124                FrameBuild_CoordinatorRealignment
                0x00005250                FrameBuild_Beacon
                0x00005410                FrameBuild_Data
                0x00005698                FrameBuild_ZeroLengthPayload
                0x00005760                Mac_GetMacHeader
                0x00005844                Mac_GetMaxMsduLength
                0x00005874                Mac_GetOverheadSize
                0x000058c0                FrameBuild_Command
                0x00005b14                addrModeFieldLengthTable
 .text          0x00005b18       0x4c D:\nxp\RSE\end_device_154\frdmkw41z_wireless_examples_ieee_802_15_4_mwa_end_device_freertos\libs\lib802.15.4_mac_06_cm0.a(MacMem.o)
                0x00005b18                Mac_MemAllocZero
                0x00005b38                FrameAlloc
 .text          0x00005b64      0xa28 D:\nxp\RSE\end_device_154\frdmkw41z_wireless_examples_ieee_802_15_4_mwa_end_device_freertos\libs\lib802.15.4_mac_06_cm0.a(MacSec.o)
                0x00005b9c                Sec_DetermineASHLength
                0x00005bcc                keyIdModeToAshLengthTable
                0x00005d32                Sec_CheckBeaconSecurityParameters
                0x00005df0                Sec_SecureTxFrame
                0x00005fa8                Sec_CreateAuxSecHeader
                0x00006030                Sec_CheckRxSecLevel
                0x00006038                Sec_UnsecureRxFrame
 .text          0x0000658c       0x7c d:/nxp/mcuxpressoide_11.6.0_8187/ide/plugins/com.nxp.mcuxpresso.tools.win32_11.6.0.202112161359/tools/bin/../lib/gcc/arm-none-eabi/10.3.1/thumb/v6-m/nofp\libgcc.a(unaligned-funcs.o)
                0x0000658c                __aeabi_uread4
                0x000065a4                __aeabi_uwrite4
                0x000065b8                __aeabi_uread8
                0x000065e8                __aeabi_uwrite8
 .text          0x00006608       0xce D:\nxp\RSE\end_device_154\frdmkw41z_wireless_examples_ieee_802_15_4_mwa_end_device_freertos\libs\lib802.15.4_mac_06_cm0.a(Orphan.o)
                0x00006608                Orphan_VerifyParameters
                0x00006640                Orphan_InitSeq
                0x00006682                Orphan_SendStatus
 .text          0x000066d6      0x11c D:\nxp\RSE\end_device_154\frdmkw41z_wireless_examples_ieee_802_15_4_mwa_end_device_freertos\libs\lib802.15.4_mac_06_cm0.a(Reset.o)
                0x000066d6                mlmeResetReq
 .text          0x000067f2       0xfa D:\nxp\RSE\end_device_154\frdmkw41z_wireless_examples_ieee_802_15_4_mwa_end_device_freertos\libs\lib802.15.4_mac_06_cm0.a(MacSequenceMngr.o)
                0x000067f2                getFirstSequenceByChecksum
                0x0000680c                getLastSequenceByChecksum
                0x0000682c                getSequenceByDestination
                0x00006856                getSequenceByMsduHandle
                0x00006876                createNewSeq
                0x0000688c                getChecksum
                0x000068b8                getFreeIndex
 .text          0x000068ec       0x68 D:\nxp\RSE\end_device_154\frdmkw41z_wireless_examples_ieee_802_15_4_mwa_end_device_freertos\libs\lib802.15.4_mac_06_cm0.a(SecurityLib.o)
                0x000068ec                AES_128_CCM_Star
 *(SORT_BY_ALIGNMENT(.text*))
 *fill*         0x00006954        0xc 
 .text.vPortStartFirstTask
                0x00006960       0x38 ./freertos/port.o
 *fill*         0x00006998        0x8 
 .text.PendSV_Handler
                0x000069a0       0x48 ./freertos/port.o
                0x000069a0                PendSV_Handler
 .text.DbgConsole_Printf
                0x000069e8       0x44 ./utilities/fsl_debug_console.o
                0x000069e8                DbgConsole_Printf
 .text.DbgConsole_Putchar
                0x00006a2c       0x34 ./utilities/fsl_debug_console.o
                0x00006a2c                DbgConsole_Putchar
 .text.main_task
                0x00006a60       0xb0 ./source/mwa_end_device.o
                0x00006a60                main_task
 .text.App_Idle_Task
                0x00006b10       0x90 ./source/mwa_end_device.o
                0x00006b10                App_Idle_Task
 .text.App_init
                0x00006ba0      0x150 ./source/mwa_end_device.o
                0x00006ba0                App_init
 .text.AppThread
                0x00006cf0      0x7cc ./source/mwa_end_device.o
                0x00006cf0                AppThread
 .text.counter_increase
                0x000074bc       0x30 ./source/mwa_end_device.o
                0x000074bc                counter_increase
 .text.AppLEDS  0x000074ec       0x88 ./source/mwa_end_device.o
                0x000074ec                AppLEDS
 .text.UartRxCallBack
                0x00007574       0x64 ./source/mwa_end_device.o
 .text.App_StartScan
                0x000075d8       0xc4 ./source/mwa_end_device.o
 .text.App_HandleScanActiveConfirm
                0x0000769c       0xec ./source/mwa_end_device.o
 .text.App_SendAssociateRequest
                0x00007788       0xe4 ./source/mwa_end_device.o
 .text.App_HandleAssociateConfirm
                0x0000786c       0x64 ./source/mwa_end_device.o
 .text.App_HandleMlmeInput
                0x000078d0       0xac ./source/mwa_end_device.o
 .text.App_HandleMcpsInput
                0x0000797c       0x6c ./source/mwa_end_device.o
 .text.App_TransmitUartData
                0x000079e8      0x184 ./source/mwa_end_device.o
 .text.AppPollWaitTimeout
                0x00007b6c       0xac ./source/mwa_end_device.o
 .text.App_HandleKeys
                0x00007c18       0x5c ./source/mwa_end_device.o
 .text.MLME_NWK_SapHandler
                0x00007c74       0x34 ./source/mwa_end_device.o
                0x00007c74                MLME_NWK_SapHandler
 .text.MCPS_NWK_SapHandler
                0x00007ca8       0x34 ./source/mwa_end_device.o
                0x00007ca8                MCPS_NWK_SapHandler
 .text.HardFault_Handler
                0x00007cdc       0x30 ./source/semihost_hardfault.o
                0x00007cdc                HardFault_Handler
 .text.NVIC_EnableIRQ
                0x00007d0c       0x2c ./ieee_802.15.4/phy/source/MKW41Z/PhyISR.o
 .text.NVIC_SetPendingIRQ
                0x00007d38       0x30 ./ieee_802.15.4/phy/source/MKW41Z/PhyISR.o
 .text.NVIC_ClearPendingIRQ
                0x00007d68       0x30 ./ieee_802.15.4/phy/source/MKW41Z/PhyISR.o
 .text.NVIC_SetPriority
                0x00007d98       0xdc ./ieee_802.15.4/phy/source/MKW41Z/PhyISR.o
 .text.ProtectFromXcvrInterrupt
                0x00007e74       0x3c ./ieee_802.15.4/phy/source/MKW41Z/PhyISR.o
                0x00007e74                ProtectFromXcvrInterrupt
 .text.UnprotectFromXcvrInterrupt
                0x00007eb0       0x44 ./ieee_802.15.4/phy/source/MKW41Z/PhyISR.o
                0x00007eb0                UnprotectFromXcvrInterrupt
 .text.PhyIsrPassRxParams
                0x00007ef4       0x1c ./ieee_802.15.4/phy/source/MKW41Z/PhyISR.o
                0x00007ef4                PhyIsrPassRxParams
 .text.PhyIsrSeqCleanup
                0x00007f10       0x5c ./ieee_802.15.4/phy/source/MKW41Z/PhyISR.o
 .text.PhyIsrTimeoutCleanup
                0x00007f6c       0x60 ./ieee_802.15.4/phy/source/MKW41Z/PhyISR.o
 .text.Phy_GetEnergyLevel
                0x00007fcc       0x58 ./ieee_802.15.4/phy/source/MKW41Z/PhyISR.o
                0x00007fcc                Phy_GetEnergyLevel
 .text.PHY_InterruptHandler
                0x00008024      0x368 ./ieee_802.15.4/phy/source/MKW41Z/PhyISR.o
                0x00008024                PHY_InterruptHandler
 .text.PHY_InstallIsr
                0x0000838c       0x30 ./ieee_802.15.4/phy/source/MKW41Z/PhyISR.o
                0x0000838c                PHY_InstallIsr
 .text.Phy_GetRxParams
                0x000083bc       0x74 ./ieee_802.15.4/phy/source/MKW41Z/PhyISR.o
 .text.PhyHwInit
                0x00008430      0x13c ./ieee_802.15.4/phy/source/MKW41Z/PhyPacketProcessor.o
                0x00008430                PhyHwInit
 .text.PhyAbort
                0x0000856c       0xb4 ./ieee_802.15.4/phy/source/MKW41Z/PhyPacketProcessor.o
                0x0000856c                PhyAbort
 .text.PhyPpGetState
                0x00008620       0x1c ./ieee_802.15.4/phy/source/MKW41Z/PhyPacketProcessor.o
                0x00008620                PhyPpGetState
 .text.PhyPpSetPanId
                0x0000863c       0x70 ./ieee_802.15.4/phy/source/MKW41Z/PhyPacketProcessor.o
                0x0000863c                PhyPpSetPanId
 .text.PhyPpSetShortAddr
                0x000086ac       0x70 ./ieee_802.15.4/phy/source/MKW41Z/PhyPacketProcessor.o
                0x000086ac                PhyPpSetShortAddr
 .text.PhyPpSetLongAddr
                0x0000871c       0x60 ./ieee_802.15.4/phy/source/MKW41Z/PhyPacketProcessor.o
                0x0000871c                PhyPpSetLongAddr
 .text.PhyPpSetMacRole
                0x0000877c       0x90 ./ieee_802.15.4/phy/source/MKW41Z/PhyPacketProcessor.o
                0x0000877c                PhyPpSetMacRole
 .text.PhyPpSetPromiscuous
                0x0000880c       0x5c ./ieee_802.15.4/phy/source/MKW41Z/PhyPacketProcessor.o
                0x0000880c                PhyPpSetPromiscuous
 .text.PhyPp_IndirectQueueInsert
                0x00008868       0x6c ./ieee_802.15.4/phy/source/MKW41Z/PhyPacketProcessor.o
                0x00008868                PhyPp_IndirectQueueInsert
 .text.PhyPp_RemoveFromIndirect
                0x000088d4       0x60 ./ieee_802.15.4/phy/source/MKW41Z/PhyPacketProcessor.o
                0x000088d4                PhyPp_RemoveFromIndirect
 .text.PhyPpIsTxAckDataPending
                0x00008934       0x4c ./ieee_802.15.4/phy/source/MKW41Z/PhyPacketProcessor.o
                0x00008934                PhyPpIsTxAckDataPending
 .text.PhyPlmeSetPwrState
                0x00008980      0x128 ./ieee_802.15.4/phy/source/MKW41Z/PhyPacketProcessor.o
                0x00008980                PhyPlmeSetPwrState
 .text.PhyPdDataRequest
                0x00008aa8      0x1b0 ./ieee_802.15.4/phy/source/MKW41Z/PhyPlmeData.o
                0x00008aa8                PhyPdDataRequest
 .text.PhyPlmeRxRequest
                0x00008c58      0x16c ./ieee_802.15.4/phy/source/MKW41Z/PhyPlmeData.o
                0x00008c58                PhyPlmeRxRequest
 .text.PhyPlmeCcaEdRequest
                0x00008dc4      0x11c ./ieee_802.15.4/phy/source/MKW41Z/PhyPlmeData.o
                0x00008dc4                PhyPlmeCcaEdRequest
 .text.PhyPlmeSetCurrentChannelRequest
                0x00008ee0       0x8c ./ieee_802.15.4/phy/source/MKW41Z/PhyPlmeData.o
                0x00008ee0                PhyPlmeSetCurrentChannelRequest
 .text.PhyPlmeGetCurrentChannelRequest
                0x00008f6c       0x3c ./ieee_802.15.4/phy/source/MKW41Z/PhyPlmeData.o
                0x00008f6c                PhyPlmeGetCurrentChannelRequest
 .text.PhyPlmeSetPwrLevelRequest
                0x00008fa8       0x7c ./ieee_802.15.4/phy/source/MKW41Z/PhyPlmeData.o
                0x00008fa8                PhyPlmeSetPwrLevelRequest
 .text.PhyPlmeGetPwrLevelRequest
                0x00009024       0x34 ./ieee_802.15.4/phy/source/MKW41Z/PhyPlmeData.o
                0x00009024                PhyPlmeGetPwrLevelRequest
 .text.PhyPlmeSetPIBRequest
                0x00009058      0x1d0 ./ieee_802.15.4/phy/source/MKW41Z/PhyPlmeData.o
                0x00009058                PhyPlmeSetPIBRequest
 .text.PhyPlmeGetPIBRequest
                0x00009228      0x3c0 ./ieee_802.15.4/phy/source/MKW41Z/PhyPlmeData.o
                0x00009228                PhyPlmeGetPIBRequest
 .text.PhyRxRetry
                0x000095e8       0x74 ./ieee_802.15.4/phy/source/MKW41Z/PhyPlmeData.o
 .text.Phy_Init
                0x0000965c       0x40 ./ieee_802.15.4/phy/source/MKW41Z/PhyStateMachine.o
                0x0000965c                Phy_Init
 .text.Phy_RegisterSapHandlers
                0x0000969c       0x24 ./ieee_802.15.4/phy/source/MKW41Z/PhyStateMachine.o
                0x0000969c                Phy_RegisterSapHandlers
 .text.Phy24Task
                0x000096c0      0x260 ./ieee_802.15.4/phy/source/MKW41Z/PhyStateMachine.o
 .text.MAC_PD_SapHandler
                0x00009920       0xb0 ./ieee_802.15.4/phy/source/MKW41Z/PhyStateMachine.o
                0x00009920                MAC_PD_SapHandler
 .text.MAC_PLME_SapHandler
                0x000099d0      0x194 ./ieee_802.15.4/phy/source/MKW41Z/PhyStateMachine.o
                0x000099d0                MAC_PLME_SapHandler
 .text.Phy_HandlePdDataReq
                0x00009b64      0x188 ./ieee_802.15.4/phy/source/MKW41Z/PhyStateMachine.o
 .text.Phy_EnterIdle
                0x00009cec       0x88 ./ieee_802.15.4/phy/source/MKW41Z/PhyStateMachine.o
 .text.PhyPlmeSetFrameWaitTime
                0x00009d74       0x1c ./ieee_802.15.4/phy/source/MKW41Z/PhyStateMachine.o
                0x00009d74                PhyPlmeSetFrameWaitTime
 .text.PhyPlmeSetRxOnWhenIdle
                0x00009d90       0x88 ./ieee_802.15.4/phy/source/MKW41Z/PhyStateMachine.o
                0x00009d90                PhyPlmeSetRxOnWhenIdle
 .text.PhyIsIdleRx
                0x00009e18       0x4c ./ieee_802.15.4/phy/source/MKW41Z/PhyStateMachine.o
                0x00009e18                PhyIsIdleRx
 .text.Radio_Phy_PdDataConfirm
                0x00009e64       0x94 ./ieee_802.15.4/phy/source/MKW41Z/PhyStateMachine.o
                0x00009e64                Radio_Phy_PdDataConfirm
 .text.Radio_Phy_PdDataIndication
                0x00009ef8       0x24 ./ieee_802.15.4/phy/source/MKW41Z/PhyStateMachine.o
                0x00009ef8                Radio_Phy_PdDataIndication
 .text.Radio_Phy_PlmeCcaConfirm
                0x00009f1c       0x34 ./ieee_802.15.4/phy/source/MKW41Z/PhyStateMachine.o
                0x00009f1c                Radio_Phy_PlmeCcaConfirm
 .text.Radio_Phy_PlmeEdConfirm
                0x00009f50       0x34 ./ieee_802.15.4/phy/source/MKW41Z/PhyStateMachine.o
                0x00009f50                Radio_Phy_PlmeEdConfirm
 .text.Radio_Phy_TimeRxTimeoutIndication
                0x00009f84       0x30 ./ieee_802.15.4/phy/source/MKW41Z/PhyStateMachine.o
                0x00009f84                Radio_Phy_TimeRxTimeoutIndication
 .text.Radio_Phy_PlmeRxWatermark
                0x00009fb4       0xb8 ./ieee_802.15.4/phy/source/MKW41Z/PhyStateMachine.o
                0x00009fb4                Radio_Phy_PlmeRxWatermark
 .text.Radio_Phy_PlmeFilterFailRx
                0x0000a06c       0x54 ./ieee_802.15.4/phy/source/MKW41Z/PhyStateMachine.o
                0x0000a06c                Radio_Phy_PlmeFilterFailRx
 .text.PLME_SendMessage
                0x0000a0c0       0xd4 ./ieee_802.15.4/phy/source/MKW41Z/PhyStateMachine.o
 .text.PD_SendMessage
                0x0000a194      0x268 ./ieee_802.15.4/phy/source/MKW41Z/PhyStateMachine.o
 .text.Phy_SendLatePLME
                0x0000a3fc       0x24 ./ieee_802.15.4/phy/source/MKW41Z/PhyStateMachine.o
 .text.Phy_SendLatePD
                0x0000a420       0x24 ./ieee_802.15.4/phy/source/MKW41Z/PhyStateMachine.o
 .text.Radio_Phy_Notify
                0x0000a444       0x18 ./ieee_802.15.4/phy/source/MKW41Z/PhyStateMachine.o
                0x0000a444                Radio_Phy_Notify
 .text.PhyTimeSetEventTrigger
                0x0000a45c       0x68 ./ieee_802.15.4/phy/source/MKW41Z/PhyTime.o
                0x0000a45c                PhyTimeSetEventTrigger
 .text.PhyTimeDisableEventTrigger
                0x0000a4c4       0x5c ./ieee_802.15.4/phy/source/MKW41Z/PhyTime.o
                0x0000a4c4                PhyTimeDisableEventTrigger
 .text.PhyTimeSetEventTimeout
                0x0000a520       0x74 ./ieee_802.15.4/phy/source/MKW41Z/PhyTime.o
                0x0000a520                PhyTimeSetEventTimeout
 .text.PhyTimeGetEventTimeout
                0x0000a594       0x20 ./ieee_802.15.4/phy/source/MKW41Z/PhyTime.o
                0x0000a594                PhyTimeGetEventTimeout
 .text.PhyTimeDisableEventTimeout
                0x0000a5b4       0x60 ./ieee_802.15.4/phy/source/MKW41Z/PhyTime.o
                0x0000a5b4                PhyTimeDisableEventTimeout
 .text.PhyTimeReadClock
                0x0000a614       0x28 ./ieee_802.15.4/phy/source/MKW41Z/PhyTime.o
                0x0000a614                PhyTimeReadClock
 .text.PhyTimeSetWaitTimeout
                0x0000a63c       0x6c ./ieee_802.15.4/phy/source/MKW41Z/PhyTime.o
                0x0000a63c                PhyTimeSetWaitTimeout
 .text.PhyTimeDisableWaitTimeout
                0x0000a6a8       0x50 ./ieee_802.15.4/phy/source/MKW41Z/PhyTime.o
                0x0000a6a8                PhyTimeDisableWaitTimeout
 .text.PhyTime_ISR
                0x0000a6f8       0x54 ./ieee_802.15.4/phy/source/MKW41Z/PhyTime.o
                0x0000a6f8                PhyTime_ISR
 .text.PhyTime_TimerInit
                0x0000a74c       0x90 ./ieee_802.15.4/phy/source/MKW41Z/PhyTime.o
                0x0000a74c                PhyTime_TimerInit
 .text.PhyTime_GetTimestamp
                0x0000a7dc       0x80 ./ieee_802.15.4/phy/source/MKW41Z/PhyTime.o
                0x0000a7dc                PhyTime_GetTimestamp
 .text.PhyTime_ScheduleEvent
                0x0000a85c       0xe8 ./ieee_802.15.4/phy/source/MKW41Z/PhyTime.o
                0x0000a85c                PhyTime_ScheduleEvent
 .text.PhyTime_CancelEvent
                0x0000a944       0xa4 ./ieee_802.15.4/phy/source/MKW41Z/PhyTime.o
                0x0000a944                PhyTime_CancelEvent
 .text.PhyTime_CancelEventsWithParam
                0x0000a9e8       0xac ./ieee_802.15.4/phy/source/MKW41Z/PhyTime.o
                0x0000a9e8                PhyTime_CancelEventsWithParam
 .text.PhyTime_RunCallback
                0x0000aa94       0x70 ./ieee_802.15.4/phy/source/MKW41Z/PhyTime.o
                0x0000aa94                PhyTime_RunCallback
 .text.PhyTime_Maintenance
                0x0000ab04       0xa8 ./ieee_802.15.4/phy/source/MKW41Z/PhyTime.o
                0x0000ab04                PhyTime_Maintenance
 .text.PhyTime_OverflowCB
                0x0000abac       0x50 ./ieee_802.15.4/phy/source/MKW41Z/PhyTime.o
 .text.PhyTime_GetNextEvent
                0x0000abfc       0x74 ./ieee_802.15.4/phy/source/MKW41Z/PhyTime.o
 .text.MAC_Init
                0x0000ac70       0x68 ./ieee_802.15.4/mac/source/App/MacGlobals.o
                0x0000ac70                MAC_Init
 .text.xEventGroupSetBitsFromISR
                0x0000acd8       0x2c ./freertos/event_groups.o
                0x0000acd8                xEventGroupSetBitsFromISR
 .text.prvSetupTimerInterrupt
                0x0000ad04       0x40 ./freertos/fsl_tickless_lptmr.o
                0x0000ad04                prvSetupTimerInterrupt
 .text.pvPortMalloc
                0x0000ad44      0x14c ./freertos/heap_4.o
                0x0000ad44                pvPortMalloc
 .text.vPortFree
                0x0000ae90       0x90 ./freertos/heap_4.o
                0x0000ae90                vPortFree
 .text.prvHeapInit
                0x0000af20       0xc0 ./freertos/heap_4.o
 .text.prvInsertBlockIntoFreeList
                0x0000afe0       0xb0 ./freertos/heap_4.o
 .text.pxPortInitialiseStack
                0x0000b090       0x54 ./freertos/port.o
                0x0000b090                pxPortInitialiseStack
 .text.prvTaskExitError
                0x0000b0e4       0x18 ./freertos/port.o
 .text.xPortStartScheduler
                0x0000b0fc       0x44 ./freertos/port.o
                0x0000b0fc                xPortStartScheduler
 .text.vPortYield
                0x0000b140       0x20 ./freertos/port.o
                0x0000b140                vPortYield
 .text.vPortEnterCritical
                0x0000b160       0x24 ./freertos/port.o
                0x0000b160                vPortEnterCritical
 .text.vPortExitCritical
                0x0000b184       0x30 ./freertos/port.o
                0x0000b184                vPortExitCritical
 .text.SysTick_Handler
                0x0000b1b4       0x34 ./freertos/port.o
                0x0000b1b4                SysTick_Handler
 .text.vQueueAddToRegistry
                0x0000b1e8       0x50 ./freertos/queue.o
                0x0000b1e8                vQueueAddToRegistry
 .text.prvInitialiseNewTask
                0x0000b238      0x12c ./freertos/tasks.o
 .text.prvAddNewTaskToReadyList
                0x0000b364       0xd0 ./freertos/tasks.o
 .text.vTaskStartScheduler
                0x0000b434       0x78 ./freertos/tasks.o
                0x0000b434                vTaskStartScheduler
 .text.vTaskSuspendAll
                0x0000b4ac       0x18 ./freertos/tasks.o
                0x0000b4ac                vTaskSuspendAll
 .text.xTaskResumeAll
                0x0000b4c4      0x118 ./freertos/tasks.o
                0x0000b4c4                xTaskResumeAll
 .text.xTaskGetTickCount
                0x0000b5dc       0x1c ./freertos/tasks.o
                0x0000b5dc                xTaskGetTickCount
 .text.xTaskIncrementTick
                0x0000b5f8      0x14c ./freertos/tasks.o
                0x0000b5f8                xTaskIncrementTick
 .text.vTaskSwitchContext
                0x0000b744       0xa4 ./freertos/tasks.o
                0x0000b744                vTaskSwitchContext
 .text.vTaskPlaceOnEventList
                0x0000b7e8       0x3c ./freertos/tasks.o
                0x0000b7e8                vTaskPlaceOnEventList
 .text.vTaskPlaceOnUnorderedEventList
                0x0000b824       0x5c ./freertos/tasks.o
                0x0000b824                vTaskPlaceOnUnorderedEventList
 .text.vTaskPlaceOnEventListRestricted
                0x0000b880       0x4c ./freertos/tasks.o
                0x0000b880                vTaskPlaceOnEventListRestricted
 .text.xTaskRemoveFromEventList
                0x0000b8cc       0xb8 ./freertos/tasks.o
                0x0000b8cc                xTaskRemoveFromEventList
 .text.xTaskRemoveFromUnorderedEventList
                0x0000b984       0xb0 ./freertos/tasks.o
                0x0000b984                xTaskRemoveFromUnorderedEventList
 .text.vTaskSetTimeOutState
                0x0000ba34       0x34 ./freertos/tasks.o
                0x0000ba34                vTaskSetTimeOutState
 .text.xTaskCheckForTimeOut
                0x0000ba68       0x9c ./freertos/tasks.o
                0x0000ba68                xTaskCheckForTimeOut
 .text.vTaskMissedYield
                0x0000bb04       0x14 ./freertos/tasks.o
                0x0000bb04                vTaskMissedYield
 .text.prvIdleTask
                0x0000bb18       0x20 ./freertos/tasks.o
 .text.prvInitialiseTaskLists
                0x0000bb38       0x88 ./freertos/tasks.o
 .text.prvCheckTasksWaitingTermination
                0x0000bbc0       0x78 ./freertos/tasks.o
 .text.prvResetNextTaskUnblockTime
                0x0000bc38       0x48 ./freertos/tasks.o
 .text.xTaskGetCurrentTaskHandle
                0x0000bc80       0x1c ./freertos/tasks.o
                0x0000bc80                xTaskGetCurrentTaskHandle
 .text.xTaskGetSchedulerState
                0x0000bc9c       0x38 ./freertos/tasks.o
                0x0000bc9c                xTaskGetSchedulerState
 .text.vTaskPriorityInherit
                0x0000bcd4       0xbc ./freertos/tasks.o
                0x0000bcd4                vTaskPriorityInherit
 .text.xTaskPriorityDisinherit
                0x0000bd90       0xb8 ./freertos/tasks.o
                0x0000bd90                xTaskPriorityDisinherit
 .text.uxTaskResetEventItemValue
                0x0000be48       0x2c ./freertos/tasks.o
                0x0000be48                uxTaskResetEventItemValue
 .text.pvTaskIncrementMutexHeldCount
                0x0000be74       0x24 ./freertos/tasks.o
                0x0000be74                pvTaskIncrementMutexHeldCount
 .text.prvAddCurrentTaskToDelayedList
                0x0000be98       0xa8 ./freertos/tasks.o
 .text.xTimerCreateTimerTask
                0x0000bf40       0x54 ./freertos/timers.o
                0x0000bf40                xTimerCreateTimerTask
 .text.xTimerGenericCommand
                0x0000bf94       0x94 ./freertos/timers.o
                0x0000bf94                xTimerGenericCommand
 .text.prvProcessExpiredTimer
                0x0000c028       0x70 ./freertos/timers.o
 .text.prvProcessTimerOrBlockTask
                0x0000c098       0x8c ./freertos/timers.o
 .text.prvGetNextExpireTime
                0x0000c124       0x40 ./freertos/timers.o
 .text.prvSampleTimeNow
                0x0000c164       0x40 ./freertos/timers.o
 .text.prvInsertTimerInActiveList
                0x0000c1a4       0x84 ./freertos/timers.o
 .text.prvProcessReceivedCommands
                0x0000c228      0x128 ./freertos/timers.o
 .text.prvSwitchTimerLists
                0x0000c350       0xb4 ./freertos/timers.o
 .text.prvCheckForValidListAndQueue
                0x0000c404       0x74 ./freertos/timers.o
 .text.xTimerPendFunctionCallFromISR
                0x0000c478       0x4c ./freertos/timers.o
                0x0000c478                xTimerPendFunctionCallFromISR
 .text.XCVR_Init
                0x0000c4c4      0x128 ./framework/XCVR/MKW41Z4/fsl_xcvr.o
                0x0000c4c4                XCVR_Init
 .text.XCVR_GetDefaultConfig
                0x0000c5ec      0x174 ./framework/XCVR/MKW41Z4/fsl_xcvr.o
                0x0000c5ec                XCVR_GetDefaultConfig
 .text.XCVR_Configure
                0x0000c760      0x98c ./framework/XCVR/MKW41Z4/fsl_xcvr.o
                0x0000c760                XCVR_Configure
 .text.XcvrPanic
                0x0000d0ec       0x40 ./framework/XCVR/MKW41Z4/fsl_xcvr.o
                0x0000d0ec                XcvrPanic
 .text.XCVR_SetXtalTrim
                0x0000d12c       0x64 ./framework/XCVR/MKW41Z4/fsl_xcvr.o
                0x0000d12c                XCVR_SetXtalTrim
 .text.XCVR_OverrideChannel
                0x0000d190      0x140 ./framework/XCVR/MKW41Z4/fsl_xcvr.o
                0x0000d190                XCVR_OverrideChannel
 .text.XCVR_ForceRxWu
                0x0000d2d0       0x1c ./framework/XCVR/MKW41Z4/fsl_xcvr.o
                0x0000d2d0                XCVR_ForceRxWu
 .text.XCVR_ForceRxWd
                0x0000d2ec       0x1c ./framework/XCVR/MKW41Z4/fsl_xcvr.o
                0x0000d2ec                XCVR_ForceRxWd
 .text.calc_dcoc_dac_step
                0x0000d308       0x88 ./framework/XCVR/MKW41Z4/fsl_xcvr_trim.o
                0x0000d308                calc_dcoc_dac_step
 .text.rx_dc_est_average
                0x0000d390      0x1a0 ./framework/XCVR/MKW41Z4/fsl_xcvr_trim.o
                0x0000d390                rx_dc_est_average
 .text.rx_bba_dcoc_dac_trim_DCest
                0x0000d530      0x7bc ./framework/XCVR/MKW41Z4/fsl_xcvr_trim.o
                0x0000d530                rx_bba_dcoc_dac_trim_DCest
 .text.DCOC_DAC_INIT_Cal
                0x0000dcec      0x5f0 ./framework/XCVR/MKW41Z4/fsl_xcvr_trim.o
                0x0000dcec                DCOC_DAC_INIT_Cal
 .text.read_first_ifr_word
                0x0000e2dc       0x20 ./framework/XCVR/MKW41Z4/ifr_radio.o
                0x0000e2dc                read_first_ifr_word
 .text.read_another_ifr_word
                0x0000e2fc       0x2c ./framework/XCVR/MKW41Z4/ifr_radio.o
                0x0000e2fc                read_another_ifr_word
 .text.read_resource_ifr
                0x0000e328       0xd4 ./framework/XCVR/MKW41Z4/ifr_radio.o
                0x0000e328                read_resource_ifr
 .text.handle_ifr
                0x0000e3fc      0x184 ./framework/XCVR/MKW41Z4/ifr_radio.o
                0x0000e3fc                handle_ifr
 .text.NVIC_EnableIRQ
                0x0000e580       0x2c ./framework/TimersManager/Source/TMR_Adapter.o
 .text.NVIC_ClearPendingIRQ
                0x0000e5ac       0x30 ./framework/TimersManager/Source/TMR_Adapter.o
 .text.NVIC_SetPriority
                0x0000e5dc       0xdc ./framework/TimersManager/Source/TMR_Adapter.o
 .text.StackTimer_Init
                0x0000e6b8       0x98 ./framework/TimersManager/Source/TMR_Adapter.o
                0x0000e6b8                StackTimer_Init
 .text.StackTimer_Enable
                0x0000e750       0x1c ./framework/TimersManager/Source/TMR_Adapter.o
                0x0000e750                StackTimer_Enable
 .text.StackTimer_Disable
                0x0000e76c       0x18 ./framework/TimersManager/Source/TMR_Adapter.o
                0x0000e76c                StackTimer_Disable
 .text.StackTimer_GetCounterValue
                0x0000e784       0x14 ./framework/TimersManager/Source/TMR_Adapter.o
                0x0000e784                StackTimer_GetCounterValue
 .text.StackTimer_SetOffsetTicks
                0x0000e798       0x24 ./framework/TimersManager/Source/TMR_Adapter.o
                0x0000e798                StackTimer_SetOffsetTicks
 .text.StackTimer_ClearIntFlag
                0x0000e7bc       0x30 ./framework/TimersManager/Source/TMR_Adapter.o
                0x0000e7bc                StackTimer_ClearIntFlag
 .text.TMR_GetTimerStatus
                0x0000e7ec       0x28 ./framework/TimersManager/Source/TimersManager.o
 .text.TMR_SetTimerStatus
                0x0000e814       0x44 ./framework/TimersManager/Source/TimersManager.o
 .text.TMR_GetTimerType
                0x0000e858       0x28 ./framework/TimersManager/Source/TimersManager.o
 .text.TMR_SetTimerType
                0x0000e880       0x44 ./framework/TimersManager/Source/TimersManager.o
 .text.TmrTicksFromMilliseconds
                0x0000e8c4       0x48 ./framework/TimersManager/Source/TimersManager.o
                0x0000e8c4                TmrTicksFromMilliseconds
 .text.TMR_Init
                0x0000e90c       0x80 ./framework/TimersManager/Source/TimersManager.o
                0x0000e90c                TMR_Init
 .text.TMR_NotifyClkChanged
                0x0000e98c       0x44 ./framework/TimersManager/Source/TimersManager.o
                0x0000e98c                TMR_NotifyClkChanged
 .text.TMR_AllocateTimer
                0x0000e9d0       0x50 ./framework/TimersManager/Source/TimersManager.o
                0x0000e9d0                TMR_AllocateTimer
 .text.TMR_AreAllTimersOff
                0x0000ea20       0x18 ./framework/TimersManager/Source/TimersManager.o
                0x0000ea20                TMR_AreAllTimersOff
 .text.StackTimer_ISR
                0x0000ea38       0x24 ./framework/TimersManager/Source/TimersManager.o
 .text.TMR_StartTimer
                0x0000ea5c       0xe8 ./framework/TimersManager/Source/TimersManager.o
                0x0000ea5c                TMR_StartTimer
 .text.TMR_StopTimer
                0x0000eb44       0xe8 ./framework/TimersManager/Source/TimersManager.o
                0x0000eb44                TMR_StopTimer
 .text.TMR_Task
                0x0000ec2c      0x4fc ./framework/TimersManager/Source/TimersManager.o
                0x0000ec2c                TMR_Task
 .text.TMR_EnableTimer
                0x0000f128       0x84 ./framework/TimersManager/Source/TimersManager.o
                0x0000f128                TMR_EnableTimer
 .text.TMR_NotCountedTicksBeforeSleep
                0x0000f1ac       0x50 ./framework/TimersManager/Source/TimersManager.o
                0x0000f1ac                TMR_NotCountedTicksBeforeSleep
 .text.TMR_SyncLpmTimers
                0x0000f1fc       0xe0 ./framework/TimersManager/Source/TimersManager.o
                0x0000f1fc                TMR_SyncLpmTimers
 .text.TMR_MakeTMRThreadReady
                0x0000f2dc       0x20 ./framework/TimersManager/Source/TimersManager.o
                0x0000f2dc                TMR_MakeTMRThreadReady
 .text.TMR_GetTimerFreq
                0x0000f2fc       0x14 ./framework/TimersManager/Source/TimersManager.o
                0x0000f2fc                TMR_GetTimerFreq
 .text.TMR_PITGetTimestamp
                0x0000f310      0x1a4 ./framework/TimersManager/Source/TimersManager.o
                0x0000f310                TMR_PITGetTimestamp
 .text.NVIC_EnableIRQ
                0x0000f4b4       0x2c ./framework/SerialManager/Source/UART_Adapter/UART_Adapter.o
 .text.NVIC_SetPriority
                0x0000f4e0       0xdc ./framework/SerialManager/Source/UART_Adapter/UART_Adapter.o
 .text.LPUART_Initialize
                0x0000f5bc       0xe8 ./framework/SerialManager/Source/UART_Adapter/UART_Adapter.o
                0x0000f5bc                LPUART_Initialize
 .text.LPUART_SetBaudrate
                0x0000f6a4       0x44 ./framework/SerialManager/Source/UART_Adapter/UART_Adapter.o
                0x0000f6a4                LPUART_SetBaudrate
 .text.LPUART_SendData
                0x0000f6e8       0xc0 ./framework/SerialManager/Source/UART_Adapter/UART_Adapter.o
                0x0000f6e8                LPUART_SendData
 .text.LPUART_InstallRxCalback
                0x0000f7a8       0x44 ./framework/SerialManager/Source/UART_Adapter/UART_Adapter.o
                0x0000f7a8                LPUART_InstallRxCalback
 .text.LPUART_InstallTxCalback
                0x0000f7ec       0x44 ./framework/SerialManager/Source/UART_Adapter/UART_Adapter.o
                0x0000f7ec                LPUART_InstallTxCalback
 .text.LPUART_IsTxActive
                0x0000f830       0x58 ./framework/SerialManager/Source/UART_Adapter/UART_Adapter.o
                0x0000f830                LPUART_IsTxActive
 .text.LPUART_ISR
                0x0000f888      0x17c ./framework/SerialManager/Source/UART_Adapter/UART_Adapter.o
 .text.SerialManager_Init
                0x0000fa04       0x80 ./framework/SerialManager/Source/SerialManager.o
                0x0000fa04                SerialManager_Init
 .text.SerialManagerTask
                0x0000fa84      0x1c4 ./framework/SerialManager/Source/SerialManager.o
                0x0000fa84                SerialManagerTask
 .text.Serial_InitInterface
                0x0000fc48      0x190 ./framework/SerialManager/Source/SerialManager.o
                0x0000fc48                Serial_InitInterface
 .text.Serial_AsyncWrite
                0x0000fdd8      0x1bc ./framework/SerialManager/Source/SerialManager.o
                0x0000fdd8                Serial_AsyncWrite
 .text.Serial_SyncWrite
                0x0000ff94       0xe0 ./framework/SerialManager/Source/SerialManager.o
                0x0000ff94                Serial_SyncWrite
 .text.Serial_Read
                0x00010074      0x124 ./framework/SerialManager/Source/SerialManager.o
                0x00010074                Serial_Read
 .text.Serial_RxBufferByteCount
                0x00010198      0x10c ./framework/SerialManager/Source/SerialManager.o
                0x00010198                Serial_RxBufferByteCount
 .text.Serial_SetRxCallBack
                0x000102a4       0x78 ./framework/SerialManager/Source/SerialManager.o
                0x000102a4                Serial_SetRxCallBack
 .text.Serial_SetBaudRate
                0x0001031c       0x94 ./framework/SerialManager/Source/SerialManager.o
                0x0001031c                Serial_SetBaudRate
 .text.Serial_WriteInternal
                0x000103b0      0x12c ./framework/SerialManager/Source/SerialManager.o
 .text.SerialManager_RxNotify
                0x000104dc       0xc8 ./framework/SerialManager/Source/SerialManager.o
                0x000104dc                SerialManager_RxNotify
 .text.SerialManager_TxNotify
                0x000105a4      0x100 ./framework/SerialManager/Source/SerialManager.o
                0x000105a4                SerialManager_TxNotify
 .text.Serial_TxQueueMaintenance
                0x000106a4      0x15c ./framework/SerialManager/Source/SerialManager.o
 .text.Serial_UartRxCb
                0x00010800       0x5c ./framework/SerialManager/Source/SerialManager.o
 .text.SecLib_Init
                0x0001085c       0x3c ./framework/SecLib/SecLib.o
                0x0001085c                SecLib_Init
 .text.AES_128_CCM
                0x00010898       0xf4 ./framework/SecLib/SecLib.o
                0x00010898                AES_128_CCM
 .text.NVIC_EnableIRQ
                0x0001098c       0x2c ./framework/RNG/Source/RNG.o
 .text.RNG_Init
                0x000109b8       0xe4 ./framework/RNG/Source/RNG.o
                0x000109b8                RNG_Init
 .text.TRNG_ISR
                0x00010a9c       0x40 ./framework/RNG/Source/RNG.o
 .text.OSA_SemaphorePost
                0x00010adc       0x9c ./framework/OSAbstraction/Source/fsl_os_abstraction_free_rtos.o
                0x00010adc                OSA_SemaphorePost
 .text.OSA_EventCreate
                0x00010b78       0x70 ./framework/OSAbstraction/Source/fsl_os_abstraction_free_rtos.o
                0x00010b78                OSA_EventCreate
 .text.OSA_EventSet
                0x00010be8       0xa0 ./framework/OSAbstraction/Source/fsl_os_abstraction_free_rtos.o
                0x00010be8                OSA_EventSet
 .text.OSA_EventWait
                0x00010c88       0xa4 ./framework/OSAbstraction/Source/fsl_os_abstraction_free_rtos.o
                0x00010c88                OSA_EventWait
 .text.OSA_InterruptEnable
                0x00010d2c       0x4c ./framework/OSAbstraction/Source/fsl_os_abstraction_free_rtos.o
                0x00010d2c                OSA_InterruptEnable
 .text.OSA_InterruptDisable
                0x00010d78       0x4c ./framework/OSAbstraction/Source/fsl_os_abstraction_free_rtos.o
                0x00010d78                OSA_InterruptDisable
 .text.main     0x00010dc4       0x24 ./framework/OSAbstraction/Source/fsl_os_abstraction_free_rtos.o
                0x00010dc4                main
 .text.__NvAtomicSave
                0x00010de8       0xec ./framework/NVM/Source/NV_Flash.o
 .text.__NvSyncSave
                0x00010ed4      0x130 ./framework/NVM/Source/NV_Flash.o
 .text.__NvIdle
                0x00011004      0x1d4 ./framework/NVM/Source/NV_Flash.o
 .text.__NvRestoreDataSet
                0x000111d8       0x58 ./framework/NVM/Source/NV_Flash.o
 .text.__NvTimerTick
                0x00011230      0x190 ./framework/NVM/Source/NV_Flash.o
 .text.__NvSaveOnIdle
                0x000113c0       0x7c ./framework/NVM/Source/NV_Flash.o
 .text.__NvModuleInit
                0x0001143c      0x144 ./framework/NVM/Source/NV_Flash.o
 .text.InitNVMConfig
                0x00011580       0xc8 ./framework/NVM/Source/NV_Flash.o
 .text.NvEraseVirtualPage
                0x00011648       0x78 ./framework/NVM/Source/NV_Flash.o
 .text.NvInitStorageSystem
                0x000116c0      0x1e4 ./framework/NVM/Source/NV_Flash.o
 .text.NvVirtualPageBlankCheck
                0x000118a4       0x5c ./framework/NVM/Source/NV_Flash.o
 .text.NvUpdateLastMetaInfoAddress
                0x00011900      0x11c ./framework/NVM/Source/NV_Flash.o
 .text.NvGetMetaInfo
                0x00011a1c       0x64 ./framework/NVM/Source/NV_Flash.o
 .text.NvGetPageFreeSpace
                0x00011a80       0xe0 ./framework/NVM/Source/NV_Flash.o
 .text.NvIsMemoryAreaAvailable
                0x00011b60       0xa8 ./framework/NVM/Source/NV_Flash.o
 .text.NvIsRecordCopied
                0x00011c08      0x124 ./framework/NVM/Source/NV_Flash.o
 .text.NvInternalCopy
                0x00011d2c      0x3a4 ./framework/NVM/Source/NV_Flash.o
 .text.NvCopyPage
                0x000120d0      0x27c ./framework/NVM/Source/NV_Flash.o
 .text.NvInternalFormat
                0x0001234c       0x88 ./framework/NVM/Source/NV_Flash.o
 .text.NvSaveRamTable
                0x000123d4       0xb4 ./framework/NVM/Source/NV_Flash.o
 .text.UpgradeLegacyTable
                0x00012488      0x34c ./framework/NVM/Source/NV_Flash.o
 .text.NvGetEntryFromDataPtr
                0x000127d4       0xfc ./framework/NVM/Source/NV_Flash.o
 .text.NvWriteRecord
                0x000128d0      0x4e0 ./framework/NVM/Source/NV_Flash.o
 .text.NvRestoreData
                0x00012db0      0x2fc ./framework/NVM/Source/NV_Flash.o
 .text.NvGetTableEntryIndexFromId
                0x000130ac       0x78 ./framework/NVM/Source/NV_Flash.o
 .text.NvProcessFirstSaveInQueue
                0x00013124       0xc0 ./framework/NVM/Source/NV_Flash.o
 .text.NvAddSaveRequestToQueue
                0x000131e4      0x200 ./framework/NVM/Source/NV_Flash.o
 .text.NvModuleInit
                0x000133e4       0x4c ./framework/NVM/Source/NV_Flash.o
                0x000133e4                NvModuleInit
 .text.NvSaveOnIdle
                0x00013430       0x50 ./framework/NVM/Source/NV_Flash.o
                0x00013430                NvSaveOnIdle
 .text.NvRestoreDataSet
                0x00013480       0x50 ./framework/NVM/Source/NV_Flash.o
                0x00013480                NvRestoreDataSet
 .text.NvClearCriticalSection
                0x000134d0       0x30 ./framework/NVM/Source/NV_Flash.o
                0x000134d0                NvClearCriticalSection
 .text.NvIdle   0x00013500       0x44 ./framework/NVM/Source/NV_Flash.o
                0x00013500                NvIdle
 .text.NvGetNvIdleTaskId
                0x00013544       0x14 ./framework/NVM/Source/NV_Flash.o
                0x00013544                NvGetNvIdleTaskId
 .text.MEM_Init
                0x00013558       0xc4 ./framework/MemManager/Source/MemManager.o
                0x00013558                MEM_Init
 .text.MEM_BufferAllocWithId
                0x0001361c       0xb8 ./framework/MemManager/Source/MemManager.o
                0x0001361c                MEM_BufferAllocWithId
 .text.MEM_BufferFree
                0x000136d4       0xb0 ./framework/MemManager/Source/MemManager.o
                0x000136d4                MEM_BufferFree
 .text.PWR_HandleDeepSleepMode_1
                0x00013784       0x14 ./framework/LowPower/Source/MKW41Z/PWR.o
 .text.PWR_HandleDeepSleepMode_2_3
                0x00013798      0x1dc ./framework/LowPower/Source/MKW41Z/PWR.o
 .text.PWR_HandleDeepSleepMode_4
                0x00013974       0x84 ./framework/LowPower/Source/MKW41Z/PWR.o
 .text.PWR_HandleDeepSleepMode_5
                0x000139f8       0x84 ./framework/LowPower/Source/MKW41Z/PWR.o
 .text.PWR_HandleDeepSleepMode_6
                0x00013a7c      0x204 ./framework/LowPower/Source/MKW41Z/PWR.o
 .text.PWR_HandleDeepSleepMode_7
                0x00013c80       0x14 ./framework/LowPower/Source/MKW41Z/PWR.o
 .text.PWR_HandleDeepSleep
                0x00013c94       0x50 ./framework/LowPower/Source/MKW41Z/PWR.o
 .text.PWR_HandleSleep
                0x00013ce4       0x40 ./framework/LowPower/Source/MKW41Z/PWR.o
 .text.PWR_DeepSleepAllowed
                0x00013d24       0x34 ./framework/LowPower/Source/MKW41Z/PWR.o
 .text.PWR_SystemReset
                0x00013d58       0x14 ./framework/LowPower/Source/MKW41Z/PWR.o
                0x00013d58                PWR_SystemReset
 .text.PWR_AllowDeviceToSleep
                0x00013d6c       0x2c ./framework/LowPower/Source/MKW41Z/PWR.o
                0x00013d6c                PWR_AllowDeviceToSleep
 .text.PWR_DisallowDeviceToSleep
                0x00013d98       0x38 ./framework/LowPower/Source/MKW41Z/PWR.o
                0x00013d98                PWR_DisallowDeviceToSleep
 .text.PWR_AllowXcvrToSleep
                0x00013dd0       0x2c ./framework/LowPower/Source/MKW41Z/PWR.o
                0x00013dd0                PWR_AllowXcvrToSleep
 .text.PWR_DisallowXcvrToSleep
                0x00013dfc       0x38 ./framework/LowPower/Source/MKW41Z/PWR.o
                0x00013dfc                PWR_DisallowXcvrToSleep
 .text.PWR_CheckIfDeviceCanGoToSleep
                0x00013e34       0x2c ./framework/LowPower/Source/MKW41Z/PWR.o
                0x00013e34                PWR_CheckIfDeviceCanGoToSleep
 .text.PWR_RegisterLowPowerEnterCallback
                0x00013e60       0x1c ./framework/LowPower/Source/MKW41Z/PWR.o
                0x00013e60                PWR_RegisterLowPowerEnterCallback
 .text.PWR_RegisterLowPowerExitCallback
                0x00013e7c       0x1c ./framework/LowPower/Source/MKW41Z/PWR.o
                0x00013e7c                PWR_RegisterLowPowerExitCallback
 .text.NVIC_EnableIRQ
                0x00013e98       0x2c ./framework/LowPower/Source/MKW41Z/PWRLib.o
 .text.NVIC_SetPriority
                0x00013ec4       0xdc ./framework/LowPower/Source/MKW41Z/PWRLib.o
 .text.PWRLib_ConfigRSIM
                0x00013fa0       0x78 ./framework/LowPower/Source/MKW41Z/PWRLib.o
                0x00013fa0                PWRLib_ConfigRSIM
 .text.PWRLib_ConfigLLWU
                0x00014018       0x58 ./framework/LowPower/Source/MKW41Z/PWRLib.o
                0x00014018                PWRLib_ConfigLLWU
 .text.PWRLib_GetDeepSleepMode
                0x00014070       0x14 ./framework/LowPower/Source/MKW41Z/PWRLib.o
                0x00014070                PWRLib_GetDeepSleepMode
 .text.PWRLib_MCU_Enter_Sleep
                0x00014084       0x28 ./framework/LowPower/Source/MKW41Z/PWRLib.o
                0x00014084                PWRLib_MCU_Enter_Sleep
 .text.PWRLib_MCU_Enter_VLLS1
                0x000140ac       0x8c ./framework/LowPower/Source/MKW41Z/PWRLib.o
                0x000140ac                PWRLib_MCU_Enter_VLLS1
 .text.PWRLib_MCU_Enter_VLLS2
                0x00014138       0x8c ./framework/LowPower/Source/MKW41Z/PWRLib.o
                0x00014138                PWRLib_MCU_Enter_VLLS2
 .text.PWRLib_MCU_Enter_LLS2
                0x000141c4       0x8c ./framework/LowPower/Source/MKW41Z/PWRLib.o
                0x000141c4                PWRLib_MCU_Enter_LLS2
 .text.PWRLib_MCU_Enter_LLS3
                0x00014250       0x8c ./framework/LowPower/Source/MKW41Z/PWRLib.o
                0x00014250                PWRLib_MCU_Enter_LLS3
 .text.PWRLib_MCU_Enter_Stop
                0x000142dc       0x48 ./framework/LowPower/Source/MKW41Z/PWRLib.o
                0x000142dc                PWRLib_MCU_Enter_Stop
 .text.PWRLib_LLWU_GetWakeUpFlags
                0x00014324       0x64 ./framework/LowPower/Source/MKW41Z/PWRLib.o
                0x00014324                PWRLib_LLWU_GetWakeUpFlags
 .text.PWRLib_LLWU_UpdateWakeupReason
                0x00014388       0x9c ./framework/LowPower/Source/MKW41Z/PWRLib.o
                0x00014388                PWRLib_LLWU_UpdateWakeupReason
 .text.PWRLib_LPTMR_GetTimeSettings
                0x00014424       0xd4 ./framework/LowPower/Source/MKW41Z/PWRLib.o
                0x00014424                PWRLib_LPTMR_GetTimeSettings
 .text.PWRLib_LPTMR_ClockStart
                0x000144f8       0x6c ./framework/LowPower/Source/MKW41Z/PWRLib.o
                0x000144f8                PWRLib_LPTMR_ClockStart
 .text.PWRLib_LPTMR_ClockCheck
                0x00014564       0x64 ./framework/LowPower/Source/MKW41Z/PWRLib.o
                0x00014564                PWRLib_LPTMR_ClockCheck
 .text.PWRLib_LPTMR_ClockStop
                0x000145c8       0x6c ./framework/LowPower/Source/MKW41Z/PWRLib.o
                0x000145c8                PWRLib_LPTMR_ClockStop
 .text.PWRLib_StopUpdateWakeupReason
                0x00014634       0xa0 ./framework/LowPower/Source/MKW41Z/PWRLib.o
                0x00014634                PWRLib_StopUpdateWakeupReason
 .text.PWRLib_LPTMR_Isr
                0x000146d4       0x1c ./framework/LowPower/Source/MKW41Z/PWRLib.o
                0x000146d4                PWRLib_LPTMR_Isr
 .text.PWRLib_LPTMR_Init
                0x000146f0       0x84 ./framework/LowPower/Source/MKW41Z/PWRLib.o
                0x000146f0                PWRLib_LPTMR_Init
 .text.PWRLib_LLWU_Isr
                0x00014774       0xa0 ./framework/LowPower/Source/MKW41Z/PWRLib.o
                0x00014774                PWRLib_LLWU_Isr
 .text.PWRLib_Init
                0x00014814      0x1a4 ./framework/LowPower/Source/MKW41Z/PWRLib.o
                0x00014814                PWRLib_Init
 .text.LED_Init
                0x000149b8       0x2c ./framework/LED/Source/LED.o
                0x000149b8                LED_Init
 .text.LED_Operate
                0x000149e4       0x8c ./framework/LED/Source/LED.o
                0x000149e4                LED_Operate
 .text.LED_StartBlip
                0x00014a70       0x64 ./framework/LED/Source/LED.o
                0x00014a70                LED_StartBlip
 .text.LED_StopFlash
                0x00014ad4       0x4c ./framework/LED/Source/LED.o
                0x00014ad4                LED_StopFlash
 .text.LED_SetLed
                0x00014b20       0xb8 ./framework/LED/Source/LED.o
                0x00014b20                LED_SetLed
 .text.LED_StartFlashWithPeriod
                0x00014bd8       0x58 ./framework/LED/Source/LED.o
                0x00014bd8                LED_StartFlashWithPeriod
 .text.LED_StartSerialFlashWithPeriod
                0x00014c30       0x74 ./framework/LED/Source/LED.o
                0x00014c30                LED_StartSerialFlashWithPeriod
 .text.LED_StopSerialFlash
                0x00014ca4       0x44 ./framework/LED/Source/LED.o
                0x00014ca4                LED_StopSerialFlash
 .text.LED_DecrementBlip
                0x00014ce8       0x8c ./framework/LED/Source/LED.o
 .text.LED_FlashTimeout
                0x00014d74       0x74 ./framework/LED/Source/LED.o
 .text.KbGpioInit
                0x00014de8       0x58 ./framework/Keyboard/Source/Keyboard.o
 .text.KBD_KeySwitchPortGet
                0x00014e40       0x7c ./framework/Keyboard/Source/Keyboard.o
 .text.KBD_KeyCheck
                0x00014ebc       0xa0 ./framework/Keyboard/Source/Keyboard.o
 .text.KeyScan  0x00014f5c      0x154 ./framework/Keyboard/Source/Keyboard.o
 .text.Switch_CheckIRQ
                0x000150b0       0x50 ./framework/Keyboard/Source/Keyboard.o
 .text.KBD_Init
                0x00015100       0xdc ./framework/Keyboard/Source/Keyboard.o
                0x00015100                KBD_Init
 .text.KBD_IsWakeUpSource
                0x000151dc       0x48 ./framework/Keyboard/Source/Keyboard.o
                0x000151dc                KBD_IsWakeUpSource
 .text.Switch_Press_ISR
                0x00015224       0x70 ./framework/Keyboard/Source/Keyboard.o
                0x00015224                Switch_Press_ISR
 .text.NVIC_EnableIRQ
                0x00015294       0x2c ./framework/GPIO/GPIO_Adapter.o
 .text.NVIC_ClearPendingIRQ
                0x000152c0       0x30 ./framework/GPIO/GPIO_Adapter.o
 .text.NVIC_SetPriority
                0x000152f0       0xdc ./framework/GPIO/GPIO_Adapter.o
 .text.NVIC_GetPriority
                0x000153cc       0x7c ./framework/GPIO/GPIO_Adapter.o
 .text.PORT_SetPinConfig
                0x00015448       0x38 ./framework/GPIO/GPIO_Adapter.o
 .text.PORT_SetPinMux
                0x00015480       0x40 ./framework/GPIO/GPIO_Adapter.o
 .text.PORT_SetPinInterruptConfig
                0x000154c0       0x40 ./framework/GPIO/GPIO_Adapter.o
 .text.GpioGetPinPCR
                0x00015500       0x34 ./framework/GPIO/GPIO_Adapter.o
                0x00015500                GpioGetPinPCR
 .text.GpioSetPinPCR_ISF_Preserved
                0x00015534       0x40 ./framework/GPIO/GPIO_Adapter.o
                0x00015534                GpioSetPinPCR_ISF_Preserved
 .text.GpioSetPinMux
                0x00015574       0x44 ./framework/GPIO/GPIO_Adapter.o
                0x00015574                GpioSetPinMux
 .text.GpioSetPinMux_ISF_Preserved
                0x000155b8       0x64 ./framework/GPIO/GPIO_Adapter.o
                0x000155b8                GpioSetPinMux_ISF_Preserved
 .text.GpioClearPinIntFlag
                0x0001561c       0x34 ./framework/GPIO/GPIO_Adapter.o
                0x0001561c                GpioClearPinIntFlag
 .text.GpioIsPinIntPending
                0x00015650       0x38 ./framework/GPIO/GPIO_Adapter.o
                0x00015650                GpioIsPinIntPending
 .text.GpioSetPinOutput
                0x00015688       0x34 ./framework/GPIO/GPIO_Adapter.o
                0x00015688                GpioSetPinOutput
 .text.GpioClearPinOutput
                0x000156bc       0x34 ./framework/GPIO/GPIO_Adapter.o
                0x000156bc                GpioClearPinOutput
 .text.GpioTogglePinOutput
                0x000156f0       0x34 ./framework/GPIO/GPIO_Adapter.o
                0x000156f0                GpioTogglePinOutput
 .text.GpioReadPinInput
                0x00015724       0x30 ./framework/GPIO/GPIO_Adapter.o
                0x00015724                GpioReadPinInput
 .text.GpioInputPinInit
                0x00015754      0x104 ./framework/GPIO/GPIO_Adapter.o
                0x00015754                GpioInputPinInit
 .text.GpioOutputPinInit
                0x00015858      0x100 ./framework/GPIO/GPIO_Adapter.o
                0x00015858                GpioOutputPinInit
 .text.GpioInstallIsr
                0x00015958      0x2c4 ./framework/GPIO/GPIO_Adapter.o
                0x00015958                GpioInstallIsr
 .text.Gpio_CommonIsr
                0x00015c1c       0xb0 ./framework/GPIO/GPIO_Adapter.o
 .text.Gpio_InstallPortISR
                0x00015ccc       0x60 ./framework/GPIO/GPIO_Adapter.o
 .text.NV_Flash_WaitForCSEndAndDisableInterrupts
                0x00015d2c       0x88 ./framework/Flash/Internal/Flash_Adapter.o
 .text.NV_FlashProgramAdaptation
                0x00015db4       0x74 ./framework/Flash/Internal/Flash_Adapter.o
 .text.NV_ComputeCrcOverHWParameters
                0x00015e28       0xd0 ./framework/Flash/Internal/Flash_Adapter.o
 .text.NV_Init  0x00015ef8       0x50 ./framework/Flash/Internal/Flash_Adapter.o
                0x00015ef8                NV_Init
 .text.NV_Flash_ClearCriticalSection
                0x00015f48       0x78 ./framework/Flash/Internal/Flash_Adapter.o
                0x00015f48                NV_Flash_ClearCriticalSection
 .text.NV_FlashVerifyErase
                0x00015fc0       0x38 ./framework/Flash/Internal/Flash_Adapter.o
                0x00015fc0                NV_FlashVerifyErase
 .text.NV_FlashEraseSector
                0x00015ff8       0x34 ./framework/Flash/Internal/Flash_Adapter.o
                0x00015ff8                NV_FlashEraseSector
 .text.NV_ReadHWParameters
                0x0001602c       0x68 ./framework/Flash/Internal/Flash_Adapter.o
                0x0001602c                NV_ReadHWParameters
 .text.CLOCK_EnableClock
                0x00016094       0x34 ./framework/DCDC/Source/DCDC.o
 .text.ADC16_GetChannelConversionValue
                0x000160c8       0x30 ./framework/DCDC/Source/DCDC.o
 .text.DCDC_MakeADCConversion
                0x000160f8       0x44 ./framework/DCDC/Source/DCDC.o
 .text.DCDC_AdjustVbatDiv
                0x0001613c       0x68 ./framework/DCDC/Source/DCDC.o
 .text.DCDC_Get1P8VOutputTargetAndVBatInmV
                0x000161a4       0xf4 ./framework/DCDC/Source/DCDC.o
 .text.DCDC_mVTo1P8OutputTargetBoost
                0x00016298      0x168 ./framework/DCDC/Source/DCDC.o
 .text.DCDC_mVTo1P8OutputTargetBuck
                0x00016400       0xe4 ./framework/DCDC/Source/DCDC.o
 .text.DCDC_mVToMcuVOutputTargetBoost
                0x000164e4       0x8c ./framework/DCDC/Source/DCDC.o
                0x000164e4                DCDC_mVToMcuVOutputTargetBoost
 .text.DCDC_GetOutputTargetsBoost
                0x00016570       0xcc ./framework/DCDC/Source/DCDC.o
 .text.DCDC_GetOutputTargetsBuck
                0x0001663c       0x88 ./framework/DCDC/Source/DCDC.o
 .text.DCDC_VBatMonitorBoost
                0x000166c4      0x1b8 ./framework/DCDC/Source/DCDC.o
 .text.DCDC_VBatMonitorBuck
                0x0001687c      0x1bc ./framework/DCDC/Source/DCDC.o
 .text.DCDC_Init
                0x00016a38      0x218 ./framework/DCDC/Source/DCDC.o
                0x00016a38                DCDC_Init
 .text.DCDC_PrepareForPulsedMode
                0x00016c50       0x68 ./framework/DCDC/Source/DCDC.o
                0x00016c50                DCDC_PrepareForPulsedMode
 .text.DCDC_PrepareForContinuousMode
                0x00016cb8       0x6c ./framework/DCDC/Source/DCDC.o
                0x00016cb8                DCDC_PrepareForContinuousMode
 .text.CLOCK_EnableClock
                0x00016d24       0x34 ./drivers/fsl_adc16.o
 .text.ADC16_GetInstance
                0x00016d58       0x48 ./drivers/fsl_adc16.o
 .text.ADC16_Init
                0x00016da0      0x114 ./drivers/fsl_adc16.o
                0x00016da0                ADC16_Init
 .text.ADC16_SetChannelConfig
                0x00016eb4       0x6c ./drivers/fsl_adc16.o
                0x00016eb4                ADC16_SetChannelConfig
 .text.ADC16_GetChannelStatusFlags
                0x00016f20       0x40 ./drivers/fsl_adc16.o
                0x00016f20                ADC16_GetChannelStatusFlags
 .text.CLOCK_SetEr32kClock
                0x00016f60       0x34 ./drivers/fsl_clock.o
 .text.CLOCK_GetMcgExtClkFreq
                0x00016f94       0x70 ./drivers/fsl_clock.o
 .text.CLOCK_GetFllExtRefClkFreq
                0x00017004       0xc0 ./drivers/fsl_clock.o
 .text.CLOCK_GetInternalRefClkSelectFreq
                0x000170c4       0x40 ./drivers/fsl_clock.o
 .text.CLOCK_GetFllRefClkFreq
                0x00017104       0x2c ./drivers/fsl_clock.o
 .text.CLOCK_GetOscRangeFromFreq
                0x00017130       0x4c ./drivers/fsl_clock.o
 .text.CLOCK_GetOsc0ErClkFreq
                0x0001717c       0x28 ./drivers/fsl_clock.o
                0x0001717c                CLOCK_GetOsc0ErClkFreq
 .text.CLOCK_GetBusClkFreq
                0x000171a4       0x50 ./drivers/fsl_clock.o
                0x000171a4                CLOCK_GetBusClkFreq
 .text.CLOCK_SetSimConfig
                0x000171f4       0x2c ./drivers/fsl_clock.o
                0x000171f4                CLOCK_SetSimConfig
 .text.CLOCK_GetOutClkFreq
                0x00017220       0x60 ./drivers/fsl_clock.o
                0x00017220                CLOCK_GetOutClkFreq
 .text.CLOCK_GetFllFreq
                0x00017280       0x78 ./drivers/fsl_clock.o
                0x00017280                CLOCK_GetFllFreq
 .text.CLOCK_GetInternalRefClkFreq
                0x000172f8       0x28 ./drivers/fsl_clock.o
                0x000172f8                CLOCK_GetInternalRefClkFreq
 .text.CLOCK_SetExternalRefClkConfig
                0x00017320       0x80 ./drivers/fsl_clock.o
                0x00017320                CLOCK_SetExternalRefClkConfig
 .text.CLOCK_SetInternalRefClkConfig
                0x000173a0      0x124 ./drivers/fsl_clock.o
                0x000173a0                CLOCK_SetInternalRefClkConfig
 .text.CLOCK_InitOsc0
                0x000174c4       0x68 ./drivers/fsl_clock.o
                0x000174c4                CLOCK_InitOsc0
 .text.CLOCK_SetFeeMode
                0x0001752c      0x138 ./drivers/fsl_clock.o
                0x0001752c                CLOCK_SetFeeMode
 .text.__assertion_failed
                0x00017664       0x1c ./drivers/fsl_common.o
                0x00017664                __assertion_failed
 .text.InstallIRQHandler
                0x00017680       0x98 ./drivers/fsl_common.o
                0x00017680                InstallIRQHandler
 .text.DSPI_CommonIRQHandler
                0x00017718       0x40 ./drivers/fsl_dspi.o
 .text.SPI0_DriverIRQHandler
                0x00017758       0x34 ./drivers/fsl_dspi.o
                0x00017758                SPI0_DriverIRQHandler
 .text.SPI1_DriverIRQHandler
                0x0001778c       0x34 ./drivers/fsl_dspi.o
                0x0001778c                SPI1_DriverIRQHandler
 .text.FLASH_Init
                0x000177c0       0xe8 ./drivers/fsl_flash.o
                0x000177c0                FLASH_Init
 .text.FLASH_Erase
                0x000178a8       0xf4 ./drivers/fsl_flash.o
                0x000178a8                FLASH_Erase
 .text.FLASH_Program
                0x0001799c      0x100 ./drivers/fsl_flash.o
                0x0001799c                FLASH_Program
 .text.FLASH_VerifyErase
                0x00017a9c      0x10c ./drivers/fsl_flash.o
                0x00017a9c                FLASH_VerifyErase
 .text.copy_flash_run_command
                0x00017ba8       0x30 ./drivers/fsl_flash.o
 .text.flash_command_sequence
                0x00017bd8       0x78 ./drivers/fsl_flash.o
 .text.copy_flash_common_bit_operation
                0x00017c50       0x3c ./drivers/fsl_flash.o
 .text.mcm_flash_cache_clear
                0x00017c8c       0x2c ./drivers/fsl_flash.o
                0x00017c8c                mcm_flash_cache_clear
 .text.flash_check_user_key
                0x00017cb8       0x24 ./drivers/fsl_flash.o
 .text.GPIO_PinInit
                0x00017cdc       0x64 ./drivers/fsl_gpio.o
                0x00017cdc                GPIO_PinInit
 .text.I2C_TransferCommonIRQHandler
                0x00017d40       0x58 ./drivers/fsl_i2c.o
 .text.I2C0_DriverIRQHandler
                0x00017d98       0x20 ./drivers/fsl_i2c.o
                0x00017d98                I2C0_DriverIRQHandler
 .text.I2C1_DriverIRQHandler
                0x00017db8       0x20 ./drivers/fsl_i2c.o
                0x00017db8                I2C1_DriverIRQHandler
 .text.CLOCK_EnableClock
                0x00017dd8       0x34 ./drivers/fsl_lpuart.o
 .text.LPUART_GetInstance
                0x00017e0c       0x48 ./drivers/fsl_lpuart.o
                0x00017e0c                LPUART_GetInstance
 .text.LPUART_Init
                0x00017e54      0x284 ./drivers/fsl_lpuart.o
                0x00017e54                LPUART_Init
 .text.LPUART_GetDefaultConfig
                0x000180d8       0x50 ./drivers/fsl_lpuart.o
                0x000180d8                LPUART_GetDefaultConfig
 .text.LPUART_SetBaudRate
                0x00018128      0x188 ./drivers/fsl_lpuart.o
                0x00018128                LPUART_SetBaudRate
 .text.LPUART_GetEnabledInterrupts
                0x000182b0       0x30 ./drivers/fsl_lpuart.o
                0x000182b0                LPUART_GetEnabledInterrupts
 .text.LPUART_ClearStatusFlags
                0x000182e0       0x88 ./drivers/fsl_lpuart.o
                0x000182e0                LPUART_ClearStatusFlags
 .text.LPUART0_DriverIRQHandler
                0x00018368       0x24 ./drivers/fsl_lpuart.o
                0x00018368                LPUART0_DriverIRQHandler
 .text.CLOCK_EnableClock
                0x0001838c       0x34 ./drivers/fsl_ltc.o
 .text.ltc_clear_all
                0x000183c0       0x20 ./drivers/fsl_ltc.o
                0x000183c0                ltc_clear_all
 .text.ltc_symmetric_alg_state
                0x000183e0       0x74 ./drivers/fsl_ltc.o
 .text.LTC_Init
                0x00018454       0x1c ./drivers/fsl_ltc.o
                0x00018454                LTC_Init
 .text.ltc_aes_ccm_process_aad
                0x00018470      0x1b4 ./drivers/fsl_ltc.o
 .text.ltc_aes_ccm_process
                0x00018624      0x160 ./drivers/fsl_ltc.o
 .text.CLOCK_EnableClock
                0x00018784       0x34 ./drivers/fsl_tpm.o
 .text.TPM_GetInstance
                0x000187b8       0x54 ./drivers/fsl_tpm.o
 .text.TPM_Init
                0x0001880c       0xec ./drivers/fsl_tpm.o
                0x0001880c                TPM_Init
 .text.TPM_SetupOutputCompare
                0x000188f8      0x130 ./drivers/fsl_tpm.o
                0x000188f8                TPM_SetupOutputCompare
 .text.CLOCK_EnableClock
                0x00018a28       0x34 ./drivers/fsl_trng.o
 .text.trng_GetInstance
                0x00018a5c       0x48 ./drivers/fsl_trng.o
 .text.TRNG_GetDefaultConfig
                0x00018aa4       0xe0 ./drivers/fsl_trng.o
                0x00018aa4                TRNG_GetDefaultConfig
 .text.trng_SetRetryCount
                0x00018b84       0x50 ./drivers/fsl_trng.o
 .text.trng_SetStatisticalCheckLimit
                0x00018bd4      0x320 ./drivers/fsl_trng.o
 .text.trng_ApplyUserConfig
                0x00018ef4      0x1c4 ./drivers/fsl_trng.o
 .text.TRNG_Init
                0x000190b8       0xb8 ./drivers/fsl_trng.o
                0x000190b8                TRNG_Init
 .text.CLOCK_EnableClock
                0x00019170       0x34 ./board/board.o
 .text.hardware_init
                0x000191a4      0x160 ./board/board.o
                0x000191a4                hardware_init
 .text.NMI_Handler
                0x00019304       0x20 ./board/board.o
                0x00019304                NMI_Handler
 .text.BOARD_DCDCInit
                0x00019324       0x18 ./board/board.o
                0x00019324                BOARD_DCDCInit
 .text.BOARD_InstallLowPowerCallbacks
                0x0001933c       0x24 ./board/board.o
                0x0001933c                BOARD_InstallLowPowerCallbacks
 .text.BOARD_SetPinsLowPower
                0x00019360       0xb8 ./board/board.o
                0x00019360                BOARD_SetPinsLowPower
 .text.BOARD_EnterLowPowerCb
                0x00019418       0x2c ./board/board.o
                0x00019418                BOARD_EnterLowPowerCb
 .text.BOARD_GetLpuartClock
                0x00019444       0x68 ./board/board.o
                0x00019444                BOARD_GetLpuartClock
 .text.BOARD_GetTpmClock
                0x000194ac       0x68 ./board/board.o
                0x000194ac                BOARD_GetTpmClock
 .text.BOARD_BLPItoBLPE
                0x00019514       0x20 ./board/board.o
                0x00019514                BOARD_BLPItoBLPE
 .text.CLOCK_EnableClock
                0x00019534       0x34 ./board/clock_config.o
 .text.CLOCK_DisableClock
                0x00019568       0x38 ./board/clock_config.o
 .text.CLOCK_SetLpuartClock
                0x000195a0       0x38 ./board/clock_config.o
 .text.CLOCK_SetTpmClock
                0x000195d8       0x38 ./board/clock_config.o
 .text.CLOCK_SetSimSafeDivs
                0x00019610       0x1c ./board/clock_config.o
 .text.CLOCK_SetXtal0Freq