../source/mwa_end_device.c:212:6:main_task	16	static
../source/mwa_end_device.c:269:6:App_Idle_Task	32	static
../source/mwa_end_device.c:321:6:App_init	8	static
../source/mwa_end_device.c:386:6:AppThread	104	static
../source/mwa_end_device.c:679:6:counter_increase	16	static
../source/mwa_end_device.c:692:6:AppLEDS	16	static
../source/mwa_end_device.c:734:13:UartRxCallBack	32	static
../source/mwa_end_device.c:770:16:App_StartScan	32	static
../source/mwa_end_device.c:833:16:App_HandleScanActiveConfirm	48	static
../source/mwa_end_device.c:899:16:App_SendAssociateRequest	24	static
../source/mwa_end_device.c:962:16:App_HandleAssociateConfirm	16	static
../source/mwa_end_device.c:998:16:App_HandleMlmeInput	16	static
../source/mwa_end_device.c:1056:13:App_HandleMcpsInput	16	static
../source/mwa_end_device.c:1094:16:App_WaitMsg	16	static
../source/mwa_end_device.c:1124:13:App_TransmitUartData	24	static
../source/mwa_end_device.c:1206:16:AppPollWaitTimeout	32	static
../source/mwa_end_device.c:1246:13:App_HandleKeys	16	static
../source/mwa_end_device.c:1294:14:MLME_NWK_SapHandler	16	static
../source/mwa_end_device.c:1302:14:MCPS_NWK_SapHandler	16	static
../source/mwa_end_device.c:1310:6:App_TransmitUartData_ctr_t	32	static
