../source/mwa_end_device.c:211:6:main_task	16	static
../source/mwa_end_device.c:268:6:App_Idle_Task	32	static
../source/mwa_end_device.c:320:6:App_init	8	static
../source/mwa_end_device.c:385:6:AppThread	104	static
../source/mwa_end_device.c:678:6:counter_increase	16	static
../source/mwa_end_device.c:691:6:AppLEDS	16	static
../source/mwa_end_device.c:733:13:UartRxCallBack	32	static
../source/mwa_end_device.c:769:16:App_StartScan	32	static
../source/mwa_end_device.c:832:16:App_HandleScanActiveConfirm	48	static
../source/mwa_end_device.c:898:16:App_SendAssociateRequest	24	static
../source/mwa_end_device.c:961:16:App_HandleAssociateConfirm	16	static
../source/mwa_end_device.c:997:16:App_HandleMlmeInput	16	static
../source/mwa_end_device.c:1055:13:App_HandleMcpsInput	16	static
../source/mwa_end_device.c:1093:16:App_WaitMsg	16	static
../source/mwa_end_device.c:1123:13:App_TransmitUartData	24	static
../source/mwa_end_device.c:1205:16:AppPollWaitTimeout	32	static
../source/mwa_end_device.c:1245:13:App_HandleKeys	16	static
../source/mwa_end_device.c:1285:14:MLME_NWK_SapHandler	16	static
../source/mwa_end_device.c:1293:14:MCPS_NWK_SapHandler	16	static
