../source/mwa_end_device.c:211:6:main_task	16	static
../source/mwa_end_device.c:268:6:App_Idle_Task	32	static
../source/mwa_end_device.c:320:6:App_init	8	static
../source/mwa_end_device.c:385:6:AppThread	104	static
../source/mwa_end_device.c:677:6:counter_increase	16	static
../source/mwa_end_device.c:690:6:AppLEDS	16	static
../source/mwa_end_device.c:729:13:UartRxCallBack	32	static
../source/mwa_end_device.c:765:16:App_StartScan	32	static
../source/mwa_end_device.c:828:16:App_HandleScanActiveConfirm	48	static
../source/mwa_end_device.c:894:16:App_SendAssociateRequest	24	static
../source/mwa_end_device.c:957:16:App_HandleAssociateConfirm	16	static
../source/mwa_end_device.c:993:16:App_HandleMlmeInput	16	static
../source/mwa_end_device.c:1051:13:App_HandleMcpsInput	16	static
../source/mwa_end_device.c:1089:16:App_WaitMsg	16	static
../source/mwa_end_device.c:1119:13:App_TransmitUartData	24	static
../source/mwa_end_device.c:1201:16:AppPollWaitTimeout	32	static
../source/mwa_end_device.c:1241:13:App_HandleKeys	16	static
../source/mwa_end_device.c:1291:14:MLME_NWK_SapHandler	16	static
../source/mwa_end_device.c:1299:14:MCPS_NWK_SapHandler	16	static
