Archive member included to satisfy reference by file (symbol)

d:/nxp/mcuxpressoide_11.6.0_8187/ide/plugins/com.nxp.mcuxpresso.tools.win32_11.6.0.202112161359/tools/bin/../lib/gcc/arm-none-eabi/10.3.1/../../../../arm-none-eabi/lib/thumb/v6-m/nofp\libm.a(lib_a-s_round.o)
                              ./framework/XCVR/MKW41Z4/fsl_xcvr.o (round)
d:/nxp/mcuxpressoide_11.6.0_8187/ide/plugins/com.nxp.mcuxpresso.tools.win32_11.6.0.202112161359/tools/bin/../lib/gcc/arm-none-eabi/10.3.1/../../../../arm-none-eabi/lib/thumb/v6-m/nofp\libm.a(lib_a-s_trunc.o)
                              ./framework/XCVR/MKW41Z4/fsl_xcvr.o (trunc)
d:/nxp/mcuxpressoide_11.6.0_8187/ide/plugins/com.nxp.mcuxpresso.tools.win32_11.6.0.202112161359/tools/bin/../lib/gcc/arm-none-eabi/10.3.1/../../../../arm-none-eabi/lib/thumb/v6-m/nofp\libm.a(lib_a-sf_round.o)
                              ./framework/XCVR/MKW41Z4/fsl_xcvr_trim.o (roundf)
d:/nxp/mcuxpressoide_11.6.0_8187/ide/plugins/com.nxp.mcuxpresso.tools.win32_11.6.0.202112161359/tools/bin/../lib/gcc/arm-none-eabi/10.3.1/../../../../arm-none-eabi/lib/thumb/v6-m/nofp\libc.a(lib_a-exit.o)
                              d:/nxp/mcuxpressoide_11.6.0_8187/ide/plugins/com.nxp.mcuxpresso.tools.win32_11.6.0.202112161359/tools/bin/../lib/gcc/arm-none-eabi/10.3.1/../../../../arm-none-eabi/lib/thumb/v6-m/nofp/crt0.o (exit)
d:/nxp/mcuxpressoide_11.6.0_8187/ide/plugins/com.nxp.mcuxpresso.tools.win32_11.6.0.202112161359/tools/bin/../lib/gcc/arm-none-eabi/10.3.1/../../../../arm-none-eabi/lib/thumb/v6-m/nofp\libc.a(lib_a-impure.o)
                              d:/nxp/mcuxpressoide_11.6.0_8187/ide/plugins/com.nxp.mcuxpresso.tools.win32_11.6.0.202112161359/tools/bin/../lib/gcc/arm-none-eabi/10.3.1/../../../../arm-none-eabi/lib/thumb/v6-m/nofp\libc.a(lib_a-exit.o) (_global_impure_ptr)
d:/nxp/mcuxpressoide_11.6.0_8187/ide/plugins/com.nxp.mcuxpresso.tools.win32_11.6.0.202112161359/tools/bin/../lib/gcc/arm-none-eabi/10.3.1/../../../../arm-none-eabi/lib/thumb/v6-m/nofp\libc.a(lib_a-init.o)
                              d:/nxp/mcuxpressoide_11.6.0_8187/ide/plugins/com.nxp.mcuxpresso.tools.win32_11.6.0.202112161359/tools/bin/../lib/gcc/arm-none-eabi/10.3.1/../../../../arm-none-eabi/lib/thumb/v6-m/nofp/crt0.o (__libc_init_array)
d:/nxp/mcuxpressoide_11.6.0_8187/ide/plugins/com.nxp.mcuxpresso.tools.win32_11.6.0.202112161359/tools/bin/../lib/gcc/arm-none-eabi/10.3.1/../../../../arm-none-eabi/lib/thumb/v6-m/nofp\libc.a(lib_a-memcpy-stub.o)
                              ./ieee_802.15.4/phy/source/MKW41Z/PhyTime.o (memcpy)
d:/nxp/mcuxpressoide_11.6.0_8187/ide/plugins/com.nxp.mcuxpresso.tools.win32_11.6.0.202112161359/tools/bin/../lib/gcc/arm-none-eabi/10.3.1/../../../../arm-none-eabi/lib/thumb/v6-m/nofp\libc.a(lib_a-memset.o)
                              d:/nxp/mcuxpressoide_11.6.0_8187/ide/plugins/com.nxp.mcuxpresso.tools.win32_11.6.0.202112161359/tools/bin/../lib/gcc/arm-none-eabi/10.3.1/../../../../arm-none-eabi/lib/thumb/v6-m/nofp/crt0.o (memset)
d:/nxp/mcuxpressoide_11.6.0_8187/ide/plugins/com.nxp.mcuxpresso.tools.win32_11.6.0.202112161359/tools/bin/../lib/gcc/arm-none-eabi/10.3.1/../../../../arm-none-eabi/lib/thumb/v6-m/nofp\libc.a(lib_a-strcat.o)
                              ./source/mwa_end_device.o (strcat)
d:/nxp/mcuxpressoide_11.6.0_8187/ide/plugins/com.nxp.mcuxpresso.tools.win32_11.6.0.202112161359/tools/bin/../lib/gcc/arm-none-eabi/10.3.1/../../../../arm-none-eabi/lib/thumb/v6-m/nofp\libc.a(lib_a-strcpy.o)
                              d:/nxp/mcuxpressoide_11.6.0_8187/ide/plugins/com.nxp.mcuxpresso.tools.win32_11.6.0.202112161359/tools/bin/../lib/gcc/arm-none-eabi/10.3.1/../../../../arm-none-eabi/lib/thumb/v6-m/nofp\libc.a(lib_a-strcat.o) (strcpy)
d:/nxp/mcuxpressoide_11.6.0_8187/ide/plugins/com.nxp.mcuxpresso.tools.win32_11.6.0.202112161359/tools/bin/../lib/gcc/arm-none-eabi/10.3.1/../../../../arm-none-eabi/lib/thumb/v6-m/nofp\libc.a(lib_a-strlen-stub.o)
                              ./utilities/fsl_debug_console.o (strlen)
d:/nxp/mcuxpressoide_11.6.0_8187/ide/plugins/com.nxp.mcuxpresso.tools.win32_11.6.0.202112161359/tools/bin/../lib/gcc/arm-none-eabi/10.3.1/../../../../arm-none-eabi/lib/thumb/v6-m/nofp\libc.a(lib_a-__call_atexit.o)
                              d:/nxp/mcuxpressoide_11.6.0_8187/ide/plugins/com.nxp.mcuxpresso.tools.win32_11.6.0.202112161359/tools/bin/../lib/gcc/arm-none-eabi/10.3.1/../../../../arm-none-eabi/lib/thumb/v6-m/nofp\libc.a(lib_a-exit.o) (__call_exitprocs)
d:/nxp/mcuxpressoide_11.6.0_8187/ide/plugins/com.nxp.mcuxpresso.tools.win32_11.6.0.202112161359/tools/bin/../lib/gcc/arm-none-eabi/10.3.1/../../../../arm-none-eabi/lib/thumb/v6-m/nofp\libc.a(lib_a-atexit.o)
                              d:/nxp/mcuxpressoide_11.6.0_8187/ide/plugins/com.nxp.mcuxpresso.tools.win32_11.6.0.202112161359/tools/bin/../lib/gcc/arm-none-eabi/10.3.1/../../../../arm-none-eabi/lib/thumb/v6-m/nofp\libc.a(lib_a-__call_atexit.o) (atexit)
[...]
Memory Configuration

Name             Origin             Length             Attributes
TEXT_region1     0x00000000         0x00000400         xr
m_flash_config_region 0x00000400         0x00000010         xr
TEXT_region2     0x00000411         0x0007d3ee         xr
NVM_region       0x0007d800         0x00001fff         rw
DATA1_region     0x1fff8000         0x00008000         rw
DATA2_region     0x20000000         0x00018000         rw
PRODUCT_INFO_region 0x0007f800         0x000007ff         xr
*default*        0x00000000         0xffffffff

Linker script and memory map

LOAD d:/nxp/mcuxpressoide_11.6.0_8187/ide/plugins/com.nxp.mcuxpresso.tools.win32_11.6.0.202112161359/tools/bin/../lib/gcc/arm-none-eabi/10.3.1/thumb/v6-m/nofp/crti.o
LOAD d:/nxp/mcuxpressoide_11.6.0_8187/ide/plugins/com.nxp.mcuxpresso.tools.win32_11.6.0.202112161359/tools/bin/../lib/gcc/arm-none-eabi/10.3.1/thumb/v6-m/nofp/crtbegin.o
LOAD d:/nxp/mcuxpressoide_11.6.0_8187/ide/plugins/com.nxp.mcuxpresso.tools.win32_11.6.0.202112161359/tools/bin/../lib/gcc/arm-none-eabi/10.3.1/../../../../arm-none-eabi/lib/thumb/v6-m/nofp/crt0.o
LOAD ./utilities/fsl_debug_console.o
LOAD ./startup/startup_MKW41Z4.o
LOAD ./source/mtb.o
LOAD ./source/mwa_end_device.o
LOAD ./source/semihost_hardfault.o
LOAD ./ieee_802.15.4/phy/source/MKW41Z/ASP.o
LOAD ./ieee_802.15.4/phy/source/MKW41Z/MPM.o
LOAD ./ieee_802.15.4/phy/source/MKW41Z/PhyISR.o
LOAD ./ieee_802.15.4/phy/source/MKW41Z/PhyPacketProcessor.o
LOAD ./ieee_802.15.4/phy/source/MKW41Z/PhyPlmeData.o
LOAD ./ieee_802.15.4/phy/source/MKW41Z/PhyStateMachine.o
LOAD ./ieee_802.15.4/phy/source/MKW41Z/PhyTime.o
LOAD ./ieee_802.15.4/mac/source/App/FsciAspCommands.o
LOAD ./ieee_802.15.4/mac/source/App/FsciMacCommands.o
LOAD ./ieee_802.15.4/mac/source/App/MacGlobals.o
LOAD ./freertos/croutine.o
LOAD ./freertos/event_groups.o
LOAD ./freertos/fsl_tickless_lptmr.o
LOAD ./freertos/fsl_tickless_systick.o
LOAD ./freertos/heap_4.o
LOAD ./freertos/list.o
LOAD ./freertos/port.o
LOAD ./freertos/queue.o
LOAD ./freertos/tasks.o
LOAD ./freertos/timers.o
LOAD ./framework/XCVR/MKW41Z4/cfgs_kw4x_3x_2x/fsl_xcvr_ant_config.o
LOAD ./framework/XCVR/MKW41Z4/cfgs_kw4x_3x_2x/fsl_xcvr_ble_config.o
LOAD ./framework/XCVR/MKW41Z4/cfgs_kw4x_3x_2x/fsl_xcvr_common_config.o
LOAD ./framework/XCVR/MKW41Z4/cfgs_kw4x_3x_2x/fsl_xcvr_gfsk_bt_0p3_h_0p5_config.o
LOAD ./framework/XCVR/MKW41Z4/cfgs_kw4x_3x_2x/fsl_xcvr_gfsk_bt_0p5_h_0p32_config.o
LOAD ./framework/XCVR/MKW41Z4/cfgs_kw4x_3x_2x/fsl_xcvr_gfsk_bt_0p5_h_0p5_config.o
LOAD ./framework/XCVR/MKW41Z4/cfgs_kw4x_3x_2x/fsl_xcvr_gfsk_bt_0p5_h_0p7_config.o
LOAD ./framework/XCVR/MKW41Z4/cfgs_kw4x_3x_2x/fsl_xcvr_gfsk_bt_0p5_h_1p0_config.o
LOAD ./framework/XCVR/MKW41Z4/cfgs_kw4x_3x_2x/fsl_xcvr_gfsk_bt_0p7_h_0p5_config.o
LOAD ./framework/XCVR/MKW41Z4/cfgs_kw4x_3x_2x/fsl_xcvr_mode_datarate_config.o
LOAD ./framework/XCVR/MKW41Z4/cfgs_kw4x_3x_2x/fsl_xcvr_msk_config.o
LOAD ./framework/XCVR/MKW41Z4/cfgs_kw4x_3x_2x/fsl_xcvr_zgbe_config.o
LOAD ./framework/XCVR/MKW41Z4/dbg_ram_capture.o
LOAD ./framework/XCVR/MKW41Z4/fsl_xcvr.o
LOAD ./framework/XCVR/MKW41Z4/fsl_xcvr_trim.o
LOAD ./framework/XCVR/MKW41Z4/ifr_radio.o
LOAD ./framework/TimersManager/Source/TMR_Adapter.o
LOAD ./framework/TimersManager/Source/TimersManager.o
LOAD ./framework/SerialManager/Source/UART_Adapter/UART_Adapter.o
LOAD ./framework/SerialManager/Source/SPI_Adapter/SPI_Adapter.o
LOAD ./framework/SerialManager/Source/I2C_Adapter/I2C_Adapter.o
LOAD ./framework/SerialManager/Source/SerialManager.o
LOAD ./framework/SecLib/SecLib.o
LOAD ./framework/Reset/Reset.o
LOAD ./framework/RNG/Source/RNG.o
LOAD ./framework/Panic/Source/Panic.o
LOAD ./framework/OSAbstraction/Source/fsl_os_abstraction_free_rtos.o
LOAD ./framework/NVM/Source/NV_Flash.o
LOAD ./framework/NVM/Source/NV_FsciCommands.o
LOAD ./framework/ModuleInfo/ModuleInfo.o
LOAD ./framework/Messaging/Source/Messaging.o
LOAD ./framework/MemManager/Source/MemManager.o
LOAD ./framework/MWSCoexistence/Source/MWS.o
LOAD ./framework/LowPower/Source/MKW41Z/PWR.o
LOAD ./framework/LowPower/Source/MKW41Z/PWRLib.o
LOAD ./framework/Lists/GenericList.o
LOAD ./framework/LED/Source/LED.o
LOAD ./framework/Keyboard/Source/Keyboard.o
LOAD ./framework/GPIO/GPIO_Adapter.o
LOAD ./framework/FunctionLib/FunctionLib.o
LOAD ./framework/Flash/Internal/Flash_Adapter.o
LOAD ./framework/DCDC/Source/DCDC.o
LOAD ./drivers/fsl_adc16.o
LOAD ./drivers/fsl_clock.o
LOAD ./drivers/fsl_common.o
LOAD ./drivers/fsl_dspi.o
LOAD ./drivers/fsl_dspi_freertos.o
LOAD ./drivers/fsl_flash.o
LOAD ./drivers/fsl_gpio.o
LOAD ./drivers/fsl_i2c.o
LOAD ./drivers/fsl_i2c_freertos.o
LOAD ./drivers/fsl_llwu.o
LOAD ./drivers/fsl_lptmr.o
LOAD ./drivers/fsl_lpuart.o
LOAD ./drivers/fsl_lpuart_freertos.o
LOAD ./drivers/fsl_ltc.o
LOAD ./drivers/fsl_pmc.o
LOAD ./drivers/fsl_rtc.o
LOAD ./drivers/fsl_smc.o
LOAD ./drivers/fsl_tpm.o
LOAD ./drivers/fsl_trng.o
LOAD ./drivers/fsl_tsi_v4.o
LOAD ./board/board.o
LOAD ./board/clock_config.o
LOAD ./board/gpio_pins.o
LOAD ./board/pin_mux.o
LOAD ./CMSIS/system_MKW41Z4.o
LOAD d:/nxp/mcuxpressoide_11.6.0_8187/ide/plugins/com.nxp.mcuxpresso.tools.win32_11.6.0.202112161359/tools/bin/../lib/gcc/arm-none-eabi/10.3.1/../../../../arm-none-eabi/lib/thumb/v6-m/nofp\libm.a
LOAD d:/nxp/mcuxpressoide_11.6.0_8187/ide/plugins/com.nxp.mcuxpresso.tools.win32_11.6.0.202112161359/tools/bin/../lib/gcc/arm-none-eabi/10.3.1/../../../../arm-none-eabi/lib/thumb/v6-m/nofp\libc.a
LOAD d:/nxp/mcuxpressoide_11.6.0_8187/ide/plugins/com.nxp.mcuxpresso.tools.win32_11.6.0.202112161359/tools/bin/../lib/gcc/arm-none-eabi/10.3.1/thumb/v6-m/nofp\libgcc.a
LOAD d:/nxp/mcuxpressoide_11.6.0_8187/ide/plugins/com.nxp.mcuxpresso.tools.win32_11.6.0.202112161359/tools/bin/../lib/gcc/arm-none-eabi/10.3.1/../../../../arm-none-eabi/lib/thumb/v6-m/nofp\libnosys.a
LOAD D:\MPO\ITESO\9_semestre\Redes\codec\frdmkw41z_wireless_examples_ieee_802_15_4_mwa_end_device_freertos\libs\lib_crypto_m0.a
LOAD D:\MPO\ITESO\9_semestre\Redes\codec\frdmkw41z_wireless_examples_ieee_802_15_4_mwa_end_device_freertos\libs\lib802.15.4_mac_06_cm0.a
START GROUP
LOAD d:/nxp/mcuxpressoide_11.6.0_8187/ide/plugins/com.nxp.mcuxpresso.tools.win32_11.6.0.202112161359/tools/bin/../lib/gcc/arm-none-eabi/10.3.1/thumb/v6-m/nofp\libgcc.a
LOAD d:/nxp/mcuxpressoide_11.6.0_8187/ide/plugins/com.nxp.mcuxpresso.tools.win32_11.6.0.202112161359/tools/bin/../lib/gcc/arm-none-eabi/10.3.1/../../../../arm-none-eabi/lib/thumb/v6-m/nofp\libc.a
END GROUP
LOAD d:/nxp/mcuxpressoide_11.6.0_8187/ide/plugins/com.nxp.mcuxpresso.tools.win32_11.6.0.202112161359/tools/bin/../lib/gcc/arm-none-eabi/10.3.1/thumb/v6-m/nofp/crtend.o
LOAD d:/nxp/mcuxpressoide_11.6.0_8187/ide/plugins/com.nxp.mcuxpresso.tools.win32_11.6.0.202112161359/tools/bin/../lib/gcc/arm-none-eabi/10.3.1/thumb/v6-m/nofp/crtn.o
                0x00000001                gUseNVMLink_d = DEFINED (gUseNVMLink_d)?gUseNVMLink_d:0x1
                0x00000004                gNVMSectorCountLink_d = DEFINED (gNVMSectorCountLink_d)?gNVMSectorCountLink_d:0x4
                0x00000001                __ram_vector_table__ = DEFINED (__ram_vector_table__)?__ram_vector_table__:0x1
                0x00000000                __region_ROM_start__ = 0x0
                0x0007ffff                __region_ROM_end__ = 0x7ffff
                0x1fff8000                __region_RAM1_start__ = 0x1fff8000
                0x1fffffff                __region_RAM1_end__ = 0x1fffffff
                0x20000000                __region_RAM2_start__ = 0x20000000
                0x20017fff                __region_RAM2_end__ = 0x20017fff
                0x000000c0                __vector_table_size__ = 0xc0
                0x000000c0                __ram_vector_table_size__ = DEFINED (__ram_vector_table__)?__vector_table_size__:0x0
                0x1fff8000                _RAM_START_ = __region_RAM1_start__
                0x20017fff                _RAM_END_ = __region_RAM2_end__
                0x00000000                m_interrupts_start = __region_ROM_start__
                0x000000bf                m_interrupts_end = ((m_interrupts_start + __vector_table_size__) - 0x1)
                0x00000400                m_flash_config_start = 0x400
                0x00000410                m_flash_config_end = 0x410
                0x00000800                m_sector_size = 0x800
                0x00000200                __size_cstack__ = DEFINED (__stack_size__)?__stack_size__:0x200
                0x00000000                __size_heap__ = DEFINED (__heap_size__)?__heap_size__:0x0
                0x0007f800                m_fsl_prodInfo_start = ((__region_ROM_end__ - m_sector_size) + 0x1)
                0x0007ffff                m_fsl_prodInfo_end = __region_ROM_end__
                0x0007f800                FREESCALE_PROD_DATA_BASE_ADDR = m_fsl_prodInfo_start
                0x00000800                NV_STORAGE_SECTOR_SIZE = m_sector_size
                0x00000004                NV_STORAGE_MAX_SECTORS = gNVMSectorCountLink_d
                0x0007f7ff                NV_STORAGE_START_ADDRESS = (m_fsl_prodInfo_start - 0x1)
                0x0007d800                NV_STORAGE_END_ADDRESS = ((NV_STORAGE_START_ADDRESS - (NV_STORAGE_MAX_SECTORS * NV_STORAGE_SECTOR_SIZE)) + 0x1)
                0x00000800                NV_STORAGE_SECTOR_SIZE_C = m_sector_size
                0x00000004                NV_STORAGE_MAX_SECTORS_C = gNVMSectorCountLink_d
                0x0007f7ff                NV_STORAGE_START_ADDRESS_C = (m_fsl_prodInfo_start - 0x1)
                0x0007d800                NV_STORAGE_END_ADDRESS_C = ((NV_STORAGE_START_ADDRESS_C - (NV_STORAGE_MAX_SECTORS_C * NV_STORAGE_SECTOR_SIZE_C)) + 0x1)
                0x00000000                m_text_start = m_interrupts_start
                0x0007d7ff                m_text_end = (NV_STORAGE_END_ADDRESS_C - 0x1)
                0x20000000                m_interrupts_ram_start = __region_RAM2_start__
                0x200000bf                m_interrupts_ram_end = ((m_interrupts_ram_start + __ram_vector_table_size__) - 0x1)
                0x20017fff                __CSTACK_end__ = __region_RAM2_end__
                0x20017dff                __CSTACK_start__ = (__CSTACK_end__ - __size_cstack__)
                0x20017dfe                __HEAP_end__ = (__CSTACK_start__ - 0x1)
                0x20017dfa                __HEAP_start__ = ((__HEAP_end__ - __size_heap__) - 0x4)
                0x1fff8000                m_data1_start = __region_RAM1_start__
                0x1fffffff                m_data1_end = __region_RAM1_end__
                0x20000000                m_data2_start = m_interrupts_ram_start
                0x20017df9                m_data2_end = (__HEAP_start__ - 0x1)
                0x000000c0                __RAM_VECTOR_TABLE_SIZE = __ram_vector_table_size__
                0x20017dea                __BOOT_STACK_ADDRESS = (m_data2_end - 0xf)

.interrupts     0x00000000       0xc0
                0x00000000                __VECTOR_TABLE = .
                0x00000000                . = ALIGN (0x4)
 *(SORT_BY_ALIGNMENT(.isr_vector))
 .isr_vector    0x00000000       0xc0 ./startup/startup_MKW41Z4.o
                0x00000000                __isr_vector
                0x000000c0                . = ALIGN (0x4)

.freescale_prod_data
                0x0007f800        0x0
                0x0007f800                . = ALIGN (0x4)
 *(SORT_BY_ALIGNMENT(.FREESCALE_PROD_DATA))
                0x0007f800                . = ALIGN (0x4)

.flash_config   0x00000400       0x10
                0x00000400                . = ALIGN (0x4)
 *(SORT_BY_ALIGNMENT(.FlashConfig))
 .FlashConfig   0x00000400       0x10 ./startup/startup_MKW41Z4.o
                0x00000410                . = ALIGN (0x4)

.text           0x00000420    0x1f924
                0x00000420                . = ALIGN (0x4)
 *(SORT_BY_ALIGNMENT(.text))
 .text          0x00000420       0x48 d:/nxp/mcuxpressoide_11.6.0_8187/ide/plugins/com.nxp.mcuxpresso.tools.win32_11.6.0.202112161359/tools/bin/../lib/gcc/arm-none-eabi/10.3.1/thumb/v6-m/nofp/crtbegin.o
 .text          0x00000468       0x80 d:/nxp/mcuxpressoide_11.6.0_8187/ide/plugins/com.nxp.mcuxpresso.tools.win32_11.6.0.202112161359/tools/bin/../lib/gcc/arm-none-eabi/10.3.1/../../../../arm-none-eabi/lib/thumb/v6-m/nofp/crt0.o
                0x00000468                _stack_init
                0x00000474                _start
                0x00000474                _mainCRTStartup
 .text          0x000004e8       0xc0 ./startup/startup_MKW41Z4.o
                0x000004e8                Reset_Handler
                0x00000530                Radio_0_IRQHandler
                0x00000530                DMA0_DriverIRQHandler
                0x00000530                CMP0_IRQHandler
                0x00000530                DMA2_DriverIRQHandler
                0x00000530                TPM0_IRQHandler
                0x00000530                Radio_1_IRQHandler
                0x00000530                LLWU_IRQHandler
                0x00000530                TSI0_IRQHandler
                0x00000530                ADC0_IRQHandler
                0x00000530                CMT_IRQHandler
                0x00000530                LPTMR0_IRQHandler
                0x00000530                DefaultISR
                0x00000530                PORTB_PORTC_IRQHandler
                0x00000530                TPM2_IRQHandler
                0x00000530                RTC_IRQHandler
                0x00000530                LVD_LVW_DCDC_IRQHandler
                0x00000530                DMA3_DriverIRQHandler
                0x00000530                RTC_Seconds_IRQHandler
                0x00000530                MCG_IRQHandler
                0x00000530                TRNG0_IRQHandler
                0x00000530                Reserved20_IRQHandler
                0x00000530                LTC0_IRQHandler
                0x00000530                PIT_IRQHandler
                0x00000530                DMA1_DriverIRQHandler
                0x00000530                FTFA_IRQHandler
                0x00000530                PORTA_IRQHandler
                0x00000530                TPM1_IRQHandler
                0x00000530                DAC0_IRQHandler
                0x00000548                DMA0_IRQHandler
                0x0000054c                DMA1_IRQHandler
                0x00000550                DMA2_IRQHandler
                0x00000554                DMA3_IRQHandler
                0x00000558                I2C0_IRQHandler
                0x0000055c                I2C1_IRQHandler
                0x00000560                SPI0_IRQHandler
                0x00000564                LPUART0_IRQHandler
                0x00000568                SPI1_IRQHandler
 .text          0x000005a8      0x114 d:/nxp/mcuxpressoide_11.6.0_8187/ide/plugins/com.nxp.mcuxpresso.tools.win32_11.6.0.202112161359/tools/bin/../lib/gcc/arm-none-eabi/10.3.1/thumb/v6-m/nofp\libgcc.a(_udivsi3.o)
                0x000005a8                __aeabi_uidiv
                0x000005a8                __udivsi3
                0x000006b4                __aeabi_uidivmod
 .text          0x000006bc      0x1d4 d:/nxp/mcuxpressoide_11.6.0_8187/ide/plugins/com.nxp.mcuxpresso.tools.win32_11.6.0.202112161359/tools/bin/../lib/gcc/arm-none-eabi/10.3.1/thumb/v6-m/nofp\libgcc.a(_divsi3.o)
                0x000006bc                __divsi3
                0x000006bc                __aeabi_idiv
                0x00000888                __aeabi_idivmod
 .text          0x00000890        0x4 d:/nxp/mcuxpressoide_11.6.0_8187/ide/plugins/com.nxp.mcuxpresso.tools.win32_11.6.0.202112161359/tools/bin/../lib/gcc/arm-none-eabi/10.3.1/thumb/v6-m/nofp\libgcc.a(_dvmd_tls.o)
                0x00000890                __aeabi_idiv0
                0x00000890                __aeabi_ldiv0
 .text          0x00000894       0x74 d:/nxp/mcuxpressoide_11.6.0_8187/ide/plugins/com.nxp.mcuxpresso.tools.win32_11.6.0.202112161359/tools/bin/../lib/gcc/arm-none-eabi/10.3.1/thumb/v6-m/nofp\libgcc.a(_arm_cmpsf2.o)
                0x00000894                __aeabi_cfrcmple
                0x0000089c                __aeabi_cfcmpeq
                0x0000089c                __aeabi_cfcmple
                0x000008ac                __aeabi_fcmpeq
                0x000008b8                __aeabi_fcmplt
                0x000008cc                __aeabi_fcmple
                0x000008e0                __aeabi_fcmpgt
                0x000008f4                __aeabi_fcmpge
 .text          0x00000908       0x40 d:/nxp/mcuxpressoide_11.6.0_8187/ide/plugins/com.nxp.mcuxpresso.tools.win32_11.6.0.202112161359/tools/bin/../lib/gcc/arm-none-eabi/10.3.1/thumb/v6-m/nofp\libgcc.a(_aeabi_uldivmod.o)
                0x00000908                __aeabi_uldivmod
 .text          0x00000948       0x5c d:/nxp/mcuxpressoide_11.6.0_8187/ide/plugins/com.nxp.mcuxpresso.tools.win32_11.6.0.202112161359/tools/bin/../lib/gcc/arm-none-eabi/10.3.1/thumb/v6-m/nofp\libgcc.a(_muldi3.o)
                0x00000948                __muldi3
                0x00000948                __aeabi_lmul
 .text          0x000009a4       0x30 d:/nxp/mcuxpressoide_11.6.0_8187/ide/plugins/com.nxp.mcuxpresso.tools.win32_11.6.0.202112161359/tools/bin/../lib/gcc/arm-none-eabi/10.3.1/thumb/v6-m/nofp\libgcc.a(_fixunssfsi.o)
                0x000009a4                __fixunssfsi
                0x000009a4                __aeabi_f2uiz
 .text          0x000009d4      0x198 d:/nxp/mcuxpressoide_11.6.0_8187/ide/plugins/com.nxp.mcuxpresso.tools.win32_11.6.0.202112161359/tools/bin/../lib/gcc/arm-none-eabi/10.3.1/thumb/v6-m/nofp\libgcc.a(_udivmoddi4.o)
                0x000009d4                __udivmoddi4
 .text          0x00000b6c      0x33c d:/nxp/mcuxpressoide_11.6.0_8187/ide/plugins/com.nxp.mcuxpresso.tools.win32_11.6.0.202112161359/tools/bin/../lib/gcc/arm-none-eabi/10.3.1/thumb/v6-m/nofp\libgcc.a(addsf3.o)
                0x00000b6c                __aeabi_fadd
 .text          0x00000ea8      0x230 d:/nxp/mcuxpressoide_11.6.0_8187/ide/plugins/com.nxp.mcuxpresso.tools.win32_11.6.0.202112161359/tools/bin/../lib/gcc/arm-none-eabi/10.3.1/thumb/v6-m/nofp\libgcc.a(divsf3.o)
                0x00000ea8                __aeabi_fdiv
 .text          0x000010d8       0x4c d:/nxp/mcuxpressoide_11.6.0_8187/ide/plugins/com.nxp.mcuxpresso.tools.win32_11.6.0.202112161359/tools/bin/../lib/gcc/arm-none-eabi/10.3.1/thumb/v6-m/nofp\libgcc.a(eqsf2.o)
                0x000010d8                __eqsf2
                0x000010d8                __nesf2
 .text          0x00001124       0x8c d:/nxp/mcuxpressoide_11.6.0_8187/ide/plugins/com.nxp.mcuxpresso.tools.win32_11.6.0.202112161359/tools/bin/../lib/gcc/arm-none-eabi/10.3.1/thumb/v6-m/nofp\libgcc.a(gesf2.o)
                0x00001124                __gesf2
                0x00001124                __gtsf2
 .text          0x000011b0       0x88 d:/nxp/mcuxpressoide_11.6.0_8187/ide/plugins/com.nxp.mcuxpresso.tools.win32_11.6.0.202112161359/tools/bin/../lib/gcc/arm-none-eabi/10.3.1/thumb/v6-m/nofp\libgcc.a(lesf2.o)
                0x000011b0                __ltsf2
                0x000011b0                __lesf2
 .text          0x00001238      0x24c d:/nxp/mcuxpressoide_11.6.0_8187/ide/plugins/com.nxp.mcuxpresso.tools.win32_11.6.0.202112161359/tools/bin/../lib/gcc/arm-none-eabi/10.3.1/thumb/v6-m/nofp\libgcc.a(mulsf3.o)
                0x00001238                __aeabi_fmul
 .text          0x00001484      0x35c d:/nxp/mcuxpressoide_11.6.0_8187/ide/plugins/com.nxp.mcuxpresso.tools.win32_11.6.0.202112161359/tools/bin/../lib/gcc/arm-none-eabi/10.3.1/thumb/v6-m/nofp\libgcc.a(subsf3.o)
                0x00001484                __aeabi_fsub
 .text          0x000017e0       0x40 d:/nxp/mcuxpressoide_11.6.0_8187/ide/plugins/com.nxp.mcuxpresso.tools.win32_11.6.0.202112161359/tools/bin/../lib/gcc/arm-none-eabi/10.3.1/thumb/v6-m/nofp\libgcc.a(fixsfsi.o)
                0x000017e0                __aeabi_f2iz
 .text          0x00001820       0x9c d:/nxp/mcuxpressoide_11.6.0_8187/ide/plugins/com.nxp.mcuxpresso.tools.win32_11.6.0.202112161359/tools/bin/../lib/gcc/arm-none-eabi/10.3.1/thumb/v6-m/nofp\libgcc.a(floatsisf.o)
                0x00001820                __aeabi_i2f
 .text          0x000018bc       0x84 d:/nxp/mcuxpressoide_11.6.0_8187/ide/plugins/com.nxp.mcuxpresso.tools.win32_11.6.0.202112161359/tools/bin/../lib/gcc/arm-none-eabi/10.3.1/thumb/v6-m/nofp\libgcc.a(floatunsisf.o)
                0x000018bc                __aeabi_ui2f
 .text          0x00001940       0x3c d:/nxp/mcuxpressoide_11.6.0_8187/ide/plugins/com.nxp.mcuxpresso.tools.win32_11.6.0.202112161359/tools/bin/../lib/gcc/arm-none-eabi/10.3.1/thumb/v6-m/nofp\libgcc.a(_clzsi2.o)
                0x00001940                __clzsi2
 .text          0x0000197c       0x18 d:/nxp/mcuxpressoide_11.6.0_8187/ide/plugins/com.nxp.mcuxpresso.tools.win32_11.6.0.202112161359/tools/bin/../lib/gcc/arm-none-eabi/10.3.1/thumb/v6-m/nofp\libgcc.a(_clzdi2.o)
                0x0000197c                __clzdi2
 .text          0x00001994       0x38 D:\MPO\ITESO\9_semestre\Redes\codec\frdmkw41z_wireless_examples_ieee_802_15_4_mwa_end_device_freertos\libs\lib_crypto_m0.a(SW_RNG.o)
                0x00001994                SecLib_set_rng_seed
                0x000019a4                SecLib_get_random
 .text          0x000019cc      0x530 D:\MPO\ITESO\9_semestre\Redes\codec\frdmkw41z_wireless_examples_ieee_802_15_4_mwa_end_device_freertos\libs\lib802.15.4_mac_06_cm0.a(MacMain.o)
                0x000019cc                BindToMAC
                0x000019f8                UnBindFromMAC
                0x00001a14                MAC_EventSet
                0x00001a3e                Mac_Task
                0x00001b30                Mac_InitializeData
                0x00001bd4                Mac_RegisterSapHandlers
                0x00001be6                PD_MAC_SapHandler
                0x00001c08                PLME_MAC_SapHandler
                0x00001c10                NWK_MCPS_SapHandler
                0x00001c6c                NWK_MLME_SapHandler
                0x00001d14                Mlme_VerifyNwkInput
                0x00001e20                Mac_GetState
                0x00001e88                Dumy_MCPS_NWK_SapHandler
                0x00001e8c                Dumy_MLME_NWK_SapHandler
                0x00001e96                Mac_SetTrxLowPowerMode
                0x00001eca                Mac_SetTrxActiveMode
 .text          0x00001efc      0xc88 D:\MPO\ITESO\9_semestre\Redes\codec\frdmkw41z_wireless_examples_ieee_802_15_4_mwa_end_device_freertos\libs\lib802.15.4_mac_06_cm0.a(MacPib.o)
                0x00001efc                macInitPIBs
                0x00002208                macVerifySetReq
                0x0000230c                mlmeGetSetReq
                0x00002894                mlmeGetSizeOfPIB
                0x000029e2                Mac_SetPhyPIBs
                0x00002b12                Mac_SetExtendedAddress
                0x00002b40                Mac_GetExtendedAddress
 .text          0x00002b84      0x5a0 D:\MPO\ITESO\9_semestre\Redes\codec\frdmkw41z_wireless_examples_ieee_802_15_4_mwa_end_device_freertos\libs\lib802.15.4_mac_06_cm0.a(MacStateMachine.o)
                0x00002b84                Mac_TransactionExpire
                0x00002b90                Mac_PhyMsgHandler
                0x00002c50                Mac_NwkMsgHandler
                0x00002e84                Mac_McpsDataReqHandle
 .text          0x00003124      0x290 D:\MPO\ITESO\9_semestre\Redes\codec\frdmkw41z_wireless_examples_ieee_802_15_4_mwa_end_device_freertos\libs\lib802.15.4_mac_06_cm0.a(Poll.o)
                0x00003124                Poll_VerifyParameters
                0x00003162                Poll_InitSeq
                0x000031ca                Poll_SendStatus
                0x00003204                Poll_DataRx
                0x000032c0                Poll_SendConfirm
                0x00003358                Poll_Timeout
 .text          0x000033b4       0xdc D:\MPO\ITESO\9_semestre\Redes\codec\frdmkw41z_wireless_examples_ieee_802_15_4_mwa_end_device_freertos\libs\lib802.15.4_mac_06_cm0.a(RxEnable.o)
                0x000033b4                RxEnable_InitSeq
                0x0000340e                RxEnable_SetRx
                0x0000344e                RxEnable_Deactivate
 .text          0x00003490      0x670 D:\MPO\ITESO\9_semestre\Redes\codec\frdmkw41z_wireless_examples_ieee_802_15_4_mwa_end_device_freertos\libs\lib802.15.4_mac_06_cm0.a(Scan.o)
                0x00003490                Mac_ScanMsgHandler
                0x0000351e                Scan_StartFastEDScan
                0x00003550                Scan_StartEDScan
                0x000035c8                Scan_StartActivePassiveScan
                0x00003622                Scan_StartOrphanScan
                0x00003652                Scan_Advance
                0x00003674                Scan_StartTimer
                0x000036a0                Scan_FastEdAcquire
                0x000036f6                Scan_EdAcquire
                0x0000374a                Scan_ActivePassiveAcquire
                0x00003888                Scan_OrphanAcquire
 .text          0x00003b00      0x1b6 D:\MPO\ITESO\9_semestre\Redes\codec\frdmkw41z_wireless_examples_ieee_802_15_4_mwa_end_device_freertos\libs\lib802.15.4_mac_06_cm0.a(Start.o)
                0x00003b00                Start_VerifyParameters
                0x00003bc0                Start_InitSeq
                0x00003c06                Start_SetPIBs
                0x00003c66                CoordRealignment_SendStatus
                0x00003c8e                Start_SeqTerminate
 *fill*         0x00003cb6        0x2 
 .text          0x00003cb8      0x3c6 D:\MPO\ITESO\9_semestre\Redes\codec\frdmkw41z_wireless_examples_ieee_802_15_4_mwa_end_device_freertos\libs\lib802.15.4_mac_06_cm0.a(Association.o)
                0x00003cb8                Association_VerifyParameters
                0x00003d08                Association_InitSeq
                0x00003d6c                Association_TriggerPoll
                0x00003da6                AssociationPoll_SendStatus
                0x00003e40                AssociationPoll_DataRx
                0x00003f40                AssociationReq_SendStatus
                0x00003ffc                AssociationRes_VerifyParameters
                0x00004030                AssociationRes_SendStatus
 *fill*         0x0000407e        0x2 
 .text          0x00004080      0x710 D:\MPO\ITESO\9_semestre\Redes\codec\frdmkw41z_wireless_examples_ieee_802_15_4_mwa_end_device_freertos\libs\lib802.15.4_mac_06_cm0.a(DataRx.o)
                0x00004080                Mac_PreProcessDataIndication
                0x0000410c                Mac_ProcessDataIndication
                0x0000432c                Mac_ProcessBeaconFrame
                0x000044e0                Mac_CreateMcpsDataInd
                0x00004592                Mac_CreateMlmeCommStatusInd
                0x00004634                Mac_CreateMlmeSyncLossInd
                0x0000468e                Mac_IsPanIdConflict
                0x000046ec                Mac_IsMyCoordinator
                0x0000473e                Mac_PostponeActiveSeq
 .text          0x00004790      0x5d8 D:\MPO\ITESO\9_semestre\Redes\codec\frdmkw41z_wireless_examples_ieee_802_15_4_mwa_end_device_freertos\libs\lib802.15.4_mac_06_cm0.a(DataTx.o)
                0x00004790                DataTx_VerifyParameters
                0x00004806                DataTx_InitSeq
                0x000049f4                DataTx_SendData
                0x00004a28                DataTx_SendDataConfirm
                0x00004ac2                DataTx_SendEmptyFrame
                0x00004afc                DataTx_SendStatus
                0x00004c28                DataTx_CheckForExpirePackets
                0x00004cb4                Mac_GetRandomBackoff
                0x00004cd4                DataTx_CsmaCaRetry
                0x00004cfc                DataTx_Backoff
                0x00004d0e                DataTx_SendDataWithBackoff
                0x00004d5c                Mac_InitCsmaCaVariables
 .text          0x00004d68      0x10c D:\MPO\ITESO\9_semestre\Redes\codec\frdmkw41z_wireless_examples_ieee_802_15_4_mwa_end_device_freertos\libs\lib802.15.4_mac_06_cm0.a(Disassociation.o)
                0x00004d68                Disassociation_VerifyParameters
                0x00004df2                Disassociation_InitSeq
                0x00004e34                Disassociation_SendStatus
 .text          0x00004e74      0xca4 D:\MPO\ITESO\9_semestre\Redes\codec\frdmkw41z_wireless_examples_ieee_802_15_4_mwa_end_device_freertos\libs\lib802.15.4_mac_06_cm0.a(MacFrames.o)
                0x00004e74                FrameBuild_AssociationRequest
                0x00004edc                FrameBuild_AssociationResponse
                0x00004f5c                FrameBuild_DisassociationNotification
                0x00004fcc                FrameBuild_DataRequest
                0x00005082                FrameBuild_PanIdConflictNotification
                0x000050b4                FrameBuild_OrphanNotification
                0x000050e6                FrameBuild_BeaconRequest
                0x00005124                FrameBuild_CoordinatorRealignment
                0x00005250                FrameBuild_Beacon
                0x00005410                FrameBuild_Data
                0x00005698                FrameBuild_ZeroLengthPayload
                0x00005760                Mac_GetMacHeader
                0x00005844                Mac_GetMaxMsduLength
                0x00005874                Mac_GetOverheadSize
                0x000058c0                FrameBuild_Command
                0x00005b14                addrModeFieldLengthTable
 .text          0x00005b18       0x4c D:\MPO\ITESO\9_semestre\Redes\codec\frdmkw41z_wireless_examples_ieee_802_15_4_mwa_end_device_freertos\libs\lib802.15.4_mac_06_cm0.a(MacMem.o)
                0x00005b18                Mac_MemAllocZero
                0x00005b38                FrameAlloc
 .text          0x00005b64      0xa28 D:\MPO\ITESO\9_semestre\Redes\codec\frdmkw41z_wireless_examples_ieee_802_15_4_mwa_end_device_freertos\libs\lib802.15.4_mac_06_cm0.a(MacSec.o)
                0x00005b9c                Sec_DetermineASHLength
                0x00005bcc                keyIdModeToAshLengthTable
                0x00005d32                Sec_CheckBeaconSecurityParameters
                0x00005df0                Sec_SecureTxFrame
                0x00005fa8                Sec_CreateAuxSecHeader
                0x00006030                Sec_CheckRxSecLevel
                0x00006038                Sec_UnsecureRxFrame
 .text          0x0000658c       0x7c d:/nxp/mcuxpressoide_11.6.0_8187/ide/plugins/com.nxp.mcuxpresso.tools.win32_11.6.0.202112161359/tools/bin/../lib/gcc/arm-none-eabi/10.3.1/thumb/v6-m/nofp\libgcc.a(unaligned-funcs.o)
                0x0000658c                __aeabi_uread4
                0x000065a4                __aeabi_uwrite4
                0x000065b8                __aeabi_uread8
                0x000065e8                __aeabi_uwrite8
 .text          0x00006608       0xce D:\MPO\ITESO\9_semestre\Redes\codec\frdmkw41z_wireless_examples_ieee_802_15_4_mwa_end_device_freertos\libs\lib802.15.4_mac_06_cm0.a(Orphan.o)
                0x00006608                Orphan_VerifyParameters
                0x00006640                Orphan_InitSeq
                0x00006682                Orphan_SendStatus
 .text          0x000066d6      0x11c D:\MPO\ITESO\9_semestre\Redes\codec\frdmkw41z_wireless_examples_ieee_802_15_4_mwa_end_device_freertos\libs\lib802.15.4_mac_06_cm0.a(Reset.o)
                0x000066d6                mlmeResetReq
 .text          0x000067f2       0xfa D:\MPO\ITESO\9_semestre\Redes\codec\frdmkw41z_wireless_examples_ieee_802_15_4_mwa_end_device_freertos\libs\lib802.15.4_mac_06_cm0.a(MacSequenceMngr.o)
                0x000067f2                getFirstSequenceByChecksum
                0x0000680c                getLastSequenceByChecksum
                0x0000682c                getSequenceByDestination
                0x00006856                getSequenceByMsduHandle
                0x00006876                createNewSeq
                0x0000688c                getChecksum
                0x000068b8                getFreeIndex
 .text          0x000068ec       0x68 D:\MPO\ITESO\9_semestre\Redes\codec\frdmkw41z_wireless_examples_ieee_802_15_4_mwa_end_device_freertos\libs\lib802.15.4_mac_06_cm0.a(SecurityLib.o)
                0x000068ec                AES_128_CCM_Star
 *(SORT_BY_ALIGNMENT(.text*))
 *fill*         0x00006954        0xc 
 .text.vPortStartFirstTask
                0x00006960       0x38 ./freertos/port.o
 *fill*         0x00006998        0x8 
 .text.PendSV_Handler
                0x000069a0       0x48 ./freertos/port.o
                0x000069a0                PendSV_Handler
 .text.DbgConsole_Printf
                0x000069e8       0x44 ./utilities/fsl_debug_console.o
                0x000069e8                DbgConsole_Printf
 .text.DbgConsole_Putchar
                0x00006a2c       0x34 ./utilities/fsl_debug_console.o
                0x00006a2c                DbgConsole_Putchar
 .text.main_task
                0x00006a60       0xb0 ./source/mwa_end_device.o
                0x00006a60                main_task
 .text.App_Idle_Task
                0x00006b10       0x90 ./source/mwa_end_device.o
                0x00006b10                App_Idle_Task
 .text.App_init
                0x00006ba0      0x150 ./source/mwa_end_device.o
                0x00006ba0                App_init
 .text.AppThread
                0x00006cf0      0x7d8 ./source/mwa_end_device.o
                0x00006cf0                AppThread
 .text.counter_increase
                0x000074c8       0x44 ./source/mwa_end_device.o
                0x000074c8                counter_increase
 .text.AppLEDS  0x0000750c       0x88 ./source/mwa_end_device.o
                0x0000750c                AppLEDS
 .text.UartRxCallBack
                0x00007594       0x64 ./source/mwa_end_device.o
 .text.App_StartScan
                0x000075f8       0xc4 ./source/mwa_end_device.o
 .text.App_HandleScanActiveConfirm
                0x000076bc       0xec ./source/mwa_end_device.o
 .text.App_SendAssociateRequest
                0x000077a8       0xe4 ./source/mwa_end_device.o
 .text.App_HandleAssociateConfirm
                0x0000788c       0x64 ./source/mwa_end_device.o
 .text.App_HandleMlmeInput
                0x000078f0       0xac ./source/mwa_end_device.o
 .text.App_HandleMcpsInput
                0x0000799c       0x6c ./source/mwa_end_device.o
 .text.App_TransmitUartData
                0x00007a08      0x184 ./source/mwa_end_device.o
 .text.AppPollWaitTimeout
                0x00007b8c       0xac ./source/mwa_end_device.o
 .text.App_HandleKeys
                0x00007c38       0xe4 ./source/mwa_end_device.o
 .text.MLME_NWK_SapHandler
                0x00007d1c       0x34 ./source/mwa_end_device.o
                0x00007d1c                MLME_NWK_SapHandler
 .text.MCPS_NWK_SapHandler
                0x00007d50       0x34 ./source/mwa_end_device.o
                0x00007d50                MCPS_NWK_SapHandler
 .text.App_TransmitUartData_ctr_t
                0x00007d84      0x154 ./source/mwa_end_device.o
                0x00007d84                App_TransmitUartData_ctr_t
 .text.HardFault_Handler
                0x00007ed8       0x30 ./source/semihost_hardfault.o
                0x00007ed8                HardFault_Handler
 .text.NVIC_EnableIRQ
                0x00007f08       0x2c ./ieee_802.15.4/phy/source/MKW41Z/PhyISR.o
 .text.NVIC_SetPendingIRQ
                0x00007f34       0x30 ./ieee_802.15.4/phy/source/MKW41Z/PhyISR.o
 .text.NVIC_ClearPendingIRQ
                0x00007f64       0x30 ./ieee_802.15.4/phy/source/MKW41Z/PhyISR.o
 .text.NVIC_SetPriority
                0x00007f94       0xdc ./ieee_802.15.4/phy/source/MKW41Z/PhyISR.o
 .text.ProtectFromXcvrInterrupt
                0x00008070       0x3c ./ieee_802.15.4/phy/source/MKW41Z/PhyISR.o
                0x00008070                ProtectFromXcvrInterrupt
 .text.UnprotectFromXcvrInterrupt
                0x000080ac       0x44 ./ieee_802.15.4/phy/source/MKW41Z/PhyISR.o
                0x000080ac                UnprotectFromXcvrInterrupt
 .text.PhyIsrPassRxParams
                0x000080f0       0x1c ./ieee_802.15.4/phy/source/MKW41Z/PhyISR.o
                0x000080f0                PhyIsrPassRxParams
 .text.PhyIsrSeqCleanup
                0x0000810c       0x5c ./ieee_802.15.4/phy/source/MKW41Z/PhyISR.o
 .text.PhyIsrTimeoutCleanup
                0x00008168       0x60 ./ieee_802.15.4/phy/source/MKW41Z/PhyISR.o
 .text.Phy_GetEnergyLevel
                0x000081c8       0x58 ./ieee_802.15.4/phy/source/MKW41Z/PhyISR.o
                0x000081c8                Phy_GetEnergyLevel
 .text.PHY_InterruptHandler
                0x00008220      0x368 ./ieee_802.15.4/phy/source/MKW41Z/PhyISR.o
                0x00008220                PHY_InterruptHandler
 .text.PHY_InstallIsr
                0x00008588       0x30 ./ieee_802.15.4/phy/source/MKW41Z/PhyISR.o
                0x00008588                PHY_InstallIsr
 .text.Phy_GetRxParams
                0x000085b8       0x74 ./ieee_802.15.4/phy/source/MKW41Z/PhyISR.o
 .text.PhyHwInit
                0x0000862c      0x13c ./ieee_802.15.4/phy/source/MKW41Z/PhyPacketProcessor.o
                0x0000862c                PhyHwInit
 .text.PhyAbort
                0x00008768       0xb4 ./ieee_802.15.4/phy/source/MKW41Z/PhyPacketProcessor.o
                0x00008768                PhyAbort
 .text.PhyPpGetState
                0x0000881c       0x1c ./ieee_802.15.4/phy/source/MKW41Z/PhyPacketProcessor.o
                0x0000881c                PhyPpGetState
 .text.PhyPpSetPanId
                0x00008838       0x70 ./ieee_802.15.4/phy/source/MKW41Z/PhyPacketProcessor.o
                0x00008838                PhyPpSetPanId
 .text.PhyPpSetShortAddr
                0x000088a8       0x70 ./ieee_802.15.4/phy/source/MKW41Z/PhyPacketProcessor.o
                0x000088a8                PhyPpSetShortAddr
 .text.PhyPpSetLongAddr
                0x00008918       0x60 ./ieee_802.15.4/phy/source/MKW41Z/PhyPacketProcessor.o
                0x00008918                PhyPpSetLongAddr
 .text.PhyPpSetMacRole
                0x00008978       0x90 ./ieee_802.15.4/phy/source/MKW41Z/PhyPacketProcessor.o
                0x00008978                PhyPpSetMacRole
 .text.PhyPpSetPromiscuous
                0x00008a08       0x5c ./ieee_802.15.4/phy/source/MKW41Z/PhyPacketProcessor.o
                0x00008a08                PhyPpSetPromiscuous
 .text.PhyPp_IndirectQueueInsert
                0x00008a64       0x6c ./ieee_802.15.4/phy/source/MKW41Z/PhyPacketProcessor.o
                0x00008a64                PhyPp_IndirectQueueInsert
 .text.PhyPp_RemoveFromIndirect
                0x00008ad0       0x60 ./ieee_802.15.4/phy/source/MKW41Z/PhyPacketProcessor.o
                0x00008ad0                PhyPp_RemoveFromIndirect
 .text.PhyPpIsTxAckDataPending
                0x00008b30       0x4c ./ieee_802.15.4/phy/source/MKW41Z/PhyPacketProcessor.o
                0x00008b30                PhyPpIsTxAckDataPending
 .text.PhyPlmeSetPwrState
                0x00008b7c      0x128 ./ieee_802.15.4/phy/source/MKW41Z/PhyPacketProcessor.o
                0x00008b7c                PhyPlmeSetPwrState
 .text.PhyPdDataRequest
                0x00008ca4      0x1b0 ./ieee_802.15.4/phy/source/MKW41Z/PhyPlmeData.o
                0x00008ca4                PhyPdDataRequest
 .text.PhyPlmeRxRequest
                0x00008e54      0x16c ./ieee_802.15.4/phy/source/MKW41Z/PhyPlmeData.o
                0x00008e54                PhyPlmeRxRequest
 .text.PhyPlmeCcaEdRequest
                0x00008fc0      0x11c ./ieee_802.15.4/phy/source/MKW41Z/PhyPlmeData.o
                0x00008fc0                PhyPlmeCcaEdRequest
 .text.PhyPlmeSetCurrentChannelRequest
                0x000090dc       0x8c ./ieee_802.15.4/phy/source/MKW41Z/PhyPlmeData.o
                0x000090dc                PhyPlmeSetCurrentChannelRequest
 .text.PhyPlmeGetCurrentChannelRequest
                0x00009168       0x3c ./ieee_802.15.4/phy/source/MKW41Z/PhyPlmeData.o
                0x00009168                PhyPlmeGetCurrentChannelRequest
 .text.PhyPlmeSetPwrLevelRequest
                0x000091a4       0x7c ./ieee_802.15.4/phy/source/MKW41Z/PhyPlmeData.o
                0x000091a4                PhyPlmeSetPwrLevelRequest
 .text.PhyPlmeGetPwrLevelRequest
                0x00009220       0x34 ./ieee_802.15.4/phy/source/MKW41Z/PhyPlmeData.o
                0x00009220                PhyPlmeGetPwrLevelRequest
 .text.PhyPlmeSetPIBRequest
                0x00009254      0x1d0 ./ieee_802.15.4/phy/source/MKW41Z/PhyPlmeData.o
                0x00009254                PhyPlmeSetPIBRequest
 .text.PhyPlmeGetPIBRequest
                0x00009424      0x3c0 ./ieee_802.15.4/phy/source/MKW41Z/PhyPlmeData.o
                0x00009424                PhyPlmeGetPIBRequest
 .text.PhyRxRetry
                0x000097e4       0x74 ./ieee_802.15.4/phy/source/MKW41Z/PhyPlmeData.o
 .text.Phy_Init
                0x00009858       0x40 ./ieee_802.15.4/phy/source/MKW41Z/PhyStateMachine.o
                0x00009858                Phy_Init
 .text.Phy_RegisterSapHandlers
                0x00009898       0x24 ./ieee_802.15.4/phy/source/MKW41Z/PhyStateMachine.o
                0x00009898                Phy_RegisterSapHandlers
 .text.Phy24Task
                0x000098bc      0x260 ./ieee_802.15.4/phy/source/MKW41Z/PhyStateMachine.o
 .text.MAC_PD_SapHandler
                0x00009b1c       0xb0 ./ieee_802.15.4/phy/source/MKW41Z/PhyStateMachine.o
                0x00009b1c                MAC_PD_SapHandler
 .text.MAC_PLME_SapHandler
                0x00009bcc      0x194 ./ieee_802.15.4/phy/source/MKW41Z/PhyStateMachine.o
                0x00009bcc                MAC_PLME_SapHandler
 .text.Phy_HandlePdDataReq
                0x00009d60      0x188 ./ieee_802.15.4/phy/source/MKW41Z/PhyStateMachine.o
 .text.Phy_EnterIdle
                0x00009ee8       0x88 ./ieee_802.15.4/phy/source/MKW41Z/PhyStateMachine.o
 .text.PhyPlmeSetFrameWaitTime
                0x00009f70       0x1c ./ieee_802.15.4/phy/source/MKW41Z/PhyStateMachine.o
                0x00009f70                PhyPlmeSetFrameWaitTime
 .text.PhyPlmeSetRxOnWhenIdle
                0x00009f8c       0x88 ./ieee_802.15.4/phy/source/MKW41Z/PhyStateMachine.o
                0x00009f8c                PhyPlmeSetRxOnWhenIdle
 .text.PhyIsIdleRx
                0x0000a014       0x4c ./ieee_802.15.4/phy/source/MKW41Z/PhyStateMachine.o
                0x0000a014                PhyIsIdleRx
 .text.Radio_Phy_PdDataConfirm
                0x0000a060       0x94 ./ieee_802.15.4/phy/source/MKW41Z/PhyStateMachine.o
                0x0000a060                Radio_Phy_PdDataConfirm
 .text.Radio_Phy_PdDataIndication
                0x0000a0f4       0x24 ./ieee_802.15.4/phy/source/MKW41Z/PhyStateMachine.o
                0x0000a0f4                Radio_Phy_PdDataIndication
 .text.Radio_Phy_PlmeCcaConfirm
                0x0000a118       0x34 ./ieee_802.15.4/phy/source/MKW41Z/PhyStateMachine.o
                0x0000a118                Radio_Phy_PlmeCcaConfirm
 .text.Radio_Phy_PlmeEdConfirm
                0x0000a14c       0x34 ./ieee_802.15.4/phy/source/MKW41Z/PhyStateMachine.o
                0x0000a14c                Radio_Phy_PlmeEdConfirm
 .text.Radio_Phy_TimeRxTimeoutIndication
                0x0000a180       0x30 ./ieee_802.15.4/phy/source/MKW41Z/PhyStateMachine.o
                0x0000a180                Radio_Phy_TimeRxTimeoutIndication
 .text.Radio_Phy_PlmeRxWatermark
                0x0000a1b0       0xb8 ./ieee_802.15.4/phy/source/MKW41Z/PhyStateMachine.o
                0x0000a1b0                Radio_Phy_PlmeRxWatermark
 .text.Radio_Phy_PlmeFilterFailRx
                0x0000a268       0x54 ./ieee_802.15.4/phy/source/MKW41Z/PhyStateMachine.o
                0x0000a268                Radio_Phy_PlmeFilterFailRx
 .text.PLME_SendMessage
                0x0000a2bc       0xd4 ./ieee_802.15.4/phy/source/MKW41Z/PhyStateMachine.o
 .text.PD_SendMessage
                0x0000a390      0x268 ./ieee_802.15.4/phy/source/MKW41Z/PhyStateMachine.o
 .text.Phy_SendLatePLME
                0x0000a5f8       0x24 ./ieee_802.15.4/phy/source/MKW41Z/PhyStateMachine.o
 .text.Phy_SendLatePD
                0x0000a61c       0x24 ./ieee_802.15.4/phy/source/MKW41Z/PhyStateMachine.o
 .text.Radio_Phy_Notify
                0x0000a640       0x18 ./ieee_802.15.4/phy/source/MKW41Z/PhyStateMachine.o
                0x0000a640                Radio_Phy_Notify
 .text.PhyTimeSetEventTrigger
                0x0000a658       0x68 ./ieee_802.15.4/phy/source/MKW41Z/PhyTime.o
                0x0000a658                PhyTimeSetEventTrigger
 .text.PhyTimeDisableEventTrigger
                0x0000a6c0       0x5c ./ieee_802.15.4/phy/source/MKW41Z/PhyTime.o
                0x0000a6c0                PhyTimeDisableEventTrigger
 .text.PhyTimeSetEventTimeout
                0x0000a71c       0x74 ./ieee_802.15.4/phy/source/MKW41Z/PhyTime.o
                0x0000a71c                PhyTimeSetEventTimeout
 .text.PhyTimeGetEventTimeout
                0x0000a790       0x20 ./ieee_802.15.4/phy/source/MKW41Z/PhyTime.o
                0x0000a790                PhyTimeGetEventTimeout
 .text.PhyTimeDisableEventTimeout
                0x0000a7b0       0x60 ./ieee_802.15.4/phy/source/MKW41Z/PhyTime.o
                0x0000a7b0                PhyTimeDisableEventTimeout
 .text.PhyTimeReadClock
                0x0000a810       0x28 ./ieee_802.15.4/phy/source/MKW41Z/PhyTime.o
                0x0000a810                PhyTimeReadClock
 .text.PhyTimeSetWaitTimeout
                0x0000a838       0x6c ./ieee_802.15.4/phy/source/MKW41Z/PhyTime.o
                0x0000a838                PhyTimeSetWaitTimeout
 .text.PhyTimeDisableWaitTimeout
                0x0000a8a4       0x50 ./ieee_802.15.4/phy/source/MKW41Z/PhyTime.o
                0x0000a8a4                PhyTimeDisableWaitTimeout
 .text.PhyTime_ISR
                0x0000a8f4       0x54 ./ieee_802.15.4/phy/source/MKW41Z/PhyTime.o
                0x0000a8f4                PhyTime_ISR
 .text.PhyTime_TimerInit
                0x0000a948       0x90 ./ieee_802.15.4/phy/source/MKW41Z/PhyTime.o
                0x0000a948                PhyTime_TimerInit
 .text.PhyTime_GetTimestamp
                0x0000a9d8       0x80 ./ieee_802.15.4/phy/source/MKW41Z/PhyTime.o
                0x0000a9d8                PhyTime_GetTimestamp
 .text.PhyTime_ScheduleEvent
                0x0000aa58       0xe8 ./ieee_802.15.4/phy/source/MKW41Z/PhyTime.o
                0x0000aa58                PhyTime_ScheduleEvent
 .text.PhyTime_CancelEvent
                0x0000ab40       0xa4 ./ieee_802.15.4/phy/source/MKW41Z/PhyTime.o
                0x0000ab40                PhyTime_CancelEvent
 .text.PhyTime_CancelEventsWithParam
                0x0000abe4       0xac ./ieee_802.15.4/phy/source/MKW41Z/PhyTime.o
                0x0000abe4                PhyTime_CancelEventsWithParam
 .text.PhyTime_RunCallback
                0x0000ac90       0x70 ./ieee_802.15.4/phy/source/MKW41Z/PhyTime.o
                0x0000ac90                PhyTime_RunCallback
 .text.PhyTime_Maintenance
                0x0000ad00       0xa8 ./ieee_802.15.4/phy/source/MKW41Z/PhyTime.o
                0x0000ad00                PhyTime_Maintenance
 .text.PhyTime_OverflowCB
                0x0000ada8       0x50 ./ieee_802.15.4/phy/source/MKW41Z/PhyTime.o
 .text.PhyTime_GetNextEvent
                0x0000adf8       0x74 ./ieee_802.15.4/phy/source/MKW41Z/PhyTime.o
 .text.MAC_Init
                0x0000ae6c       0x68 ./ieee_802.15.4/mac/source/App/MacGlobals.o
                0x0000ae6c                MAC_Init
 .text.xEventGroupSetBitsFromISR
                0x0000aed4       0x2c ./freertos/event_groups.o
                0x0000aed4                xEventGroupSetBitsFromISR
 .text.prvSetupTimerInterrupt
                0x0000af00       0x40 ./freertos/fsl_tickless_lptmr.o
                0x0000af00                prvSetupTimerInterrupt
 .text.pvPortMalloc
                0x0000af40      0x14c ./freertos/heap_4.o
                0x0000af40                pvPortMalloc
 .text.vPortFree
                0x0000b08c       0x90 ./freertos/heap_4.o
                0x0000b08c                vPortFree
 .text.prvHeapInit
                0x0000b11c       0xc0 ./freertos/heap_4.o
 .text.prvInsertBlockIntoFreeList
                0x0000b1dc       0xb0 ./freertos/heap_4.o
 .text.pxPortInitialiseStack
                0x0000b28c       0x54 ./freertos/port.o
                0x0000b28c                pxPortInitialiseStack
 .text.prvTaskExitError
                0x0000b2e0       0x18 ./freertos/port.o
 .text.xPortStartScheduler
                0x0000b2f8       0x44 ./freertos/port.o
                0x0000b2f8                xPortStartScheduler
 .text.vPortYield
                0x0000b33c       0x20 ./freertos/port.o
                0x0000b33c                vPortYield
 .text.vPortEnterCritical
                0x0000b35c       0x24 ./freertos/port.o
                0x0000b35c                vPortEnterCritical
 .text.vPortExitCritical
                0x0000b380       0x30 ./freertos/port.o
                0x0000b380                vPortExitCritical
 .text.SysTick_Handler
                0x0000b3b0       0x34 ./freertos/port.o
                0x0000b3b0                SysTick_Handler
 .text.vQueueAddToRegistry
                0x0000b3e4       0x50 ./freertos/queue.o
                0x0000b3e4                vQueueAddToRegistry
 .text.prvInitialiseNewTask
                0x0000b434      0x12c ./freertos/tasks.o
 .text.prvAddNewTaskToReadyList
                0x0000b560       0xd0 ./freertos/tasks.o
 .text.vTaskStartScheduler
                0x0000b630       0x78 ./freertos/tasks.o
                0x0000b630                vTaskStartScheduler
 .text.vTaskSuspendAll
                0x0000b6a8       0x18 ./freertos/tasks.o
                0x0000b6a8                vTaskSuspendAll
 .text.xTaskResumeAll
                0x0000b6c0      0x118 ./freertos/tasks.o
                0x0000b6c0                xTaskResumeAll
 .text.xTaskGetTickCount
                0x0000b7d8       0x1c ./freertos/tasks.o
                0x0000b7d8                xTaskGetTickCount
 .text.xTaskIncrementTick
                0x0000b7f4      0x14c ./freertos/tasks.o
                0x0000b7f4                xTaskIncrementTick
 .text.vTaskSwitchContext
                0x0000b940       0xa4 ./freertos/tasks.o
                0x0000b940                vTaskSwitchContext
 .text.vTaskPlaceOnEventList
                0x0000b9e4       0x3c ./freertos/tasks.o
                0x0000b9e4                vTaskPlaceOnEventList
 .text.vTaskPlaceOnUnorderedEventList
                0x0000ba20       0x5c ./freertos/tasks.o
                0x0000ba20                vTaskPlaceOnUnorderedEventList
 .text.vTaskPlaceOnEventListRestricted
                0x0000ba7c       0x4c ./freertos/tasks.o
                0x0000ba7c                vTaskPlaceOnEventListRestricted
 .text.xTaskRemoveFromEventList
                0x0000bac8       0xb8 ./freertos/tasks.o
                0x0000bac8                xTaskRemoveFromEventList
 .text.xTaskRemoveFromUnorderedEventList
                0x0000bb80       0xb0 ./freertos/tasks.o
                0x0000bb80                xTaskRemoveFromUnorderedEventList
 .text.vTaskSetTimeOutState
                0x0000bc30       0x34 ./freertos/tasks.o
                0x0000bc30                vTaskSetTimeOutState
 .text.xTaskCheckForTimeOut
                0x0000bc64       0x9c ./freertos/tasks.o
                0x0000bc64                xTaskCheckForTimeOut
 .text.vTaskMissedYield
                0x0000bd00       0x14 ./freertos/tasks.o
                0x0000bd00                vTaskMissedYield
 .text.prvIdleTask
                0x0000bd14       0x20 ./freertos/tasks.o
 .text.prvInitialiseTaskLists
                0x0000bd34       0x88 ./freertos/tasks.o
 .text.prvCheckTasksWaitingTermination
                0x0000bdbc       0x78 ./freertos/tasks.o
 .text.prvResetNextTaskUnblockTime
                0x0000be34       0x48 ./freertos/tasks.o
 .text.xTaskGetCurrentTaskHandle
                0x0000be7c       0x1c ./freertos/tasks.o
                0x0000be7c                xTaskGetCurrentTaskHandle
 .text.xTaskGetSchedulerState
                0x0000be98       0x38 ./freertos/tasks.o
                0x0000be98                xTaskGetSchedulerState
 .text.vTaskPriorityInherit
                0x0000bed0       0xbc ./freertos/tasks.o
                0x0000bed0                vTaskPriorityInherit
 .text.xTaskPriorityDisinherit
                0x0000bf8c       0xb8 ./freertos/tasks.o
                0x0000bf8c                xTaskPriorityDisinherit
 .text.uxTaskResetEventItemValue
                0x0000c044       0x2c ./freertos/tasks.o
                0x0000c044                uxTaskResetEventItemValue
 .text.pvTaskIncrementMutexHeldCount
                0x0000c070       0x24 ./freertos/tasks.o
                0x0000c070                pvTaskIncrementMutexHeldCount
 .text.prvAddCurrentTaskToDelayedList
                0x0000c094       0xa8 ./freertos/tasks.o
 .text.xTimerCreateTimerTask
                0x0000c13c       0x54 ./freertos/timers.o
                0x0000c13c                xTimerCreateTimerTask
 .text.xTimerGenericCommand
                0x0000c190       0x94 ./freertos/timers.o
                0x0000c190                xTimerGenericCommand
 .text.prvProcessExpiredTimer
                0x0000c224       0x70 ./freertos/timers.o
 .text.prvProcessTimerOrBlockTask
                0x0000c294       0x8c ./freertos/timers.o
 .text.prvGetNextExpireTime
                0x0000c320       0x40 ./freertos/timers.o
 .text.prvSampleTimeNow
                0x0000c360       0x40 ./freertos/timers.o
 .text.prvInsertTimerInActiveList
                0x0000c3a0       0x84 ./freertos/timers.o
 .text.prvProcessReceivedCommands
                0x0000c424      0x128 ./freertos/timers.o
 .text.prvSwitchTimerLists
                0x0000c54c       0xb4 ./freertos/timers.o
 .text.prvCheckForValidListAndQueue
                0x0000c600       0x74 ./freertos/timers.o
 .text.xTimerPendFunctionCallFromISR
                0x0000c674       0x4c ./freertos/timers.o
                0x0000c674                xTimerPendFunctionCallFromISR
 .text.XCVR_Init
                0x0000c6c0      0x128 ./framework/XCVR/MKW41Z4/fsl_xcvr.o
                0x0000c6c0                XCVR_Init
 .text.XCVR_GetDefaultConfig
                0x0000c7e8      0x174 ./framework/XCVR/MKW41Z4/fsl_xcvr.o
                0x0000c7e8                XCVR_GetDefaultConfig
 .text.XCVR_Configure
                0x0000c95c      0x98c ./framework/XCVR/MKW41Z4/fsl_xcvr.o
                0x0000c95c                XCVR_Configure
 .text.XcvrPanic
                0x0000d2e8       0x40 ./framework/XCVR/MKW41Z4/fsl_xcvr.o
                0x0000d2e8                XcvrPanic
 .text.XCVR_SetXtalTrim
                0x0000d328       0x64 ./framework/XCVR/MKW41Z4/fsl_xcvr.o
                0x0000d328                XCVR_SetXtalTrim
 .text.XCVR_OverrideChannel
                0x0000d38c      0x140 ./framework/XCVR/MKW41Z4/fsl_xcvr.o
                0x0000d38c                XCVR_OverrideChannel
 .text.XCVR_ForceRxWu
                0x0000d4cc       0x1c ./framework/XCVR/MKW41Z4/fsl_xcvr.o
                0x0000d4cc                XCVR_ForceRxWu
 .text.XCVR_ForceRxWd
                0x0000d4e8       0x1c ./framework/XCVR/MKW41Z4/fsl_xcvr.o
                0x0000d4e8                XCVR_ForceRxWd
 .text.calc_dcoc_dac_step
                0x0000d504       0x88 ./framework/XCVR/MKW41Z4/fsl_xcvr_trim.o
                0x0000d504                calc_dcoc_dac_step
 .text.rx_dc_est_average
                0x0000d58c      0x1a0 ./framework/XCVR/MKW41Z4/fsl_xcvr_trim.o
                0x0000d58c                rx_dc_est_average
 .text.rx_bba_dcoc_dac_trim_DCest
                0x0000d72c      0x7bc ./framework/XCVR/MKW41Z4/fsl_xcvr_trim.o
                0x0000d72c                rx_bba_dcoc_dac_trim_DCest
 .text.DCOC_DAC_INIT_Cal
                0x0000dee8      0x5f0 ./framework/XCVR/MKW41Z4/fsl_xcvr_trim.o
                0x0000dee8                DCOC_DAC_INIT_Cal
 .text.read_first_ifr_word
                0x0000e4d8       0x20 ./framework/XCVR/MKW41Z4/ifr_radio.o
                0x0000e4d8                read_first_ifr_word
 .text.read_another_ifr_word
                0x0000e4f8       0x2c ./framework/XCVR/MKW41Z4/ifr_radio.o
                0x0000e4f8                read_another_ifr_word
 .text.read_resource_ifr
                0x0000e524       0xd4 ./framework/XCVR/MKW41Z4/ifr_radio.o
                0x0000e524                read_resource_ifr
 .text.handle_ifr
                0x0000e5f8      0x184 ./framework/XCVR/MKW41Z4/ifr_radio.o
                0x0000e5f8                handle_ifr
 .text.NVIC_EnableIRQ
                0x0000e77c       0x2c ./framework/TimersManager/Source/TMR_Adapter.o
 .text.NVIC_ClearPendingIRQ
                0x0000e7a8       0x30 ./framework/TimersManager/Source/TMR_Adapter.o
 .text.NVIC_SetPriority
                0x0000e7d8       0xdc ./framework/TimersManager/Source/TMR_Adapter.o
 .text.StackTimer_Init
                0x0000e8b4       0x98 ./framework/TimersManager/Source/TMR_Adapter.o
                0x0000e8b4                StackTimer_Init
 .text.StackTimer_Enable
                0x0000e94c       0x1c ./framework/TimersManager/Source/TMR_Adapter.o
                0x0000e94c                StackTimer_Enable
 .text.StackTimer_Disable
                0x0000e968       0x18 ./framework/TimersManager/Source/TMR_Adapter.o
                0x0000e968                StackTimer_Disable
 .text.StackTimer_GetCounterValue
                0x0000e980       0x14 ./framework/TimersManager/Source/TMR_Adapter.o
                0x0000e980                StackTimer_GetCounterValue
 .text.StackTimer_SetOffsetTicks
                0x0000e994       0x24 ./framework/TimersManager/Source/TMR_Adapter.o
                0x0000e994                StackTimer_SetOffsetTicks
 .text.StackTimer_ClearIntFlag
                0x0000e9b8       0x30 ./framework/TimersManager/Source/TMR_Adapter.o
                0x0000e9b8                StackTimer_ClearIntFlag
 .text.TMR_GetTimerStatus
                0x0000e9e8       0x28 ./framework/TimersManager/Source/TimersManager.o
 .text.TMR_SetTimerStatus
                0x0000ea10       0x44 ./framework/TimersManager/Source/TimersManager.o
 .text.TMR_GetTimerType
                0x0000ea54       0x28 ./framework/TimersManager/Source/TimersManager.o
 .text.TMR_SetTimerType
                0x0000ea7c       0x44 ./framework/TimersManager/Source/TimersManager.o
 .text.TmrTicksFromMilliseconds
                0x0000eac0       0x48 ./framework/TimersManager/Source/TimersManager.o
                0x0000eac0                TmrTicksFromMilliseconds
 .text.TMR_Init
                0x0000eb08       0x80 ./framework/TimersManager/Source/TimersManager.o
                0x0000eb08                TMR_Init
 .text.TMR_NotifyClkChanged
                0x0000eb88       0x44 ./framework/TimersManager/Source/TimersManager.o
                0x0000eb88                TMR_NotifyClkChanged
 .text.TMR_AllocateTimer
                0x0000ebcc       0x50 ./framework/TimersManager/Source/TimersManager.o
                0x0000ebcc                TMR_AllocateTimer
 .text.TMR_AreAllTimersOff
                0x0000ec1c       0x18 ./framework/TimersManager/Source/TimersManager.o
                0x0000ec1c                TMR_AreAllTimersOff
 .text.StackTimer_ISR
                0x0000ec34       0x24 ./framework/TimersManager/Source/TimersManager.o
 .text.TMR_StartTimer
                0x0000ec58       0xe8 ./framework/TimersManager/Source/TimersManager.o
                0x0000ec58                TMR_StartTimer
 .text.TMR_StopTimer
                0x0000ed40       0xe8 ./framework/TimersManager/Source/TimersManager.o
                0x0000ed40                TMR_StopTimer
 .text.TMR_Task
                0x0000ee28      0x4fc ./framework/TimersManager/Source/TimersManager.o
                0x0000ee28                TMR_Task
 .text.TMR_EnableTimer
                0x0000f324       0x84 ./framework/TimersManager/Source/TimersManager.o
                0x0000f324                TMR_EnableTimer
 .text.TMR_NotCountedTicksBeforeSleep
                0x0000f3a8       0x50 ./framework/TimersManager/Source/TimersManager.o
                0x0000f3a8                TMR_NotCountedTicksBeforeSleep
 .text.TMR_SyncLpmTimers
                0x0000f3f8       0xe0 ./framework/TimersManager/Source/TimersManager.o
                0x0000f3f8                TMR_SyncLpmTimers
 .text.TMR_MakeTMRThreadReady
                0x0000f4d8       0x20 ./framework/TimersManager/Source/TimersManager.o
                0x0000f4d8                TMR_MakeTMRThreadReady
 .text.TMR_GetTimerFreq
                0x0000f4f8       0x14 ./framework/TimersManager/Source/TimersManager.o
                0x0000f4f8                TMR_GetTimerFreq
 .text.TMR_PITGetTimestamp
                0x0000f50c      0x1a4 ./framework/TimersManager/Source/TimersManager.o
                0x0000f50c                TMR_PITGetTimestamp
 .text.NVIC_EnableIRQ
                0x0000f6b0       0x2c ./framework/SerialManager/Source/UART_Adapter/UART_Adapter.o
 .text.NVIC_SetPriority
                0x0000f6dc       0xdc ./framework/SerialManager/Source/UART_Adapter/UART_Adapter.o
 .text.LPUART_Initialize
                0x0000f7b8       0xe8 ./framework/SerialManager/Source/UART_Adapter/UART_Adapter.o
                0x0000f7b8                LPUART_Initialize
 .text.LPUART_SetBaudrate
                0x0000f8a0       0x44 ./framework/SerialManager/Source/UART_Adapter/UART_Adapter.o
                0x0000f8a0                LPUART_SetBaudrate
 .text.LPUART_SendData
                0x0000f8e4       0xc0 ./framework/SerialManager/Source/UART_Adapter/UART_Adapter.o
                0x0000f8e4                LPUART_SendData
 .text.LPUART_InstallRxCalback
                0x0000f9a4       0x44 ./framework/SerialManager/Source/UART_Adapter/UART_Adapter.o
                0x0000f9a4                LPUART_InstallRxCalback
 .text.LPUART_InstallTxCalback
                0x0000f9e8       0x44 ./framework/SerialManager/Source/UART_Adapter/UART_Adapter.o
                0x0000f9e8                LPUART_InstallTxCalback
 .text.LPUART_IsTxActive
                0x0000fa2c       0x58 ./framework/SerialManager/Source/UART_Adapter/UART_Adapter.o
                0x0000fa2c                LPUART_IsTxActive
 .text.LPUART_ISR
                0x0000fa84      0x17c ./framework/SerialManager/Source/UART_Adapter/UART_Adapter.o
 .text.SerialManager_Init
                0x0000fc00       0x80 ./framework/SerialManager/Source/SerialManager.o
                0x0000fc00                SerialManager_Init
 .text.SerialManagerTask
                0x0000fc80      0x1c4 ./framework/SerialManager/Source/SerialManager.o
                0x0000fc80                SerialManagerTask
 .text.Serial_InitInterface
                0x0000fe44      0x190 ./framework/SerialManager/Source/SerialManager.o
                0x0000fe44                Serial_InitInterface
 .text.Serial_AsyncWrite
                0x0000ffd4      0x1bc ./framework/SerialManager/Source/SerialManager.o
                0x0000ffd4                Serial_AsyncWrite
 .text.Serial_SyncWrite
                0x00010190       0xe0 ./framework/SerialManager/Source/SerialManager.o
                0x00010190                Serial_SyncWrite
 .text.Serial_Read
                0x00010270      0x124 ./framework/SerialManager/Source/SerialManager.o
                0x00010270                Serial_Read
 .text.Serial_RxBufferByteCount
                0x00010394      0x10c ./framework/SerialManager/Source/SerialManager.o
                0x00010394                Serial_RxBufferByteCount
 .text.Serial_SetRxCallBack
                0x000104a0       0x78 ./framework/SerialManager/Source/SerialManager.o
                0x000104a0                Serial_SetRxCallBack
 .text.Serial_SetBaudRate
                0x00010518       0x94 ./framework/SerialManager/Source/SerialManager.o
                0x00010518                Serial_SetBaudRate
 .text.Serial_WriteInternal
                0x000105ac      0x12c ./framework/SerialManager/Source/SerialManager.o
 .text.SerialManager_RxNotify
                0x000106d8       0xc8 ./framework/SerialManager/Source/SerialManager.o
                0x000106d8                SerialManager_RxNotify
 .text.SerialManager_TxNotify
                0x000107a0      0x100 ./framework/SerialManager/Source/SerialManager.o
                0x000107a0                SerialManager_TxNotify
 .text.Serial_TxQueueMaintenance
                0x000108a0      0x15c ./framework/SerialManager/Source/SerialManager.o
 .text.Serial_UartRxCb
                0x000109fc       0x5c ./framework/SerialManager/Source/SerialManager.o
 .text.SecLib_Init
                0x00010a58       0x3c ./framework/SecLib/SecLib.o
                0x00010a58                SecLib_Init
 .text.AES_128_CCM
                0x00010a94       0xf4 ./framework/SecLib/SecLib.o
                0x00010a94                AES_128_CCM
 .text.NVIC_EnableIRQ
                0x00010b88       0x2c ./framework/RNG/Source/RNG.o
 .text.RNG_Init
                0x00010bb4       0xe4 ./framework/RNG/Source/RNG.o
                0x00010bb4                RNG_Init
 .text.TRNG_ISR
                0x00010c98       0x40 ./framework/RNG/Source/RNG.o
 .text.OSA_SemaphorePost
                0x00010cd8       0x9c ./framework/OSAbstraction/Source/fsl_os_abstraction_free_rtos.o
                0x00010cd8                OSA_SemaphorePost
 .text.OSA_EventCreate
                0x00010d74       0x70 ./framework/OSAbstraction/Source/fsl_os_abstraction_free_rtos.o
                0x00010d74                OSA_EventCreate
 .text.OSA_EventSet
                0x00010de4       0xa0 ./framework/OSAbstraction/Source/fsl_os_abstraction_free_rtos.o
                0x00010de4                OSA_EventSet
 .text.OSA_EventWait
                0x00010e84       0xa4 ./framework/OSAbstraction/Source/fsl_os_abstraction_free_rtos.o
                0x00010e84                OSA_EventWait
 .text.OSA_InterruptEnable
                0x00010f28       0x4c ./framework/OSAbstraction/Source/fsl_os_abstraction_free_rtos.o
                0x00010f28                OSA_InterruptEnable
 .text.OSA_InterruptDisable
                0x00010f74       0x4c ./framework/OSAbstraction/Source/fsl_os_abstraction_free_rtos.o
                0x00010f74                OSA_InterruptDisable
 .text.main     0x00010fc0       0x24 ./framework/OSAbstraction/Source/fsl_os_abstraction_free_rtos.o
                0x00010fc0                main
 .text.__NvAtomicSave
                0x00010fe4       0xec ./framework/NVM/Source/NV_Flash.o
 .text.__NvSyncSave
                0x000110d0      0x130 ./framework/NVM/Source/NV_Flash.o
 .text.__NvIdle
                0x00011200      0x1d4 ./framework/NVM/Source/NV_Flash.o
 .text.__NvRestoreDataSet
                0x000113d4       0x58 ./framework/NVM/Source/NV_Flash.o
 .text.__NvTimerTick
                0x0001142c      0x190 ./framework/NVM/Source/NV_Flash.o
 .text.__NvSaveOnIdle
                0x000115bc       0x7c ./framework/NVM/Source/NV_Flash.o
 .text.__NvModuleInit
                0x00011638      0x144 ./framework/NVM/Source/NV_Flash.o
 .text.InitNVMConfig
                0x0001177c       0xc8 ./framework/NVM/Source/NV_Flash.o
 .text.NvEraseVirtualPage
                0x00011844       0x78 ./framework/NVM/Source/NV_Flash.o
 .text.NvInitStorageSystem
                0x000118bc      0x1e4 ./framework/NVM/Source/NV_Flash.o
 .text.NvVirtualPageBlankCheck
                0x00011aa0       0x5c ./framework/NVM/Source/NV_Flash.o
 .text.NvUpdateLastMetaInfoAddress
                0x00011afc      0x11c ./framework/NVM/Source/NV_Flash.o
 .text.NvGetMetaInfo
                0x00011c18       0x64 ./framework/NVM/Source/NV_Flash.o
 .text.NvGetPageFreeSpace
                0x00011c7c       0xe0 ./framework/NVM/Source/NV_Flash.o
 .text.NvIsMemoryAreaAvailable
                0x00011d5c       0xa8 ./framework/NVM/Source/NV_Flash.o
 .text.NvIsRecordCopied
                0x00011e04      0x124 ./framework/NVM/Source/NV_Flash.o
 .text.NvInternalCopy
                0x00011f28      0x3a4 ./framework/NVM/Source/NV_Flash.o
 .text.NvCopyPage
                0x000122cc      0x27c ./framework/NVM/Source/NV_Flash.o
 .text.NvInternalFormat
                0x00012548       0x88 ./framework/NVM/Source/NV_Flash.o
 .text.NvSaveRamTable
                0x000125d0       0xb4 ./framework/NVM/Source/NV_Flash.o
 .text.UpgradeLegacyTable
                0x00012684      0x34c ./framework/NVM/Source/NV_Flash.o
 .text.NvGetEntryFromDataPtr
                0x000129d0       0xfc ./framework/NVM/Source/NV_Flash.o
 .text.NvWriteRecord
                0x00012acc      0x4e0 ./framework/NVM/Source/NV_Flash.o
 .text.NvRestoreData
                0x00012fac      0x2fc ./framework/NVM/Source/NV_Flash.o
 .text.NvGetTableEntryIndexFromId
                0x000132a8       0x78 ./framework/NVM/Source/NV_Flash.o
 .text.NvProcessFirstSaveInQueue
                0x00013320       0xc0 ./framework/NVM/Source/NV_Flash.o
 .text.NvAddSaveRequestToQueue
                0x000133e0      0x200 ./framework/NVM/Source/NV_Flash.o
 .text.NvModuleInit
                0x000135e0       0x4c ./framework/NVM/Source/NV_Flash.o
                0x000135e0                NvModuleInit
 .text.NvSaveOnIdle
                0x0001362c       0x50 ./framework/NVM/Source/NV_Flash.o
                0x0001362c                NvSaveOnIdle
 .text.NvRestoreDataSet
                0x0001367c       0x50 ./framework/NVM/Source/NV_Flash.o
                0x0001367c                NvRestoreDataSet
 .text.NvClearCriticalSection
                0x000136cc       0x30 ./framework/NVM/Source/NV_Flash.o
                0x000136cc                NvClearCriticalSection
 .text.NvIdle   0x000136fc       0x44 ./framework/NVM/Source/NV_Flash.o
                0x000136fc                NvIdle
 .text.NvGetNvIdleTaskId
                0x00013740       0x14 ./framework/NVM/Source/NV_Flash.o
                0x00013740                NvGetNvIdleTaskId
 .text.MEM_Init
                0x00013754       0xc4 ./framework/MemManager/Source/MemManager.o
                0x00013754                MEM_Init
 .text.MEM_BufferAllocWithId
                0x00013818       0xb8 ./framework/MemManager/Source/MemManager.o
                0x00013818                MEM_BufferAllocWithId
 .text.MEM_BufferFree
                0x000138d0       0xb0 ./framework/MemManager/Source/MemManager.o
                0x000138d0                MEM_BufferFree
 .text.PWR_HandleDeepSleepMode_1
                0x00013980       0x14 ./framework/LowPower/Source/MKW41Z/PWR.o
 .text.PWR_HandleDeepSleepMode_2_3
                0x00013994      0x1dc ./framework/LowPower/Source/MKW41Z/PWR.o
 .text.PWR_HandleDeepSleepMode_4
                0x00013b70       0x84 ./framework/LowPower/Source/MKW41Z/PWR.o
 .text.PWR_HandleDeepSleepMode_5
                0x00013bf4       0x84 ./framework/LowPower/Source/MKW41Z/PWR.o
 .text.PWR_HandleDeepSleepMode_6
                0x00013c78      0x204 ./framework/LowPower/Source/MKW41Z/PWR.o
 .text.PWR_HandleDeepSleepMode_7
                0x00013e7c       0x14 ./framework/LowPower/Source/MKW41Z/PWR.o
 .text.PWR_HandleDeepSleep
                0x00013e90       0x50 ./framework/LowPower/Source/MKW41Z/PWR.o
 .text.PWR_HandleSleep
                0x00013ee0       0x40 ./framework/LowPower/Source/MKW41Z/PWR.o
 .text.PWR_DeepSleepAllowed
                0x00013f20       0x34 ./framework/LowPower/Source/MKW41Z/PWR.o
 .text.PWR_SystemReset
                0x00013f54       0x14 ./framework/LowPower/Source/MKW41Z/PWR.o
                0x00013f54                PWR_SystemReset
 .text.PWR_AllowDeviceToSleep
                0x00013f68       0x2c ./framework/LowPower/Source/MKW41Z/PWR.o
                0x00013f68                PWR_AllowDeviceToSleep
 .text.PWR_DisallowDeviceToSleep
                0x00013f94       0x38 ./framework/LowPower/Source/MKW41Z/PWR.o
                0x00013f94                PWR_DisallowDeviceToSleep
 .text.PWR_AllowXcvrToSleep
                0x00013fcc       0x2c ./framework/LowPower/Source/MKW41Z/PWR.o
                0x00013fcc                PWR_AllowXcvrToSleep
 .text.PWR_DisallowXcvrToSleep
                0x00013ff8       0x38 ./framework/LowPower/Source/MKW41Z/PWR.o
                0x00013ff8                PWR_DisallowXcvrToSleep
 .text.PWR_CheckIfDeviceCanGoToSleep
                0x00014030       0x2c ./framework/LowPower/Source/MKW41Z/PWR.o
                0x00014030                PWR_CheckIfDeviceCanGoToSleep
 .text.PWR_RegisterLowPowerEnterCallback
                0x0001405c       0x1c ./framework/LowPower/Source/MKW41Z/PWR.o
                0x0001405c                PWR_RegisterLowPowerEnterCallback
 .text.PWR_RegisterLowPowerExitCallback
                0x00014078       0x1c ./framework/LowPower/Source/MKW41Z/PWR.o
                0x00014078                PWR_RegisterLowPowerExitCallback
 .text.NVIC_EnableIRQ
                0x00014094       0x2c ./framework/LowPower/Source/MKW41Z/PWRLib.o
 .text.NVIC_SetPriority
                0x000140c0       0xdc ./framework/LowPower/Source/MKW41Z/PWRLib.o
 .text.PWRLib_ConfigRSIM
                0x0001419c       0x78 ./framework/LowPower/Source/MKW41Z/PWRLib.o
                0x0001419c                PWRLib_ConfigRSIM
 .text.PWRLib_ConfigLLWU
                0x00014214       0x58 ./framework/LowPower/Source/MKW41Z/PWRLib.o
                0x00014214                PWRLib_ConfigLLWU
 .text.PWRLib_GetDeepSleepMode
                0x0001426c       0x14 ./framework/LowPower/Source/MKW41Z/PWRLib.o
                0x0001426c                PWRLib_GetDeepSleepMode
 .text.PWRLib_MCU_Enter_Sleep
                0x00014280       0x28 ./framework/LowPower/Source/MKW41Z/PWRLib.o
                0x00014280                PWRLib_MCU_Enter_Sleep
 .text.PWRLib_MCU_Enter_VLLS1
                0x000142a8       0x8c ./framework/LowPower/Source/MKW41Z/PWRLib.o
                0x000142a8                PWRLib_MCU_Enter_VLLS1
 .text.PWRLib_MCU_Enter_VLLS2
                0x00014334       0x8c ./framework/LowPower/Source/MKW41Z/PWRLib.o
                0x00014334                PWRLib_MCU_Enter_VLLS2
 .text.PWRLib_MCU_Enter_LLS2
                0x000143c0       0x8c ./framework/LowPower/Source/MKW41Z/PWRLib.o
                0x000143c0                PWRLib_MCU_Enter_LLS2
 .text.PWRLib_MCU_Enter_LLS3
                0x0001444c       0x8c ./framework/LowPower/Source/MKW41Z/PWRLib.o
                0x0001444c                PWRLib_MCU_Enter_LLS3
 .text.PWRLib_MCU_Enter_Stop
                0x000144d8       0x48 ./framework/LowPower/Source/MKW41Z/PWRLib.o
                0x000144d8                PWRLib_MCU_Enter_Stop
 .text.PWRLib_LLWU_GetWakeUpFlags
                0x00014520       0x64 ./framework/LowPower/Source/MKW41Z/PWRLib.o
                0x00014520                PWRLib_LLWU_GetWakeUpFlags
 .text.PWRLib_LLWU_UpdateWakeupReason
                0x00014584       0x9c ./framework/LowPower/Source/MKW41Z/PWRLib.o
                0x00014584                PWRLib_LLWU_UpdateWakeupReason
 .text.PWRLib_LPTMR_GetTimeSettings
                0x00014620       0xd4 ./framework/LowPower/Source/MKW41Z/PWRLib.o
                0x00014620                PWRLib_LPTMR_GetTimeSettings
 .text.PWRLib_LPTMR_ClockStart
                0x000146f4       0x6c ./framework/LowPower/Source/MKW41Z/PWRLib.o
                0x000146f4                PWRLib_LPTMR_ClockStart
 .text.PWRLib_LPTMR_ClockCheck
                0x00014760       0x64 ./framework/LowPower/Source/MKW41Z/PWRLib.o
                0x00014760                PWRLib_LPTMR_ClockCheck
 .text.PWRLib_LPTMR_ClockStop
                0x000147c4       0x6c ./framework/LowPower/Source/MKW41Z/PWRLib.o
                0x000147c4                PWRLib_LPTMR_ClockStop
 .text.PWRLib_StopUpdateWakeupReason
                0x00014830       0xa0 ./framework/LowPower/Source/MKW41Z/PWRLib.o
                0x00014830                PWRLib_StopUpdateWakeupReason
 .text.PWRLib_LPTMR_Isr
                0x000148d0       0x1c ./framework/LowPower/Source/MKW41Z/PWRLib.o
                0x000148d0                PWRLib_LPTMR_Isr
 .text.PWRLib_LPTMR_Init
                0x000148ec       0x84 ./framework/LowPower/Source/MKW41Z/PWRLib.o
                0x000148ec                PWRLib_LPTMR_Init
 .text.PWRLib_LLWU_Isr
                0x00014970       0xa0 ./framework/LowPower/Source/MKW41Z/PWRLib.o
                0x00014970                PWRLib_LLWU_Isr
 .text.PWRLib_Init
                0x00014a10      0x1a4 ./framework/LowPower/Source/MKW41Z/PWRLib.o
                0x00014a10                PWRLib_Init
 .text.LED_Init
                0x00014bb4       0x2c ./framework/LED/Source/LED.o
                0x00014bb4                LED_Init
 .text.LED_Operate
                0x00014be0       0x8c ./framework/LED/Source/LED.o
                0x00014be0                LED_Operate
 .text.LED_StartBlip
                0x00014c6c       0x64 ./framework/LED/Source/LED.o
                0x00014c6c                LED_StartBlip
 .text.LED_StopFlash
                0x00014cd0       0x4c ./framework/LED/Source/LED.o
                0x00014cd0                LED_StopFlash
 .text.LED_SetLed
                0x00014d1c       0xb8 ./framework/LED/Source/LED.o
                0x00014d1c                LED_SetLed
 .text.LED_StartFlashWithPeriod
                0x00014dd4       0x58 ./framework/LED/Source/LED.o
                0x00014dd4                LED_StartFlashWithPeriod
 .text.LED_StartSerialFlashWithPeriod
                0x00014e2c       0x74 ./framework/LED/Source/LED.o
                0x00014e2c                LED_StartSerialFlashWithPeriod
 .text.LED_StopSerialFlash
                0x00014ea0       0x44 ./framework/LED/Source/LED.o
                0x00014ea0                LED_StopSerialFlash
 .text.LED_DecrementBlip
                0x00014ee4       0x8c ./framework/LED/Source/LED.o
 .text.LED_FlashTimeout
                0x00014f70       0x74 ./framework/LED/Source/LED.o
 .text.KbGpioInit
                0x00014fe4       0x58 ./framework/Keyboard/Source/Keyboard.o
 .text.KBD_KeySwitchPortGet
                0x0001503c       0x7c ./framework/Keyboard/Source/Keyboard.o
 .text.KBD_KeyCheck
                0x000150b8       0xa0 ./framework/Keyboard/Source/Keyboard.o
 .text.KeyScan  0x00015158      0x154 ./framework/Keyboard/Source/Keyboard.o
 .text.Switch_CheckIRQ
                0x000152ac       0x50 ./framework/Keyboard/Source/Keyboard.o
 .text.KBD_Init
                0x000152fc       0xdc ./framework/Keyboard/Source/Keyboard.o
                0x000152fc                KBD_Init
 .text.KBD_IsWakeUpSource
                0x000153d8       0x48 ./framework/Keyboard/Source/Keyboard.o
                0x000153d8                KBD_IsWakeUpSource
 .text.Switch_Press_ISR
                0x00015420       0x70 ./framework/Keyboard/Source/Keyboard.o
                0x00015420                Switch_Press_ISR
 .text.NVIC_EnableIRQ
                0x00015490       0x2c ./framework/GPIO/GPIO_Adapter.o
 .text.NVIC_ClearPendingIRQ
                0x000154bc       0x30 ./framework/GPIO/GPIO_Adapter.o
 .text.NVIC_SetPriority
                0x000154ec       0xdc ./framework/GPIO/GPIO_Adapter.o
 .text.NVIC_GetPriority
                0x000155c8       0x7c ./framework/GPIO/GPIO_Adapter.o
 .text.PORT_SetPinConfig
                0x00015644       0x38 ./framework/GPIO/GPIO_Adapter.o
 .text.PORT_SetPinMux
                0x0001567c       0x40 ./framework/GPIO/GPIO_Adapter.o
 .text.PORT_SetPinInterruptConfig
                0x000156bc       0x40 ./framework/GPIO/GPIO_Adapter.o
 .text.GpioGetPinPCR
                0x000156fc       0x34 ./framework/GPIO/GPIO_Adapter.o
                0x000156fc                GpioGetPinPCR
 .text.GpioSetPinPCR_ISF_Preserved
                0x00015730       0x40 ./framework/GPIO/GPIO_Adapter.o
                0x00015730                GpioSetPinPCR_ISF_Preserved
 .text.GpioSetPinMux
                0x00015770       0x44 ./framework/GPIO/GPIO_Adapter.o
                0x00015770                GpioSetPinMux
 .text.GpioSetPinMux_ISF_Preserved
                0x000157b4       0x64 ./framework/GPIO/GPIO_Adapter.o
                0x000157b4                GpioSetPinMux_ISF_Preserved
 .text.GpioClearPinIntFlag
                0x00015818       0x34 ./framework/GPIO/GPIO_Adapter.o
                0x00015818                GpioClearPinIntFlag
 .text.GpioIsPinIntPending
                0x0001584c       0x38 ./framework/GPIO/GPIO_Adapter.o
                0x0001584c                GpioIsPinIntPending
 .text.GpioSetPinOutput
                0x00015884       0x34 ./framework/GPIO/GPIO_Adapter.o
                0x00015884                GpioSetPinOutput
 .text.GpioClearPinOutput
                0x000158b8       0x34 ./framework/GPIO/GPIO_Adapter.o
                0x000158b8                GpioClearPinOutput
 .text.GpioTogglePinOutput
                0x000158ec       0x34 ./framework/GPIO/GPIO_Adapter.o
                0x000158ec                GpioTogglePinOutput
 .text.GpioReadPinInput
                0x00015920       0x30 ./framework/GPIO/GPIO_Adapter.o
                0x00015920                GpioReadPinInput
 .text.GpioInputPinInit
                0x00015950      0x104 ./framework/GPIO/GPIO_Adapter.o
                0x00015950                GpioInputPinInit
 .text.GpioOutputPinInit
                0x00015a54      0x100 ./framework/GPIO/GPIO_Adapter.o
                0x00015a54                GpioOutputPinInit
 .text.GpioInstallIsr
                0x00015b54      0x2c4 ./framework/GPIO/GPIO_Adapter.o
                0x00015b54                GpioInstallIsr
 .text.Gpio_CommonIsr
                0x00015e18       0xb0 ./framework/GPIO/GPIO_Adapter.o
 .text.Gpio_InstallPortISR
                0x00015ec8       0x60 ./framework/GPIO/GPIO_Adapter.o
 .text.NV_Flash_WaitForCSEndAndDisableInterrupts
                0x00015f28       0x88 ./framework/Flash/Internal/Flash_Adapter.o
 .text.NV_FlashProgramAdaptation
                0x00015fb0       0x74 ./framework/Flash/Internal/Flash_Adapter.o
 .text.NV_ComputeCrcOverHWParameters
                0x00016024       0xd0 ./framework/Flash/Internal/Flash_Adapter.o
 .text.NV_Init  0x000160f4       0x50 ./framework/Flash/Internal/Flash_Adapter.o
                0x000160f4                NV_Init
 .text.NV_Flash_ClearCriticalSection
                0x00016144       0x78 ./framework/Flash/Internal/Flash_Adapter.o
                0x00016144                NV_Flash_ClearCriticalSection
 .text.NV_FlashVerifyErase
                0x000161bc       0x38 ./framework/Flash/Internal/Flash_Adapter.o
                0x000161bc                NV_FlashVerifyErase
 .text.NV_FlashEraseSector
                0x000161f4       0x34 ./framework/Flash/Internal/Flash_Adapter.o
                0x000161f4                NV_FlashEraseSector
 .text.NV_ReadHWParameters
                0x00016228       0x68 ./framework/Flash/Internal/Flash_Adapter.o
                0x00016228                NV_ReadHWParameters
 .text.CLOCK_EnableClock
                0x00016290       0x34 ./framework/DCDC/Source/DCDC.o
 .text.ADC16_GetChannelConversionValue
                0x000162c4       0x30 ./framework/DCDC/Source/DCDC.o
 .text.DCDC_MakeADCConversion
                0x000162f4       0x44 ./framework/DCDC/Source/DCDC.o
 .text.DCDC_AdjustVbatDiv
                0x00016338       0x68 ./framework/DCDC/Source/DCDC.o
 .text.DCDC_Get1P8VOutputTargetAndVBatInmV
                0x000163a0       0xf4 ./framework/DCDC/Source/DCDC.o
 .text.DCDC_mVTo1P8OutputTargetBoost
                0x00016494      0x168 ./framework/DCDC/Source/DCDC.o
 .text.DCDC_mVTo1P8OutputTargetBuck
                0x000165fc       0xe4 ./framework/DCDC/Source/DCDC.o
 .text.DCDC_mVToMcuVOutputTargetBoost
                0x000166e0       0x8c ./framework/DCDC/Source/DCDC.o
                0x000166e0                DCDC_mVToMcuVOutputTargetBoost
 .text.DCDC_GetOutputTargetsBoost
                0x0001676c       0xcc ./framework/DCDC/Source/DCDC.o
 .text.DCDC_GetOutputTargetsBuck
                0x00016838       0x88 ./framework/DCDC/Source/DCDC.o
 .text.DCDC_VBatMonitorBoost
                0x000168c0      0x1b8 ./framework/DCDC/Source/DCDC.o
 .text.DCDC_VBatMonitorBuck
                0x00016a78      0x1bc ./framework/DCDC/Source/DCDC.o
 .text.DCDC_Init
                0x00016c34      0x218 ./framework/DCDC/Source/DCDC.o
                0x00016c34                DCDC_Init
 .text.DCDC_PrepareForPulsedMode
                0x00016e4c       0x68 ./framework/DCDC/Source/DCDC.o
                0x00016e4c                DCDC_PrepareForPulsedMode
 .text.DCDC_PrepareForContinuousMode
                0x00016eb4       0x6c ./framework/DCDC/Source/DCDC.o
                0x00016eb4                DCDC_PrepareForContinuousMode
 .text.CLOCK_EnableClock
                0x00016f20       0x34 ./drivers/fsl_adc16.o
 .text.ADC16_GetInstance
                0x00016f54       0x48 ./drivers/fsl_adc16.o
 .text.ADC16_Init
                0x00016f9c      0x114 ./drivers/fsl_adc16.o
                0x00016f9c                ADC16_Init
 .text.ADC16_SetChannelConfig
                0x000170b0       0x6c ./drivers/fsl_adc16.o
                0x000170b0                ADC16_SetChannelConfig
 .text.ADC16_GetChannelStatusFlags
                0x0001711c       0x40 ./drivers/fsl_adc16.o
                0x0001711c                ADC16_GetChannelStatusFlags
 .text.CLOCK_SetEr32kClock
                0x0001715c       0x34 ./drivers/fsl_clock.o
 .text.CLOCK_GetMcgExtClkFreq
                0x00017190       0x70 ./drivers/fsl_clock.o
 .text.CLOCK_GetFllExtRefClkFreq
                0x00017200       0xc0 ./drivers/fsl_clock.o
 .text.CLOCK_GetInternalRefClkSelectFreq
                0x000172c0       0x40 ./drivers/fsl_clock.o
 .text.CLOCK_GetFllRefClkFreq
                0x00017300       0x2c ./drivers/fsl_clock.o
 .text.CLOCK_GetOscRangeFromFreq
                0x0001732c       0x4c ./drivers/fsl_clock.o
 .text.CLOCK_GetOsc0ErClkFreq
                0x00017378       0x28 ./drivers/fsl_clock.o
                0x00017378                CLOCK_GetOsc0ErClkFreq
 .text.CLOCK_GetBusClkFreq
                0x000173a0       0x50 ./drivers/fsl_clock.o
                0x000173a0                CLOCK_GetBusClkFreq
 .text.CLOCK_SetSimConfig
                0x000173f0       0x2c ./drivers/fsl_clock.o
                0x000173f0                CLOCK_SetSimConfig
 .text.CLOCK_GetOutClkFreq
                0x0001741c       0x60 ./drivers/fsl_clock.o
                0x0001741c                CLOCK_GetOutClkFreq
 .text.CLOCK_GetFllFreq
                0x0001747c       0x78 ./drivers/fsl_clock.o
                0x0001747c                CLOCK_GetFllFreq
 .text.CLOCK_GetInternalRefClkFreq
                0x000174f4       0x28 ./drivers/fsl_clock.o
                0x000174f4                CLOCK_GetInternalRefClkFreq
 .text.CLOCK_SetExternalRefClkConfig
                0x0001751c       0x80 ./drivers/fsl_clock.o
                0x0001751c                CLOCK_SetExternalRefClkConfig
 .text.CLOCK_SetInternalRefClkConfig
                0x0001759c      0x124 ./drivers/fsl_clock.o
                0x0001759c                CLOCK_SetInternalRefClkConfig
 .text.CLOCK_InitOsc0
                0x000176c0       0x68 ./drivers/fsl_clock.o
                0x000176c0                CLOCK_InitOsc0
 .text.CLOCK_SetFeeMode
                0x00017728      0x138 ./drivers/fsl_clock.o
                0x00017728                CLOCK_SetFeeMode
 .text.__assertion_failed
                0x00017860       0x1c ./drivers/fsl_common.o
                0x00017860                __assertion_failed
 .text.InstallIRQHandler
                0x0001787c       0x98 ./drivers/fsl_common.o
                0x0001787c                InstallIRQHandler
 .text.DSPI_CommonIRQHandler
                0x00017914       0x40 ./drivers/fsl_dspi.o
 .text.SPI0_DriverIRQHandler
                0x00017954       0x34 ./drivers/fsl_dspi.o
                0x00017954                SPI0_DriverIRQHandler
 .text.SPI1_DriverIRQHandler
                0x00017988       0x34 ./drivers/fsl_dspi.o
                0x00017988                SPI1_DriverIRQHandler
 .text.FLASH_Init
                0x000179bc       0xe8 ./drivers/fsl_flash.o
                0x000179bc                FLASH_Init
 .text.FLASH_Erase
                0x00017aa4       0xf4 ./drivers/fsl_flash.o
                0x00017aa4                FLASH_Erase
 .text.FLASH_Program
                0x00017b98      0x100 ./drivers/fsl_flash.o
                0x00017b98                FLASH_Program
 .text.FLASH_VerifyErase
                0x00017c98      0x10c ./drivers/fsl_flash.o
                0x00017c98                FLASH_VerifyErase
 .text.copy_flash_run_command
                0x00017da4       0x30 ./drivers/fsl_flash.o
 .text.flash_command_sequence
                0x00017dd4       0x78 ./drivers/fsl_flash.o
 .text.copy_flash_common_bit_operation
                0x00017e4c       0x3c ./drivers/fsl_flash.o
 .text.mcm_flash_cache_clear
                0x00017e88       0x2c ./drivers/fsl_flash.o
                0x00017e88                mcm_flash_cache_clear
 .text.flash_check_user_key
                0x00017eb4       0x24 ./drivers/fsl_flash.o
 .text.GPIO_PinInit
                0x00017ed8       0x64 ./drivers/fsl_gpio.o
                0x00017ed8                GPIO_PinInit
 .text.I2C_TransferCommonIRQHandler
                0x00017f3c       0x58 ./drivers/fsl_i2c.o
 .text.I2C0_DriverIRQHandler
                0x00017f94       0x20 ./drivers/fsl_i2c.o
                0x00017f94                I2C0_DriverIRQHandler
 .text.I2C1_DriverIRQHandler
                0x00017fb4       0x20 ./drivers/fsl_i2c.o
                0x00017fb4                I2C1_DriverIRQHandler
 .text.CLOCK_EnableClock
                0x00017fd4       0x34 ./drivers/fsl_lpuart.o
 .text.LPUART_GetInstance
                0x00018008       0x48 ./drivers/fsl_lpuart.o
                0x00018008                LPUART_GetInstance
 .text.LPUART_Init
                0x00018050      0x284 ./drivers/fsl_lpuart.o
                0x00018050                LPUART_Init
 .text.LPUART_GetDefaultConfig
                0x000182d4       0x50 ./drivers/fsl_lpuart.o
                0x000182d4                LPUART_GetDefaultConfig
 .text.LPUART_SetBaudRate
                0x00018324      0x188 ./drivers/fsl_lpuart.o
                0x00018324                LPUART_SetBaudRate
 .text.LPUART_GetEnabledInterrupts
                0x000184ac       0x30 ./drivers/fsl_lpuart.o
                0x000184ac                LPUART_GetEnabledInterrupts
 .text.LPUART_ClearStatusFlags
                0x000184dc       0x88 ./drivers/fsl_lpuart.o
                0x000184dc                LPUART_ClearStatusFlags
 .text.LPUART0_DriverIRQHandler
                0x00018564       0x24 ./drivers/fsl_lpuart.o
                0x00018564                LPUART0_DriverIRQHandler
 .text.CLOCK_EnableClock
                0x00018588       0x34 ./drivers/fsl_ltc.o
 .text.ltc_clear_all
                0x000185bc       0x20 ./drivers/fsl_ltc.o
                0x000185bc                ltc_clear_all
 .text.ltc_symmetric_alg_state
                0x000185dc       0x74 ./drivers/fsl_ltc.o
 .text.LTC_Init
                0x00018650       0x1c ./drivers/fsl_ltc.o
                0x00018650                LTC_Init
 .text.ltc_aes_ccm_process_aad
                0x0001866c      0x1b4 ./drivers/fsl_ltc.o
 .text.ltc_aes_ccm_process
                0x00018820      0x160 ./drivers/fsl_ltc.o
 .text.CLOCK_EnableClock
                0x00018980       0x34 ./drivers/fsl_tpm.o
 .text.TPM_GetInstance
                0x000189b4       0x54 ./drivers/fsl_tpm.o
 .text.TPM_Init
                0x00018a08       0xec ./drivers/fsl_tpm.o
                0x00018a08                TPM_Init
 .text.TPM_SetupOutputCompare
                0x00018af4      0x130 ./drivers/fsl_tpm.o
                0x00018af4                TPM_SetupOutputCompare
 .text.CLOCK_EnableClock
                0x00018c24       0x34 ./drivers/fsl_trng.o
 .text.trng_GetInstance
                0x00018c58       0x48 ./drivers/fsl_trng.o
 .text.TRNG_GetDefaultConfig
                0x00018ca0       0xe0 ./drivers/fsl_trng.o
                0x00018ca0                TRNG_GetDefaultConfig
 .text.trng_SetRetryCount
                0x00018d80       0x50 ./drivers/fsl_trng.o
 .text.trng_SetStatisticalCheckLimit
                0x00018dd0      0x320 ./drivers/fsl_trng.o
 .text.trng_ApplyUserConfig
                0x000190f0      0x1c4 ./drivers/fsl_trng.o
 .text.TRNG_Init
                0x000192b4       0xb8 ./drivers/fsl_trng.o
                0x000192b4                TRNG_Init
 .text.CLOCK_EnableClock
                0x0001936c       0x34 ./board/board.o
 .text.hardware_init
                0x000193a0      0x160 ./board/board.o
                0x000193a0                hardware_init
 .text.NMI_Handler
                0x00019500       0x20 ./board/board.o
                0x00019500                NMI_Handler
 .text.BOARD_DCDCInit
                0x00019520       0x18 ./board/board.o
                0x00019520                BOARD_DCDCInit
 .text.BOARD_InstallLowPowerCallbacks
                0x00019538       0x24 ./board/board.o
                0x00019538                BOARD_InstallLowPowerCallbacks
 .text.BOARD_SetPinsLowPower
                0x0001955c       0xb8 ./board/board.o
                0x0001955c                BOARD_SetPinsLowPower
 .text.BOARD_EnterLowPowerCb
                0x00019614       0x2c ./board/board.o
                0x00019614                BOARD_EnterLowPowerCb
 .text.BOARD_GetLpuartClock
                0x00019640       0x68 ./board/board.o
                0x00019640                BOARD_GetLpuartClock
 .text.BOARD_GetTpmClock
                0x000196a8       0x68 ./board/board.o
                0x000196a8                BOARD_GetTpmClock
 .text.BOARD_BLPItoBLPE
                0x00019710       0x20 ./board/board.o
                0x00019710                BOARD_BLPItoBLPE
 .text.CLOCK_EnableClock
                0x00019730       0x34 ./board/clock_config.o