Archive member included to satisfy reference by file (symbol)

d:/nxp/mcuxpressoide_11.6.0_8187/ide/plugins/com.nxp.mcuxpresso.tools.win32_11.6.0.202112161359/tools/bin/../lib/gcc/arm-none-eabi/10.3.1/../../../../arm-none-eabi/lib/thumb/v6-m/nofp\libm.a(lib_a-s_round.o)
                              ./framework/XCVR/MKW41Z4/fsl_xcvr.o (round)
d:/nxp/mcuxpressoide_11.6.0_8187/ide/plugins/com.nxp.mcuxpresso.tools.win32_11.6.0.202112161359/tools/bin/../lib/gcc/arm-none-eabi/10.3.1/../../../../arm-none-eabi/lib/thumb/v6-m/nofp\libm.a(lib_a-s_trunc.o)
                              ./framework/XCVR/MKW41Z4/fsl_xcvr.o (trunc)
d:/nxp/mcuxpressoide_11.6.0_8187/ide/plugins/com.nxp.mcuxpresso.tools.win32_11.6.0.202112161359/tools/bin/../lib/gcc/arm-none-eabi/10.3.1/../../../../arm-none-eabi/lib/thumb/v6-m/nofp\libm.a(lib_a-sf_round.o)
                              ./framework/XCVR/MKW41Z4/fsl_xcvr_trim.o (roundf)
d:/nxp/mcuxpressoide_11.6.0_8187/ide/plugins/com.nxp.mcuxpresso.tools.win32_11.6.0.202112161359/tools/bin/../lib/gcc/arm-none-eabi/10.3.1/../../../../arm-none-eabi/lib/thumb/v6-m/nofp\libc.a(lib_a-exit.o)
                              d:/nxp/mcuxpressoide_11.6.0_8187/ide/plugins/com.nxp.mcuxpresso.tools.win32_11.6.0.202112161359/tools/bin/../lib/gcc/arm-none-eabi/10.3.1/../../../../arm-none-eabi/lib/thumb/v6-m/nofp/crt0.o (exit)
d:/nxp/mcuxpressoide_11.6.0_8187/ide/plugins/com.nxp.mcuxpresso.tools.win32_11.6.0.202112161359/tools/bin/../lib/gcc/arm-none-eabi/10.3.1/../../../../arm-none-eabi/lib/thumb/v6-m/nofp\libc.a(lib_a-impure.o)
                              d:/nxp/mcuxpressoide_11.6.0_8187/ide/plugins/com.nxp.mcuxpresso.tools.win32_11.6.0.202112161359/tools/bin/../lib/gcc/arm-none-eabi/10.3.1/../../../../arm-none-eabi/lib/thumb/v6-m/nofp\libc.a(lib_a-exit.o) (_global_impure_ptr)
d:/nxp/mcuxpressoide_11.6.0_8187/ide/plugins/com.nxp.mcuxpresso.tools.win32_11.6.0.202112161359/tools/bin/../lib/gcc/arm-none-eabi/10.3.1/../../../../arm-none-eabi/lib/thumb/v6-m/nofp\libc.a(lib_a-init.o)
                              d:/nxp/mcuxpressoide_11.6.0_8187/ide/plugins/com.nxp.mcuxpresso.tools.win32_11.6.0.202112161359/tools/bin/../lib/gcc/arm-none-eabi/10.3.1/../../../../arm-none-eabi/lib/thumb/v6-m/nofp/crt0.o (__libc_init_array)
d:/nxp/mcuxpressoide_11.6.0_8187/ide/plugins/com.nxp.mcuxpresso.tools.win32_11.6.0.202112161359/tools/bin/../lib/gcc/arm-none-eabi/10.3.1/../../../../arm-none-eabi/lib/thumb/v6-m/nofp\libc.a(lib_a-memcpy-stub.o)
                              ./ieee_802.15.4/phy/source/MKW41Z/PhyTime.o (memcpy)
d:/nxp/mcuxpressoide_11.6.0_8187/ide/plugins/com.nxp.mcuxpresso.tools.win32_11.6.0.202112161359/tools/bin/../lib/gcc/arm-none-eabi/10.3.1/../../../../arm-none-eabi/lib/thumb/v6-m/nofp\libc.a(lib_a-memset.o)
                              d:/nxp/mcuxpressoide_11.6.0_8187/ide/plugins/com.nxp.mcuxpresso.tools.win32_11.6.0.202112161359/tools/bin/../lib/gcc/arm-none-eabi/10.3.1/../../../../arm-none-eabi/lib/thumb/v6-m/nofp/crt0.o (memset)
d:/nxp/mcuxpressoide_11.6.0_8187/ide/plugins/com.nxp.mcuxpresso.tools.win32_11.6.0.202112161359/tools/bin/../lib/gcc/arm-none-eabi/10.3.1/../../../../arm-none-eabi/lib/thumb/v6-m/nofp\libc.a(lib_a-strlen-stub.o)
                              ./utilities/fsl_debug_console.o (strlen)
d:/nxp/mcuxpressoide_11.6.0_8187/ide/plugins/com.nxp.mcuxpresso.tools.win32_11.6.0.202112161359/tools/bin/../lib/gcc/arm-none-eabi/10.3.1/../../../../arm-none-eabi/lib/thumb/v6-m/nofp\libc.a(lib_a-__call_atexit.o)
                              d:/nxp/mcuxpressoide_11.6.0_8187/ide/plugins/com.nxp.mcuxpresso.tools.win32_11.6.0.202112161359/tools/bin/../lib/gcc/arm-none-eabi/10.3.1/../../../../arm-none-eabi/lib/thumb/v6-m/nofp\libc.a(lib_a-exit.o) (__call_exitprocs)
d:/nxp/mcuxpressoide_11.6.0_8187/ide/plugins/com.nxp.mcuxpresso.tools.win32_11.6.0.202112161359/tools/bin/../lib/gcc/arm-none-eabi/10.3.1/../../../../arm-none-eabi/lib/thumb/v6-m/nofp\libc.a(lib_a-atexit.o)
                              d:/nxp/mcuxpressoide_11.6.0_8187/ide/plugins/com.nxp.mcuxpresso.tools.win32_11.6.0.202112161359/tools/bin/../lib/gcc/arm-none-eabi/10.3.1/../../../../arm-none-eabi/lib/thumb/v6-m/nofp\libc.a(lib_a-__call_atexit.o) (atexit)
d:/nxp/mcuxpressoide_11.6.0_8187/ide/plugins/com.nxp.mcuxpresso.tools.win32_11.6.0.202112161359/tools/bin/../lib/gcc/arm-none-eabi/10.3.1/../../../../arm-none-eabi/lib/thumb/v6-m/nofp\libc.a(lib_a-fini.o)
                              d:/nxp/mcuxpressoide_11.6.0_8187/ide/plugins/com.nxp.mcuxpresso.tools.win32_11.6.0.202112161359/tools/bin/../lib/gcc/arm-none-eabi/10.3.1/../../../../arm-none-eabi/lib/thumb/v6-m/nofp\libc.a(lib_a-__call_atexit.o) (__libc_fini_array)
d:/nxp/mcuxpressoide_11.6.0_8187/ide/plugins/com.nxp.mcuxpresso.tools.win32_11.6.0.202112161359/tools/bin/../lib/gcc/arm-none-eabi/10.3.1/../../../../arm-none-eabi/lib/thumb/v6-m/nofp\libc.a(lib_a-lock.o)
[...]
Memory Configuration

Name             Origin             Length             Attributes
TEXT_region1     0x00000000         0x00000400         xr
m_flash_config_region 0x00000400         0x00000010         xr
TEXT_region2     0x00000411         0x0007d3ee         xr
NVM_region       0x0007d800         0x00001fff         rw
DATA1_region     0x1fff8000         0x00008000         rw
DATA2_region     0x20000000         0x00018000         rw
PRODUCT_INFO_region 0x0007f800         0x000007ff         xr
*default*        0x00000000         0xffffffff

Linker script and memory map

LOAD d:/nxp/mcuxpressoide_11.6.0_8187/ide/plugins/com.nxp.mcuxpresso.tools.win32_11.6.0.202112161359/tools/bin/../lib/gcc/arm-none-eabi/10.3.1/thumb/v6-m/nofp/crti.o
LOAD d:/nxp/mcuxpressoide_11.6.0_8187/ide/plugins/com.nxp.mcuxpresso.tools.win32_11.6.0.202112161359/tools/bin/../lib/gcc/arm-none-eabi/10.3.1/thumb/v6-m/nofp/crtbegin.o
LOAD d:/nxp/mcuxpressoide_11.6.0_8187/ide/plugins/com.nxp.mcuxpresso.tools.win32_11.6.0.202112161359/tools/bin/../lib/gcc/arm-none-eabi/10.3.1/../../../../arm-none-eabi/lib/thumb/v6-m/nofp/crt0.o
LOAD ./utilities/fsl_debug_console.o
LOAD ./startup/startup_MKW41Z4.o
LOAD ./source/mtb.o
LOAD ./source/mwa_coordinator.o
LOAD ./source/semihost_hardfault.o
LOAD ./ieee_802.15.4/phy/source/MKW41Z/ASP.o
LOAD ./ieee_802.15.4/phy/source/MKW41Z/MPM.o
LOAD ./ieee_802.15.4/phy/source/MKW41Z/PhyISR.o
LOAD ./ieee_802.15.4/phy/source/MKW41Z/PhyPacketProcessor.o
LOAD ./ieee_802.15.4/phy/source/MKW41Z/PhyPlmeData.o
LOAD ./ieee_802.15.4/phy/source/MKW41Z/PhyStateMachine.o
LOAD ./ieee_802.15.4/phy/source/MKW41Z/PhyTime.o
LOAD ./ieee_802.15.4/mac/source/App/FsciAspCommands.o
LOAD ./ieee_802.15.4/mac/source/App/FsciMacCommands.o
LOAD ./ieee_802.15.4/mac/source/App/MacGlobals.o
LOAD ./freertos/croutine.o
LOAD ./freertos/event_groups.o
LOAD ./freertos/fsl_tickless_lptmr.o
LOAD ./freertos/fsl_tickless_systick.o
LOAD ./freertos/heap_4.o
LOAD ./freertos/list.o
LOAD ./freertos/port.o
LOAD ./freertos/queue.o
LOAD ./freertos/tasks.o
LOAD ./freertos/timers.o
LOAD ./framework/XCVR/MKW41Z4/cfgs_kw4x_3x_2x/fsl_xcvr_ant_config.o
LOAD ./framework/XCVR/MKW41Z4/cfgs_kw4x_3x_2x/fsl_xcvr_ble_config.o
LOAD ./framework/XCVR/MKW41Z4/cfgs_kw4x_3x_2x/fsl_xcvr_common_config.o
LOAD ./framework/XCVR/MKW41Z4/cfgs_kw4x_3x_2x/fsl_xcvr_gfsk_bt_0p3_h_0p5_config.o
LOAD ./framework/XCVR/MKW41Z4/cfgs_kw4x_3x_2x/fsl_xcvr_gfsk_bt_0p5_h_0p32_config.o
LOAD ./framework/XCVR/MKW41Z4/cfgs_kw4x_3x_2x/fsl_xcvr_gfsk_bt_0p5_h_0p5_config.o
LOAD ./framework/XCVR/MKW41Z4/cfgs_kw4x_3x_2x/fsl_xcvr_gfsk_bt_0p5_h_0p7_config.o
LOAD ./framework/XCVR/MKW41Z4/cfgs_kw4x_3x_2x/fsl_xcvr_gfsk_bt_0p5_h_1p0_config.o
LOAD ./framework/XCVR/MKW41Z4/cfgs_kw4x_3x_2x/fsl_xcvr_gfsk_bt_0p7_h_0p5_config.o
LOAD ./framework/XCVR/MKW41Z4/cfgs_kw4x_3x_2x/fsl_xcvr_mode_datarate_config.o
LOAD ./framework/XCVR/MKW41Z4/cfgs_kw4x_3x_2x/fsl_xcvr_msk_config.o
LOAD ./framework/XCVR/MKW41Z4/cfgs_kw4x_3x_2x/fsl_xcvr_zgbe_config.o
LOAD ./framework/XCVR/MKW41Z4/dbg_ram_capture.o
LOAD ./framework/XCVR/MKW41Z4/fsl_xcvr.o
LOAD ./framework/XCVR/MKW41Z4/fsl_xcvr_trim.o
LOAD ./framework/XCVR/MKW41Z4/ifr_radio.o
LOAD ./framework/TimersManager/Source/TMR_Adapter.o
LOAD ./framework/TimersManager/Source/TimersManager.o
LOAD ./framework/SerialManager/Source/UART_Adapter/UART_Adapter.o
LOAD ./framework/SerialManager/Source/SPI_Adapter/SPI_Adapter.o
LOAD ./framework/SerialManager/Source/I2C_Adapter/I2C_Adapter.o
LOAD ./framework/SerialManager/Source/SerialManager.o
LOAD ./framework/SecLib/SecLib.o
LOAD ./framework/Reset/Reset.o
LOAD ./framework/RNG/Source/RNG.o
LOAD ./framework/Panic/Source/Panic.o
LOAD ./framework/OSAbstraction/Source/fsl_os_abstraction_free_rtos.o
LOAD ./framework/ModuleInfo/ModuleInfo.o
LOAD ./framework/Messaging/Source/Messaging.o
LOAD ./framework/MemManager/Source/MemManager.o
LOAD ./framework/MWSCoexistence/Source/MWS.o
LOAD ./framework/Lists/GenericList.o
LOAD ./framework/LED/Source/LED.o
LOAD ./framework/Keyboard/Source/Keyboard.o
LOAD ./framework/GPIO/GPIO_Adapter.o
LOAD ./framework/FunctionLib/FunctionLib.o
LOAD ./framework/Flash/Internal/Flash_Adapter.o
LOAD ./framework/DCDC/Source/DCDC.o
LOAD ./drivers/fsl_adc16.o
LOAD ./drivers/fsl_clock.o
LOAD ./drivers/fsl_common.o
LOAD ./drivers/fsl_dspi.o
LOAD ./drivers/fsl_dspi_freertos.o
LOAD ./drivers/fsl_flash.o
LOAD ./drivers/fsl_gpio.o
LOAD ./drivers/fsl_i2c.o
LOAD ./drivers/fsl_i2c_freertos.o
LOAD ./drivers/fsl_llwu.o
LOAD ./drivers/fsl_lptmr.o
LOAD ./drivers/fsl_lpuart.o
LOAD ./drivers/fsl_lpuart_freertos.o
LOAD ./drivers/fsl_ltc.o
LOAD ./drivers/fsl_pmc.o
LOAD ./drivers/fsl_rtc.o
LOAD ./drivers/fsl_smc.o
LOAD ./drivers/fsl_tpm.o
LOAD ./drivers/fsl_trng.o
LOAD ./drivers/fsl_tsi_v4.o
LOAD ./board/board.o
LOAD ./board/clock_config.o
LOAD ./board/gpio_pins.o
LOAD ./board/pin_mux.o
LOAD ./CMSIS/system_MKW41Z4.o
LOAD d:/nxp/mcuxpressoide_11.6.0_8187/ide/plugins/com.nxp.mcuxpresso.tools.win32_11.6.0.202112161359/tools/bin/../lib/gcc/arm-none-eabi/10.3.1/../../../../arm-none-eabi/lib/thumb/v6-m/nofp\libm.a
LOAD d:/nxp/mcuxpressoide_11.6.0_8187/ide/plugins/com.nxp.mcuxpresso.tools.win32_11.6.0.202112161359/tools/bin/../lib/gcc/arm-none-eabi/10.3.1/../../../../arm-none-eabi/lib/thumb/v6-m/nofp\libc.a
LOAD d:/nxp/mcuxpressoide_11.6.0_8187/ide/plugins/com.nxp.mcuxpresso.tools.win32_11.6.0.202112161359/tools/bin/../lib/gcc/arm-none-eabi/10.3.1/thumb/v6-m/nofp\libgcc.a
LOAD d:/nxp/mcuxpressoide_11.6.0_8187/ide/plugins/com.nxp.mcuxpresso.tools.win32_11.6.0.202112161359/tools/bin/../lib/gcc/arm-none-eabi/10.3.1/../../../../arm-none-eabi/lib/thumb/v6-m/nofp\libnosys.a
LOAD D:\MPO\ITESO\9_semestre\Redes\codec\frdmkw41z_wireless_examples_ieee_802_15_4_mwa_coordinator_freertos\libs\lib_crypto_m0.a
LOAD D:\MPO\ITESO\9_semestre\Redes\codec\frdmkw41z_wireless_examples_ieee_802_15_4_mwa_coordinator_freertos\libs\lib802.15.4_mac_06_cm0.a
START GROUP
LOAD d:/nxp/mcuxpressoide_11.6.0_8187/ide/plugins/com.nxp.mcuxpresso.tools.win32_11.6.0.202112161359/tools/bin/../lib/gcc/arm-none-eabi/10.3.1/thumb/v6-m/nofp\libgcc.a
LOAD d:/nxp/mcuxpressoide_11.6.0_8187/ide/plugins/com.nxp.mcuxpresso.tools.win32_11.6.0.202112161359/tools/bin/../lib/gcc/arm-none-eabi/10.3.1/../../../../arm-none-eabi/lib/thumb/v6-m/nofp\libc.a
END GROUP
LOAD d:/nxp/mcuxpressoide_11.6.0_8187/ide/plugins/com.nxp.mcuxpresso.tools.win32_11.6.0.202112161359/tools/bin/../lib/gcc/arm-none-eabi/10.3.1/thumb/v6-m/nofp/crtend.o
LOAD d:/nxp/mcuxpressoide_11.6.0_8187/ide/plugins/com.nxp.mcuxpresso.tools.win32_11.6.0.202112161359/tools/bin/../lib/gcc/arm-none-eabi/10.3.1/thumb/v6-m/nofp/crtn.o
                0x00000001                gUseNVMLink_d = DEFINED (gUseNVMLink_d)?gUseNVMLink_d:0x1
                0x00000004                gNVMSectorCountLink_d = DEFINED (gNVMSectorCountLink_d)?gNVMSectorCountLink_d:0x4
                0x00000001                __ram_vector_table__ = DEFINED (__ram_vector_table__)?__ram_vector_table__:0x1
                0x00000000                __region_ROM_start__ = 0x0
                0x0007ffff                __region_ROM_end__ = 0x7ffff
                0x1fff8000                __region_RAM1_start__ = 0x1fff8000
                0x1fffffff                __region_RAM1_end__ = 0x1fffffff
                0x20000000                __region_RAM2_start__ = 0x20000000
                0x20017fff                __region_RAM2_end__ = 0x20017fff
                0x000000c0                __vector_table_size__ = 0xc0
                0x000000c0                __ram_vector_table_size__ = DEFINED (__ram_vector_table__)?__vector_table_size__:0x0
                0x1fff8000                _RAM_START_ = __region_RAM1_start__
                0x20017fff                _RAM_END_ = __region_RAM2_end__
                0x00000000                m_interrupts_start = __region_ROM_start__
                0x000000bf                m_interrupts_end = ((m_interrupts_start + __vector_table_size__) - 0x1)
                0x00000400                m_flash_config_start = 0x400
                0x00000410                m_flash_config_end = 0x410
                0x00000800                m_sector_size = 0x800
                0x00000200                __size_cstack__ = DEFINED (__stack_size__)?__stack_size__:0x200
                0x00000000                __size_heap__ = DEFINED (__heap_size__)?__heap_size__:0x0
                0x0007f800                m_fsl_prodInfo_start = ((__region_ROM_end__ - m_sector_size) + 0x1)
                0x0007ffff                m_fsl_prodInfo_end = __region_ROM_end__
                0x0007f800                FREESCALE_PROD_DATA_BASE_ADDR = m_fsl_prodInfo_start
                0x00000800                NV_STORAGE_SECTOR_SIZE = m_sector_size
                0x00000004                NV_STORAGE_MAX_SECTORS = gNVMSectorCountLink_d
                0x0007f7ff                NV_STORAGE_START_ADDRESS = (m_fsl_prodInfo_start - 0x1)
                0x0007d800                NV_STORAGE_END_ADDRESS = ((NV_STORAGE_START_ADDRESS - (NV_STORAGE_MAX_SECTORS * NV_STORAGE_SECTOR_SIZE)) + 0x1)
                0x00000800                NV_STORAGE_SECTOR_SIZE_C = m_sector_size
                0x00000004                NV_STORAGE_MAX_SECTORS_C = gNVMSectorCountLink_d
                0x0007f7ff                NV_STORAGE_START_ADDRESS_C = (m_fsl_prodInfo_start - 0x1)
                0x0007d800                NV_STORAGE_END_ADDRESS_C = ((NV_STORAGE_START_ADDRESS_C - (NV_STORAGE_MAX_SECTORS_C * NV_STORAGE_SECTOR_SIZE_C)) + 0x1)
                0x00000000                m_text_start = m_interrupts_start
                0x0007d7ff                m_text_end = (NV_STORAGE_END_ADDRESS_C - 0x1)
                0x20000000                m_interrupts_ram_start = __region_RAM2_start__
                0x200000bf                m_interrupts_ram_end = ((m_interrupts_ram_start + __ram_vector_table_size__) - 0x1)
                0x20017fff                __CSTACK_end__ = __region_RAM2_end__
                0x20017dff                __CSTACK_start__ = (__CSTACK_end__ - __size_cstack__)
                0x20017dfe                __HEAP_end__ = (__CSTACK_start__ - 0x1)
                0x20017dfa                __HEAP_start__ = ((__HEAP_end__ - __size_heap__) - 0x4)
                0x1fff8000                m_data1_start = __region_RAM1_start__
                0x1fffffff                m_data1_end = __region_RAM1_end__
                0x20000000                m_data2_start = m_interrupts_ram_start
                0x20017df9                m_data2_end = (__HEAP_start__ - 0x1)
                0x000000c0                __RAM_VECTOR_TABLE_SIZE = __ram_vector_table_size__
                0x20017dea                __BOOT_STACK_ADDRESS = (m_data2_end - 0xf)

.interrupts     0x00000000       0xc0
                0x00000000                __VECTOR_TABLE = .
                0x00000000                . = ALIGN (0x4)
 *(SORT_BY_ALIGNMENT(.isr_vector))
 .isr_vector    0x00000000       0xc0 ./startup/startup_MKW41Z4.o
                0x00000000                __isr_vector
                0x000000c0                . = ALIGN (0x4)

.freescale_prod_data
                0x0007f800        0x0
                0x0007f800                . = ALIGN (0x4)
 *(SORT_BY_ALIGNMENT(.FREESCALE_PROD_DATA))
                0x0007f800                . = ALIGN (0x4)

.flash_config   0x00000400       0x10
                0x00000400                . = ALIGN (0x4)
 *(SORT_BY_ALIGNMENT(.FlashConfig))
 .FlashConfig   0x00000400       0x10 ./startup/startup_MKW41Z4.o
                0x00000410                . = ALIGN (0x4)

.text           0x00000420    0x1a1fc
                0x00000420                . = ALIGN (0x4)
 *(SORT_BY_ALIGNMENT(.text))
 .text          0x00000420       0x48 d:/nxp/mcuxpressoide_11.6.0_8187/ide/plugins/com.nxp.mcuxpresso.tools.win32_11.6.0.202112161359/tools/bin/../lib/gcc/arm-none-eabi/10.3.1/thumb/v6-m/nofp/crtbegin.o
 .text          0x00000468       0x80 d:/nxp/mcuxpressoide_11.6.0_8187/ide/plugins/com.nxp.mcuxpresso.tools.win32_11.6.0.202112161359/tools/bin/../lib/gcc/arm-none-eabi/10.3.1/../../../../arm-none-eabi/lib/thumb/v6-m/nofp/crt0.o
                0x00000468                _stack_init
                0x00000474                _start
                0x00000474                _mainCRTStartup
 .text          0x000004e8       0xc0 ./startup/startup_MKW41Z4.o
                0x000004e8                Reset_Handler
                0x00000530                Radio_0_IRQHandler
                0x00000530                DMA0_DriverIRQHandler
                0x00000530                CMP0_IRQHandler
                0x00000530                DMA2_DriverIRQHandler
                0x00000530                TPM0_IRQHandler
                0x00000530                Radio_1_IRQHandler
                0x00000530                LLWU_IRQHandler
                0x00000530                TSI0_IRQHandler
                0x00000530                ADC0_IRQHandler
                0x00000530                CMT_IRQHandler
                0x00000530                LPTMR0_IRQHandler
                0x00000530                DefaultISR
                0x00000530                PORTB_PORTC_IRQHandler
                0x00000530                TPM2_IRQHandler
                0x00000530                RTC_IRQHandler
                0x00000530                LVD_LVW_DCDC_IRQHandler
                0x00000530                DMA3_DriverIRQHandler
                0x00000530                RTC_Seconds_IRQHandler
                0x00000530                MCG_IRQHandler
                0x00000530                TRNG0_IRQHandler
                0x00000530                Reserved20_IRQHandler
                0x00000530                LTC0_IRQHandler
                0x00000530                PIT_IRQHandler
                0x00000530                DMA1_DriverIRQHandler
                0x00000530                FTFA_IRQHandler
                0x00000530                PORTA_IRQHandler
                0x00000530                TPM1_IRQHandler
                0x00000530                DAC0_IRQHandler
                0x00000548                DMA0_IRQHandler
                0x0000054c                DMA1_IRQHandler
                0x00000550                DMA2_IRQHandler
                0x00000554                DMA3_IRQHandler
                0x00000558                I2C0_IRQHandler
                0x0000055c                I2C1_IRQHandler
                0x00000560                SPI0_IRQHandler
                0x00000564                LPUART0_IRQHandler
                0x00000568                SPI1_IRQHandler
 .text          0x000005a8      0x114 d:/nxp/mcuxpressoide_11.6.0_8187/ide/plugins/com.nxp.mcuxpresso.tools.win32_11.6.0.202112161359/tools/bin/../lib/gcc/arm-none-eabi/10.3.1/thumb/v6-m/nofp\libgcc.a(_udivsi3.o)
                0x000005a8                __aeabi_uidiv
                0x000005a8                __udivsi3
                0x000006b4                __aeabi_uidivmod
 .text          0x000006bc      0x1d4 d:/nxp/mcuxpressoide_11.6.0_8187/ide/plugins/com.nxp.mcuxpresso.tools.win32_11.6.0.202112161359/tools/bin/../lib/gcc/arm-none-eabi/10.3.1/thumb/v6-m/nofp\libgcc.a(_divsi3.o)
                0x000006bc                __divsi3
                0x000006bc                __aeabi_idiv
                0x00000888                __aeabi_idivmod
 .text          0x00000890        0x4 d:/nxp/mcuxpressoide_11.6.0_8187/ide/plugins/com.nxp.mcuxpresso.tools.win32_11.6.0.202112161359/tools/bin/../lib/gcc/arm-none-eabi/10.3.1/thumb/v6-m/nofp\libgcc.a(_dvmd_tls.o)
                0x00000890                __aeabi_idiv0
                0x00000890                __aeabi_ldiv0
 .text          0x00000894       0x74 d:/nxp/mcuxpressoide_11.6.0_8187/ide/plugins/com.nxp.mcuxpresso.tools.win32_11.6.0.202112161359/tools/bin/../lib/gcc/arm-none-eabi/10.3.1/thumb/v6-m/nofp\libgcc.a(_arm_cmpsf2.o)
                0x00000894                __aeabi_cfrcmple
                0x0000089c                __aeabi_cfcmpeq
                0x0000089c                __aeabi_cfcmple
                0x000008ac                __aeabi_fcmpeq
                0x000008b8                __aeabi_fcmplt
                0x000008cc                __aeabi_fcmple
                0x000008e0                __aeabi_fcmpgt
                0x000008f4                __aeabi_fcmpge
 .text          0x00000908       0x40 d:/nxp/mcuxpressoide_11.6.0_8187/ide/plugins/com.nxp.mcuxpresso.tools.win32_11.6.0.202112161359/tools/bin/../lib/gcc/arm-none-eabi/10.3.1/thumb/v6-m/nofp\libgcc.a(_aeabi_uldivmod.o)
                0x00000908                __aeabi_uldivmod
 .text          0x00000948       0x5c d:/nxp/mcuxpressoide_11.6.0_8187/ide/plugins/com.nxp.mcuxpresso.tools.win32_11.6.0.202112161359/tools/bin/../lib/gcc/arm-none-eabi/10.3.1/thumb/v6-m/nofp\libgcc.a(_muldi3.o)
                0x00000948                __muldi3
                0x00000948                __aeabi_lmul
 .text          0x000009a4       0x30 d:/nxp/mcuxpressoide_11.6.0_8187/ide/plugins/com.nxp.mcuxpresso.tools.win32_11.6.0.202112161359/tools/bin/../lib/gcc/arm-none-eabi/10.3.1/thumb/v6-m/nofp\libgcc.a(_fixunssfsi.o)
                0x000009a4                __fixunssfsi
                0x000009a4                __aeabi_f2uiz
 .text          0x000009d4      0x198 d:/nxp/mcuxpressoide_11.6.0_8187/ide/plugins/com.nxp.mcuxpresso.tools.win32_11.6.0.202112161359/tools/bin/../lib/gcc/arm-none-eabi/10.3.1/thumb/v6-m/nofp\libgcc.a(_udivmoddi4.o)
                0x000009d4                __udivmoddi4
 .text          0x00000b6c      0x33c d:/nxp/mcuxpressoide_11.6.0_8187/ide/plugins/com.nxp.mcuxpresso.tools.win32_11.6.0.202112161359/tools/bin/../lib/gcc/arm-none-eabi/10.3.1/thumb/v6-m/nofp\libgcc.a(addsf3.o)
                0x00000b6c                __aeabi_fadd
 .text          0x00000ea8      0x230 d:/nxp/mcuxpressoide_11.6.0_8187/ide/plugins/com.nxp.mcuxpresso.tools.win32_11.6.0.202112161359/tools/bin/../lib/gcc/arm-none-eabi/10.3.1/thumb/v6-m/nofp\libgcc.a(divsf3.o)
                0x00000ea8                __aeabi_fdiv
 .text          0x000010d8       0x4c d:/nxp/mcuxpressoide_11.6.0_8187/ide/plugins/com.nxp.mcuxpresso.tools.win32_11.6.0.202112161359/tools/bin/../lib/gcc/arm-none-eabi/10.3.1/thumb/v6-m/nofp\libgcc.a(eqsf2.o)
                0x000010d8                __eqsf2
                0x000010d8                __nesf2
 .text          0x00001124       0x8c d:/nxp/mcuxpressoide_11.6.0_8187/ide/plugins/com.nxp.mcuxpresso.tools.win32_11.6.0.202112161359/tools/bin/../lib/gcc/arm-none-eabi/10.3.1/thumb/v6-m/nofp\libgcc.a(gesf2.o)
                0x00001124                __gesf2
                0x00001124                __gtsf2
 .text          0x000011b0       0x88 d:/nxp/mcuxpressoide_11.6.0_8187/ide/plugins/com.nxp.mcuxpresso.tools.win32_11.6.0.202112161359/tools/bin/../lib/gcc/arm-none-eabi/10.3.1/thumb/v6-m/nofp\libgcc.a(lesf2.o)
                0x000011b0                __ltsf2
                0x000011b0                __lesf2
 .text          0x00001238      0x24c d:/nxp/mcuxpressoide_11.6.0_8187/ide/plugins/com.nxp.mcuxpresso.tools.win32_11.6.0.202112161359/tools/bin/../lib/gcc/arm-none-eabi/10.3.1/thumb/v6-m/nofp\libgcc.a(mulsf3.o)
                0x00001238                __aeabi_fmul
 .text          0x00001484      0x35c d:/nxp/mcuxpressoide_11.6.0_8187/ide/plugins/com.nxp.mcuxpresso.tools.win32_11.6.0.202112161359/tools/bin/../lib/gcc/arm-none-eabi/10.3.1/thumb/v6-m/nofp\libgcc.a(subsf3.o)
                0x00001484                __aeabi_fsub
 .text          0x000017e0       0x40 d:/nxp/mcuxpressoide_11.6.0_8187/ide/plugins/com.nxp.mcuxpresso.tools.win32_11.6.0.202112161359/tools/bin/../lib/gcc/arm-none-eabi/10.3.1/thumb/v6-m/nofp\libgcc.a(fixsfsi.o)
                0x000017e0                __aeabi_f2iz
 .text          0x00001820       0x9c d:/nxp/mcuxpressoide_11.6.0_8187/ide/plugins/com.nxp.mcuxpresso.tools.win32_11.6.0.202112161359/tools/bin/../lib/gcc/arm-none-eabi/10.3.1/thumb/v6-m/nofp\libgcc.a(floatsisf.o)
                0x00001820                __aeabi_i2f
 .text          0x000018bc       0x84 d:/nxp/mcuxpressoide_11.6.0_8187/ide/plugins/com.nxp.mcuxpresso.tools.win32_11.6.0.202112161359/tools/bin/../lib/gcc/arm-none-eabi/10.3.1/thumb/v6-m/nofp\libgcc.a(floatunsisf.o)
                0x000018bc                __aeabi_ui2f
 .text          0x00001940       0x3c d:/nxp/mcuxpressoide_11.6.0_8187/ide/plugins/com.nxp.mcuxpresso.tools.win32_11.6.0.202112161359/tools/bin/../lib/gcc/arm-none-eabi/10.3.1/thumb/v6-m/nofp\libgcc.a(_clzsi2.o)
                0x00001940                __clzsi2
 .text          0x0000197c       0x18 d:/nxp/mcuxpressoide_11.6.0_8187/ide/plugins/com.nxp.mcuxpresso.tools.win32_11.6.0.202112161359/tools/bin/../lib/gcc/arm-none-eabi/10.3.1/thumb/v6-m/nofp\libgcc.a(_clzdi2.o)
                0x0000197c                __clzdi2
 .text          0x00001994       0x38 D:\MPO\ITESO\9_semestre\Redes\codec\frdmkw41z_wireless_examples_ieee_802_15_4_mwa_coordinator_freertos\libs\lib_crypto_m0.a(SW_RNG.o)
                0x00001994                SecLib_set_rng_seed
                0x000019a4                SecLib_get_random
 .text          0x000019cc      0x530 D:\MPO\ITESO\9_semestre\Redes\codec\frdmkw41z_wireless_examples_ieee_802_15_4_mwa_coordinator_freertos\libs\lib802.15.4_mac_06_cm0.a(MacMain.o)
                0x000019cc                BindToMAC
                0x000019f8                UnBindFromMAC
                0x00001a14                MAC_EventSet
                0x00001a3e                Mac_Task
                0x00001b30                Mac_InitializeData
                0x00001bd4                Mac_RegisterSapHandlers
                0x00001be6                PD_MAC_SapHandler
                0x00001c08                PLME_MAC_SapHandler
                0x00001c10                NWK_MCPS_SapHandler
                0x00001c6c                NWK_MLME_SapHandler
                0x00001d14                Mlme_VerifyNwkInput
                0x00001e20                Mac_GetState
                0x00001e88                Dumy_MCPS_NWK_SapHandler
                0x00001e8c                Dumy_MLME_NWK_SapHandler
                0x00001e96                Mac_SetTrxLowPowerMode
                0x00001eca                Mac_SetTrxActiveMode
 .text          0x00001efc      0xc88 D:\MPO\ITESO\9_semestre\Redes\codec\frdmkw41z_wireless_examples_ieee_802_15_4_mwa_coordinator_freertos\libs\lib802.15.4_mac_06_cm0.a(MacPib.o)
                0x00001efc                macInitPIBs
                0x00002208                macVerifySetReq
                0x0000230c                mlmeGetSetReq
                0x00002894                mlmeGetSizeOfPIB
                0x000029e2                Mac_SetPhyPIBs
                0x00002b12                Mac_SetExtendedAddress
                0x00002b40                Mac_GetExtendedAddress
 .text          0x00002b84      0x5a0 D:\MPO\ITESO\9_semestre\Redes\codec\frdmkw41z_wireless_examples_ieee_802_15_4_mwa_coordinator_freertos\libs\lib802.15.4_mac_06_cm0.a(MacStateMachine.o)
                0x00002b84                Mac_TransactionExpire
                0x00002b90                Mac_PhyMsgHandler
                0x00002c50                Mac_NwkMsgHandler
                0x00002e84                Mac_McpsDataReqHandle
 .text          0x00003124      0x290 D:\MPO\ITESO\9_semestre\Redes\codec\frdmkw41z_wireless_examples_ieee_802_15_4_mwa_coordinator_freertos\libs\lib802.15.4_mac_06_cm0.a(Poll.o)
                0x00003124                Poll_VerifyParameters
                0x00003162                Poll_InitSeq
                0x000031ca                Poll_SendStatus
                0x00003204                Poll_DataRx
                0x000032c0                Poll_SendConfirm
                0x00003358                Poll_Timeout
 .text          0x000033b4       0xdc D:\MPO\ITESO\9_semestre\Redes\codec\frdmkw41z_wireless_examples_ieee_802_15_4_mwa_coordinator_freertos\libs\lib802.15.4_mac_06_cm0.a(RxEnable.o)
                0x000033b4                RxEnable_InitSeq
                0x0000340e                RxEnable_SetRx
                0x0000344e                RxEnable_Deactivate
 .text          0x00003490      0x670 D:\MPO\ITESO\9_semestre\Redes\codec\frdmkw41z_wireless_examples_ieee_802_15_4_mwa_coordinator_freertos\libs\lib802.15.4_mac_06_cm0.a(Scan.o)
                0x00003490                Mac_ScanMsgHandler
                0x0000351e                Scan_StartFastEDScan
                0x00003550                Scan_StartEDScan
                0x000035c8                Scan_StartActivePassiveScan
                0x00003622                Scan_StartOrphanScan
                0x00003652                Scan_Advance
                0x00003674                Scan_StartTimer
                0x000036a0                Scan_FastEdAcquire
                0x000036f6                Scan_EdAcquire
                0x0000374a                Scan_ActivePassiveAcquire
                0x00003888                Scan_OrphanAcquire
 .text          0x00003b00      0x1b6 D:\MPO\ITESO\9_semestre\Redes\codec\frdmkw41z_wireless_examples_ieee_802_15_4_mwa_coordinator_freertos\libs\lib802.15.4_mac_06_cm0.a(Start.o)
                0x00003b00                Start_VerifyParameters
                0x00003bc0                Start_InitSeq
                0x00003c06                Start_SetPIBs
                0x00003c66                CoordRealignment_SendStatus
                0x00003c8e                Start_SeqTerminate
 *fill*         0x00003cb6        0x2 
 .text          0x00003cb8      0x3c6 D:\MPO\ITESO\9_semestre\Redes\codec\frdmkw41z_wireless_examples_ieee_802_15_4_mwa_coordinator_freertos\libs\lib802.15.4_mac_06_cm0.a(Association.o)
                0x00003cb8                Association_VerifyParameters
                0x00003d08                Association_InitSeq
                0x00003d6c                Association_TriggerPoll
                0x00003da6                AssociationPoll_SendStatus
                0x00003e40                AssociationPoll_DataRx
                0x00003f40                AssociationReq_SendStatus
                0x00003ffc                AssociationRes_VerifyParameters
                0x00004030                AssociationRes_SendStatus
 *fill*         0x0000407e        0x2 
 .text          0x00004080      0x710 D:\MPO\ITESO\9_semestre\Redes\codec\frdmkw41z_wireless_examples_ieee_802_15_4_mwa_coordinator_freertos\libs\lib802.15.4_mac_06_cm0.a(DataRx.o)
                0x00004080                Mac_PreProcessDataIndication
                0x0000410c                Mac_ProcessDataIndication
                0x0000432c                Mac_ProcessBeaconFrame
                0x000044e0                Mac_CreateMcpsDataInd
                0x00004592                Mac_CreateMlmeCommStatusInd
                0x00004634                Mac_CreateMlmeSyncLossInd
                0x0000468e                Mac_IsPanIdConflict
                0x000046ec                Mac_IsMyCoordinator
                0x0000473e                Mac_PostponeActiveSeq
 .text          0x00004790      0x5d8 D:\MPO\ITESO\9_semestre\Redes\codec\frdmkw41z_wireless_examples_ieee_802_15_4_mwa_coordinator_freertos\libs\lib802.15.4_mac_06_cm0.a(DataTx.o)
                0x00004790                DataTx_VerifyParameters
                0x00004806                DataTx_InitSeq
                0x000049f4                DataTx_SendData
                0x00004a28                DataTx_SendDataConfirm
                0x00004ac2                DataTx_SendEmptyFrame
                0x00004afc                DataTx_SendStatus
                0x00004c28                DataTx_CheckForExpirePackets
                0x00004cb4                Mac_GetRandomBackoff
                0x00004cd4                DataTx_CsmaCaRetry
                0x00004cfc                DataTx_Backoff
                0x00004d0e                DataTx_SendDataWithBackoff
                0x00004d5c                Mac_InitCsmaCaVariables
 .text          0x00004d68      0x10c D:\MPO\ITESO\9_semestre\Redes\codec\frdmkw41z_wireless_examples_ieee_802_15_4_mwa_coordinator_freertos\libs\lib802.15.4_mac_06_cm0.a(Disassociation.o)
                0x00004d68                Disassociation_VerifyParameters
                0x00004df2                Disassociation_InitSeq
                0x00004e34                Disassociation_SendStatus
 .text          0x00004e74      0xca4 D:\MPO\ITESO\9_semestre\Redes\codec\frdmkw41z_wireless_examples_ieee_802_15_4_mwa_coordinator_freertos\libs\lib802.15.4_mac_06_cm0.a(MacFrames.o)
                0x00004e74                FrameBuild_AssociationRequest
                0x00004edc                FrameBuild_AssociationResponse
                0x00004f5c                FrameBuild_DisassociationNotification
                0x00004fcc                FrameBuild_DataRequest
                0x00005082                FrameBuild_PanIdConflictNotification
                0x000050b4                FrameBuild_OrphanNotification
                0x000050e6                FrameBuild_BeaconRequest
                0x00005124                FrameBuild_CoordinatorRealignment
                0x00005250                FrameBuild_Beacon
                0x00005410                FrameBuild_Data
                0x00005698                FrameBuild_ZeroLengthPayload
                0x00005760                Mac_GetMacHeader
                0x00005844                Mac_GetMaxMsduLength
                0x00005874                Mac_GetOverheadSize
                0x000058c0                FrameBuild_Command
                0x00005b14                addrModeFieldLengthTable
 .text          0x00005b18       0x4c D:\MPO\ITESO\9_semestre\Redes\codec\frdmkw41z_wireless_examples_ieee_802_15_4_mwa_coordinator_freertos\libs\lib802.15.4_mac_06_cm0.a(MacMem.o)
                0x00005b18                Mac_MemAllocZero
                0x00005b38                FrameAlloc
 .text          0x00005b64      0xa28 D:\MPO\ITESO\9_semestre\Redes\codec\frdmkw41z_wireless_examples_ieee_802_15_4_mwa_coordinator_freertos\libs\lib802.15.4_mac_06_cm0.a(MacSec.o)
                0x00005b9c                Sec_DetermineASHLength
                0x00005bcc                keyIdModeToAshLengthTable
                0x00005d32                Sec_CheckBeaconSecurityParameters
                0x00005df0                Sec_SecureTxFrame
                0x00005fa8                Sec_CreateAuxSecHeader
                0x00006030                Sec_CheckRxSecLevel
                0x00006038                Sec_UnsecureRxFrame
 .text          0x0000658c       0x7c d:/nxp/mcuxpressoide_11.6.0_8187/ide/plugins/com.nxp.mcuxpresso.tools.win32_11.6.0.202112161359/tools/bin/../lib/gcc/arm-none-eabi/10.3.1/thumb/v6-m/nofp\libgcc.a(unaligned-funcs.o)
                0x0000658c                __aeabi_uread4
                0x000065a4                __aeabi_uwrite4
                0x000065b8                __aeabi_uread8
                0x000065e8                __aeabi_uwrite8
 .text          0x00006608       0xce D:\MPO\ITESO\9_semestre\Redes\codec\frdmkw41z_wireless_examples_ieee_802_15_4_mwa_coordinator_freertos\libs\lib802.15.4_mac_06_cm0.a(Orphan.o)
                0x00006608                Orphan_VerifyParameters
                0x00006640                Orphan_InitSeq
                0x00006682                Orphan_SendStatus
 .text          0x000066d6      0x11c D:\MPO\ITESO\9_semestre\Redes\codec\frdmkw41z_wireless_examples_ieee_802_15_4_mwa_coordinator_freertos\libs\lib802.15.4_mac_06_cm0.a(Reset.o)
                0x000066d6                mlmeResetReq
 .text          0x000067f2       0xfa D:\MPO\ITESO\9_semestre\Redes\codec\frdmkw41z_wireless_examples_ieee_802_15_4_mwa_coordinator_freertos\libs\lib802.15.4_mac_06_cm0.a(MacSequenceMngr.o)
                0x000067f2                getFirstSequenceByChecksum
                0x0000680c                getLastSequenceByChecksum
                0x0000682c                getSequenceByDestination
                0x00006856                getSequenceByMsduHandle
                0x00006876                createNewSeq
                0x0000688c                getChecksum
                0x000068b8                getFreeIndex
 .text          0x000068ec       0x68 D:\MPO\ITESO\9_semestre\Redes\codec\frdmkw41z_wireless_examples_ieee_802_15_4_mwa_coordinator_freertos\libs\lib802.15.4_mac_06_cm0.a(SecurityLib.o)
                0x000068ec                AES_128_CCM_Star
 *(SORT_BY_ALIGNMENT(.text*))
 *fill*         0x00006954        0xc 
 .text.vPortStartFirstTask
                0x00006960       0x38 ./freertos/port.o
 *fill*         0x00006998        0x8 
 .text.PendSV_Handler
                0x000069a0       0x48 ./freertos/port.o
                0x000069a0                PendSV_Handler
 .text.DbgConsole_Printf
                0x000069e8       0x44 ./utilities/fsl_debug_console.o
                0x000069e8                DbgConsole_Printf
 .text.DbgConsole_Putchar
                0x00006a2c       0x34 ./utilities/fsl_debug_console.o
                0x00006a2c                DbgConsole_Putchar
 .text.main_task
                0x00006a60       0x78 ./source/mwa_coordinator.o
                0x00006a60                main_task
 .text.App_init
                0x00006ad8       0xb8 ./source/mwa_coordinator.o
                0x00006ad8                App_init
 .text.AppThread
                0x00006b90      0x314 ./source/mwa_coordinator.o
                0x00006b90                AppThread
 .text.UartRxCallBack
                0x00006ea4       0x64 ./source/mwa_coordinator.o
 .text.App_StartScan
                0x00006f08       0xc8 ./source/mwa_coordinator.o
 .text.App_HandleScanEdConfirm
                0x00006fd0       0xc8 ./source/mwa_coordinator.o
 .text.App_StartCoordinator
                0x00007098      0x160 ./source/mwa_coordinator.o
 .text.App_SendAssociateResponse
                0x000071f8      0x228 ./source/mwa_coordinator.o
 .text.App_HandleMlmeInput
                0x00007420       0x6c ./source/mwa_coordinator.o
 .text.App_HandleMcpsInput
                0x0000748c       0x64 ./source/mwa_coordinator.o
 .text.App_TransmitUartData
                0x000074f0      0x1a4 ./source/mwa_coordinator.o
 .text.App_HandleKeys
                0x00007694       0x40 ./source/mwa_coordinator.o
 .text.MLME_NWK_SapHandler
                0x000076d4       0x34 ./source/mwa_coordinator.o
                0x000076d4                MLME_NWK_SapHandler
 .text.MCPS_NWK_SapHandler
                0x00007708       0x34 ./source/mwa_coordinator.o
                0x00007708                MCPS_NWK_SapHandler
 .text.checkvalue
                0x0000773c      0x13c ./source/mwa_coordinator.o
 .text.HardFault_Handler
                0x00007878       0x30 ./source/semihost_hardfault.o
                0x00007878                HardFault_Handler
 .text.NVIC_EnableIRQ
                0x000078a8       0x2c ./ieee_802.15.4/phy/source/MKW41Z/PhyISR.o
 .text.NVIC_SetPendingIRQ
                0x000078d4       0x30 ./ieee_802.15.4/phy/source/MKW41Z/PhyISR.o
 .text.NVIC_ClearPendingIRQ
                0x00007904       0x30 ./ieee_802.15.4/phy/source/MKW41Z/PhyISR.o
 .text.NVIC_SetPriority
                0x00007934       0xdc ./ieee_802.15.4/phy/source/MKW41Z/PhyISR.o
 .text.ProtectFromXcvrInterrupt
                0x00007a10       0x3c ./ieee_802.15.4/phy/source/MKW41Z/PhyISR.o
                0x00007a10                ProtectFromXcvrInterrupt
 .text.UnprotectFromXcvrInterrupt
                0x00007a4c       0x44 ./ieee_802.15.4/phy/source/MKW41Z/PhyISR.o
                0x00007a4c                UnprotectFromXcvrInterrupt
 .text.PhyIsrPassRxParams
                0x00007a90       0x1c ./ieee_802.15.4/phy/source/MKW41Z/PhyISR.o
                0x00007a90                PhyIsrPassRxParams
 .text.PhyIsrSeqCleanup
                0x00007aac       0x5c ./ieee_802.15.4/phy/source/MKW41Z/PhyISR.o
 .text.PhyIsrTimeoutCleanup
                0x00007b08       0x60 ./ieee_802.15.4/phy/source/MKW41Z/PhyISR.o
 .text.Phy_GetEnergyLevel
                0x00007b68       0x58 ./ieee_802.15.4/phy/source/MKW41Z/PhyISR.o
                0x00007b68                Phy_GetEnergyLevel
 .text.PHY_InterruptHandler
                0x00007bc0      0x368 ./ieee_802.15.4/phy/source/MKW41Z/PhyISR.o
                0x00007bc0                PHY_InterruptHandler
 .text.PHY_InstallIsr
                0x00007f28       0x30 ./ieee_802.15.4/phy/source/MKW41Z/PhyISR.o
                0x00007f28                PHY_InstallIsr
 .text.Phy_GetRxParams
                0x00007f58       0x74 ./ieee_802.15.4/phy/source/MKW41Z/PhyISR.o
 .text.PhyHwInit
                0x00007fcc      0x13c ./ieee_802.15.4/phy/source/MKW41Z/PhyPacketProcessor.o
                0x00007fcc                PhyHwInit
 .text.PhyAbort
                0x00008108       0xb4 ./ieee_802.15.4/phy/source/MKW41Z/PhyPacketProcessor.o
                0x00008108                PhyAbort
 .text.PhyPpGetState
                0x000081bc       0x1c ./ieee_802.15.4/phy/source/MKW41Z/PhyPacketProcessor.o
                0x000081bc                PhyPpGetState
 .text.PhyPpSetPanId
                0x000081d8       0x70 ./ieee_802.15.4/phy/source/MKW41Z/PhyPacketProcessor.o
                0x000081d8                PhyPpSetPanId
 .text.PhyPpSetShortAddr
                0x00008248       0x70 ./ieee_802.15.4/phy/source/MKW41Z/PhyPacketProcessor.o
                0x00008248                PhyPpSetShortAddr
 .text.PhyPpSetLongAddr
                0x000082b8       0x60 ./ieee_802.15.4/phy/source/MKW41Z/PhyPacketProcessor.o
                0x000082b8                PhyPpSetLongAddr
 .text.PhyPpSetMacRole
                0x00008318       0x90 ./ieee_802.15.4/phy/source/MKW41Z/PhyPacketProcessor.o
                0x00008318                PhyPpSetMacRole
 .text.PhyPpSetPromiscuous
                0x000083a8       0x5c ./ieee_802.15.4/phy/source/MKW41Z/PhyPacketProcessor.o
                0x000083a8                PhyPpSetPromiscuous
 .text.PhyPp_IndirectQueueInsert
                0x00008404       0x6c ./ieee_802.15.4/phy/source/MKW41Z/PhyPacketProcessor.o
                0x00008404                PhyPp_IndirectQueueInsert
 .text.PhyPp_RemoveFromIndirect
                0x00008470       0x60 ./ieee_802.15.4/phy/source/MKW41Z/PhyPacketProcessor.o
                0x00008470                PhyPp_RemoveFromIndirect
 .text.PhyPpIsTxAckDataPending
                0x000084d0       0x4c ./ieee_802.15.4/phy/source/MKW41Z/PhyPacketProcessor.o
                0x000084d0                PhyPpIsTxAckDataPending
 .text.PhyPlmeSetPwrState
                0x0000851c      0x128 ./ieee_802.15.4/phy/source/MKW41Z/PhyPacketProcessor.o
                0x0000851c                PhyPlmeSetPwrState
 .text.PhyPdDataRequest
                0x00008644      0x1b0 ./ieee_802.15.4/phy/source/MKW41Z/PhyPlmeData.o
                0x00008644                PhyPdDataRequest
 .text.PhyPlmeRxRequest
                0x000087f4      0x16c ./ieee_802.15.4/phy/source/MKW41Z/PhyPlmeData.o
                0x000087f4                PhyPlmeRxRequest
 .text.PhyPlmeCcaEdRequest
                0x00008960      0x11c ./ieee_802.15.4/phy/source/MKW41Z/PhyPlmeData.o
                0x00008960                PhyPlmeCcaEdRequest
 .text.PhyPlmeSetCurrentChannelRequest
                0x00008a7c       0x8c ./ieee_802.15.4/phy/source/MKW41Z/PhyPlmeData.o
                0x00008a7c                PhyPlmeSetCurrentChannelRequest
 .text.PhyPlmeGetCurrentChannelRequest
                0x00008b08       0x3c ./ieee_802.15.4/phy/source/MKW41Z/PhyPlmeData.o
                0x00008b08                PhyPlmeGetCurrentChannelRequest
 .text.PhyPlmeSetPwrLevelRequest
                0x00008b44       0x7c ./ieee_802.15.4/phy/source/MKW41Z/PhyPlmeData.o
                0x00008b44                PhyPlmeSetPwrLevelRequest
 .text.PhyPlmeGetPwrLevelRequest
                0x00008bc0       0x34 ./ieee_802.15.4/phy/source/MKW41Z/PhyPlmeData.o
                0x00008bc0                PhyPlmeGetPwrLevelRequest
 .text.PhyPlmeSetPIBRequest
                0x00008bf4      0x1d0 ./ieee_802.15.4/phy/source/MKW41Z/PhyPlmeData.o
                0x00008bf4                PhyPlmeSetPIBRequest
 .text.PhyPlmeGetPIBRequest
                0x00008dc4      0x3c0 ./ieee_802.15.4/phy/source/MKW41Z/PhyPlmeData.o
                0x00008dc4                PhyPlmeGetPIBRequest
 .text.PhyRxRetry
                0x00009184       0x74 ./ieee_802.15.4/phy/source/MKW41Z/PhyPlmeData.o
 .text.Phy_Init
                0x000091f8       0x40 ./ieee_802.15.4/phy/source/MKW41Z/PhyStateMachine.o
                0x000091f8                Phy_Init
 .text.Phy_RegisterSapHandlers
                0x00009238       0x24 ./ieee_802.15.4/phy/source/MKW41Z/PhyStateMachine.o
                0x00009238                Phy_RegisterSapHandlers
 .text.Phy24Task
                0x0000925c      0x260 ./ieee_802.15.4/phy/source/MKW41Z/PhyStateMachine.o
 .text.MAC_PD_SapHandler
                0x000094bc       0xb0 ./ieee_802.15.4/phy/source/MKW41Z/PhyStateMachine.o
                0x000094bc                MAC_PD_SapHandler
 .text.MAC_PLME_SapHandler
                0x0000956c      0x194 ./ieee_802.15.4/phy/source/MKW41Z/PhyStateMachine.o
                0x0000956c                MAC_PLME_SapHandler
 .text.Phy_HandlePdDataReq
                0x00009700      0x188 ./ieee_802.15.4/phy/source/MKW41Z/PhyStateMachine.o
 .text.Phy_EnterIdle
                0x00009888       0x88 ./ieee_802.15.4/phy/source/MKW41Z/PhyStateMachine.o
 .text.PhyPlmeSetFrameWaitTime
                0x00009910       0x1c ./ieee_802.15.4/phy/source/MKW41Z/PhyStateMachine.o
                0x00009910                PhyPlmeSetFrameWaitTime
 .text.PhyPlmeSetRxOnWhenIdle
                0x0000992c       0x88 ./ieee_802.15.4/phy/source/MKW41Z/PhyStateMachine.o
                0x0000992c                PhyPlmeSetRxOnWhenIdle
 .text.PhyIsIdleRx
                0x000099b4       0x4c ./ieee_802.15.4/phy/source/MKW41Z/PhyStateMachine.o
                0x000099b4                PhyIsIdleRx
 .text.Radio_Phy_PdDataConfirm
                0x00009a00       0x94 ./ieee_802.15.4/phy/source/MKW41Z/PhyStateMachine.o
                0x00009a00                Radio_Phy_PdDataConfirm
 .text.Radio_Phy_PdDataIndication
                0x00009a94       0x24 ./ieee_802.15.4/phy/source/MKW41Z/PhyStateMachine.o
                0x00009a94                Radio_Phy_PdDataIndication
 .text.Radio_Phy_PlmeCcaConfirm
                0x00009ab8       0x34 ./ieee_802.15.4/phy/source/MKW41Z/PhyStateMachine.o
                0x00009ab8                Radio_Phy_PlmeCcaConfirm
 .text.Radio_Phy_PlmeEdConfirm
                0x00009aec       0x34 ./ieee_802.15.4/phy/source/MKW41Z/PhyStateMachine.o
                0x00009aec                Radio_Phy_PlmeEdConfirm
 .text.Radio_Phy_TimeRxTimeoutIndication
                0x00009b20       0x30 ./ieee_802.15.4/phy/source/MKW41Z/PhyStateMachine.o
                0x00009b20                Radio_Phy_TimeRxTimeoutIndication
 .text.Radio_Phy_PlmeRxWatermark
                0x00009b50       0xb8 ./ieee_802.15.4/phy/source/MKW41Z/PhyStateMachine.o
                0x00009b50                Radio_Phy_PlmeRxWatermark
 .text.Radio_Phy_PlmeFilterFailRx
                0x00009c08       0x54 ./ieee_802.15.4/phy/source/MKW41Z/PhyStateMachine.o
                0x00009c08                Radio_Phy_PlmeFilterFailRx
 .text.PLME_SendMessage
                0x00009c5c       0xd4 ./ieee_802.15.4/phy/source/MKW41Z/PhyStateMachine.o
 .text.PD_SendMessage
                0x00009d30      0x268 ./ieee_802.15.4/phy/source/MKW41Z/PhyStateMachine.o
 .text.Phy_SendLatePLME
                0x00009f98       0x24 ./ieee_802.15.4/phy/source/MKW41Z/PhyStateMachine.o
 .text.Phy_SendLatePD
                0x00009fbc       0x24 ./ieee_802.15.4/phy/source/MKW41Z/PhyStateMachine.o
 .text.Radio_Phy_Notify
                0x00009fe0       0x18 ./ieee_802.15.4/phy/source/MKW41Z/PhyStateMachine.o
                0x00009fe0                Radio_Phy_Notify
 .text.PhyTimeSetEventTrigger
                0x00009ff8       0x68 ./ieee_802.15.4/phy/source/MKW41Z/PhyTime.o
                0x00009ff8                PhyTimeSetEventTrigger
 .text.PhyTimeDisableEventTrigger
                0x0000a060       0x5c ./ieee_802.15.4/phy/source/MKW41Z/PhyTime.o
                0x0000a060                PhyTimeDisableEventTrigger
 .text.PhyTimeSetEventTimeout
                0x0000a0bc       0x74 ./ieee_802.15.4/phy/source/MKW41Z/PhyTime.o
                0x0000a0bc                PhyTimeSetEventTimeout
 .text.PhyTimeGetEventTimeout
                0x0000a130       0x20 ./ieee_802.15.4/phy/source/MKW41Z/PhyTime.o
                0x0000a130                PhyTimeGetEventTimeout
 .text.PhyTimeDisableEventTimeout
                0x0000a150       0x60 ./ieee_802.15.4/phy/source/MKW41Z/PhyTime.o
                0x0000a150                PhyTimeDisableEventTimeout
 .text.PhyTimeReadClock
                0x0000a1b0       0x28 ./ieee_802.15.4/phy/source/MKW41Z/PhyTime.o
                0x0000a1b0                PhyTimeReadClock
 .text.PhyTimeSetWaitTimeout
                0x0000a1d8       0x6c ./ieee_802.15.4/phy/source/MKW41Z/PhyTime.o
                0x0000a1d8                PhyTimeSetWaitTimeout
 .text.PhyTimeDisableWaitTimeout
                0x0000a244       0x50 ./ieee_802.15.4/phy/source/MKW41Z/PhyTime.o
                0x0000a244                PhyTimeDisableWaitTimeout
 .text.PhyTime_ISR
                0x0000a294       0x54 ./ieee_802.15.4/phy/source/MKW41Z/PhyTime.o
                0x0000a294                PhyTime_ISR
 .text.PhyTime_TimerInit
                0x0000a2e8       0x90 ./ieee_802.15.4/phy/source/MKW41Z/PhyTime.o
                0x0000a2e8                PhyTime_TimerInit
 .text.PhyTime_GetTimestamp
                0x0000a378       0x80 ./ieee_802.15.4/phy/source/MKW41Z/PhyTime.o
                0x0000a378                PhyTime_GetTimestamp
 .text.PhyTime_ScheduleEvent
                0x0000a3f8       0xe8 ./ieee_802.15.4/phy/source/MKW41Z/PhyTime.o
                0x0000a3f8                PhyTime_ScheduleEvent
 .text.PhyTime_CancelEvent
                0x0000a4e0       0xa4 ./ieee_802.15.4/phy/source/MKW41Z/PhyTime.o
                0x0000a4e0                PhyTime_CancelEvent
 .text.PhyTime_CancelEventsWithParam
                0x0000a584       0xac ./ieee_802.15.4/phy/source/MKW41Z/PhyTime.o
                0x0000a584                PhyTime_CancelEventsWithParam
 .text.PhyTime_RunCallback
                0x0000a630       0x70 ./ieee_802.15.4/phy/source/MKW41Z/PhyTime.o
                0x0000a630                PhyTime_RunCallback
 .text.PhyTime_Maintenance
                0x0000a6a0       0xa8 ./ieee_802.15.4/phy/source/MKW41Z/PhyTime.o
                0x0000a6a0                PhyTime_Maintenance
 .text.PhyTime_OverflowCB
                0x0000a748       0x50 ./ieee_802.15.4/phy/source/MKW41Z/PhyTime.o
 .text.PhyTime_GetNextEvent
                0x0000a798       0x74 ./ieee_802.15.4/phy/source/MKW41Z/PhyTime.o
 .text.MAC_Init
                0x0000a80c       0x68 ./ieee_802.15.4/mac/source/App/MacGlobals.o
                0x0000a80c                MAC_Init
 .text.xEventGroupSetBitsFromISR
                0x0000a874       0x2c ./freertos/event_groups.o
                0x0000a874                xEventGroupSetBitsFromISR
 .text.prvSetupTimerInterrupt
                0x0000a8a0       0x40 ./freertos/fsl_tickless_lptmr.o
                0x0000a8a0                prvSetupTimerInterrupt
 .text.pvPortMalloc
                0x0000a8e0      0x14c ./freertos/heap_4.o
                0x0000a8e0                pvPortMalloc
 .text.vPortFree
                0x0000aa2c       0x90 ./freertos/heap_4.o
                0x0000aa2c                vPortFree
 .text.prvHeapInit
                0x0000aabc       0xc0 ./freertos/heap_4.o
 .text.prvInsertBlockIntoFreeList
                0x0000ab7c       0xb0 ./freertos/heap_4.o
 .text.pxPortInitialiseStack
                0x0000ac2c       0x54 ./freertos/port.o
                0x0000ac2c                pxPortInitialiseStack
 .text.prvTaskExitError
                0x0000ac80       0x18 ./freertos/port.o
 .text.xPortStartScheduler
                0x0000ac98       0x44 ./freertos/port.o
                0x0000ac98                xPortStartScheduler
 .text.vPortYield
                0x0000acdc       0x20 ./freertos/port.o
                0x0000acdc                vPortYield
 .text.vPortEnterCritical
                0x0000acfc       0x24 ./freertos/port.o
                0x0000acfc                vPortEnterCritical
 .text.vPortExitCritical
                0x0000ad20       0x30 ./freertos/port.o
                0x0000ad20                vPortExitCritical
 .text.SysTick_Handler
                0x0000ad50       0x34 ./freertos/port.o
                0x0000ad50                SysTick_Handler
 .text.vQueueAddToRegistry
                0x0000ad84       0x50 ./freertos/queue.o
                0x0000ad84                vQueueAddToRegistry
 .text.prvInitialiseNewTask
                0x0000add4      0x12c ./freertos/tasks.o
 .text.prvAddNewTaskToReadyList
                0x0000af00       0xd0 ./freertos/tasks.o
 .text.vTaskStartScheduler
                0x0000afd0       0x78 ./freertos/tasks.o
                0x0000afd0                vTaskStartScheduler
 .text.vTaskSuspendAll
                0x0000b048       0x18 ./freertos/tasks.o
                0x0000b048                vTaskSuspendAll
 .text.xTaskResumeAll
                0x0000b060      0x118 ./freertos/tasks.o
                0x0000b060                xTaskResumeAll
 .text.xTaskGetTickCount
                0x0000b178       0x1c ./freertos/tasks.o
                0x0000b178                xTaskGetTickCount
 .text.xTaskIncrementTick
                0x0000b194      0x14c ./freertos/tasks.o
                0x0000b194                xTaskIncrementTick
 .text.vTaskSwitchContext
                0x0000b2e0       0xa4 ./freertos/tasks.o
                0x0000b2e0                vTaskSwitchContext
 .text.vTaskPlaceOnEventList
                0x0000b384       0x3c ./freertos/tasks.o
                0x0000b384                vTaskPlaceOnEventList
 .text.vTaskPlaceOnUnorderedEventList
                0x0000b3c0       0x5c ./freertos/tasks.o
                0x0000b3c0                vTaskPlaceOnUnorderedEventList
 .text.vTaskPlaceOnEventListRestricted
                0x0000b41c       0x4c ./freertos/tasks.o
                0x0000b41c                vTaskPlaceOnEventListRestricted
 .text.xTaskRemoveFromEventList
                0x0000b468       0xb8 ./freertos/tasks.o
                0x0000b468                xTaskRemoveFromEventList
 .text.xTaskRemoveFromUnorderedEventList
                0x0000b520       0xb0 ./freertos/tasks.o
                0x0000b520                xTaskRemoveFromUnorderedEventList
 .text.vTaskSetTimeOutState
                0x0000b5d0       0x34 ./freertos/tasks.o
                0x0000b5d0                vTaskSetTimeOutState
 .text.xTaskCheckForTimeOut
                0x0000b604       0x9c ./freertos/tasks.o
                0x0000b604                xTaskCheckForTimeOut
 .text.vTaskMissedYield
                0x0000b6a0       0x14 ./freertos/tasks.o
                0x0000b6a0                vTaskMissedYield
 .text.prvIdleTask
                0x0000b6b4       0x20 ./freertos/tasks.o
 .text.prvInitialiseTaskLists
                0x0000b6d4       0x88 ./freertos/tasks.o
 .text.prvCheckTasksWaitingTermination
                0x0000b75c       0x78 ./freertos/tasks.o
 .text.prvResetNextTaskUnblockTime
                0x0000b7d4       0x48 ./freertos/tasks.o
 .text.xTaskGetCurrentTaskHandle
                0x0000b81c       0x1c ./freertos/tasks.o
                0x0000b81c                xTaskGetCurrentTaskHandle
 .text.xTaskGetSchedulerState
                0x0000b838       0x38 ./freertos/tasks.o
                0x0000b838                xTaskGetSchedulerState
 .text.vTaskPriorityInherit
                0x0000b870       0xbc ./freertos/tasks.o
                0x0000b870                vTaskPriorityInherit
 .text.xTaskPriorityDisinherit
                0x0000b92c       0xb8 ./freertos/tasks.o
                0x0000b92c                xTaskPriorityDisinherit
 .text.uxTaskResetEventItemValue
                0x0000b9e4       0x2c ./freertos/tasks.o
                0x0000b9e4                uxTaskResetEventItemValue
 .text.pvTaskIncrementMutexHeldCount
                0x0000ba10       0x24 ./freertos/tasks.o
                0x0000ba10                pvTaskIncrementMutexHeldCount
 .text.prvAddCurrentTaskToDelayedList
                0x0000ba34       0xa8 ./freertos/tasks.o
 .text.xTimerCreateTimerTask
                0x0000badc       0x54 ./freertos/timers.o
                0x0000badc                xTimerCreateTimerTask
 .text.xTimerGenericCommand
                0x0000bb30       0x94 ./freertos/timers.o
                0x0000bb30                xTimerGenericCommand
 .text.prvProcessExpiredTimer
                0x0000bbc4       0x70 ./freertos/timers.o
 .text.prvProcessTimerOrBlockTask
                0x0000bc34       0x8c ./freertos/timers.o
 .text.prvGetNextExpireTime
                0x0000bcc0       0x40 ./freertos/timers.o
 .text.prvSampleTimeNow
                0x0000bd00       0x40 ./freertos/timers.o
 .text.prvInsertTimerInActiveList
                0x0000bd40       0x84 ./freertos/timers.o
 .text.prvProcessReceivedCommands
                0x0000bdc4      0x128 ./freertos/timers.o
 .text.prvSwitchTimerLists
                0x0000beec       0xb4 ./freertos/timers.o
 .text.prvCheckForValidListAndQueue
                0x0000bfa0       0x74 ./freertos/timers.o
 .text.xTimerPendFunctionCallFromISR
                0x0000c014       0x4c ./freertos/timers.o
                0x0000c014                xTimerPendFunctionCallFromISR
 .text.XCVR_Init
                0x0000c060      0x128 ./framework/XCVR/MKW41Z4/fsl_xcvr.o
                0x0000c060                XCVR_Init
 .text.XCVR_GetDefaultConfig
                0x0000c188      0x174 ./framework/XCVR/MKW41Z4/fsl_xcvr.o
                0x0000c188                XCVR_GetDefaultConfig
 .text.XCVR_Configure
                0x0000c2fc      0x98c ./framework/XCVR/MKW41Z4/fsl_xcvr.o
                0x0000c2fc                XCVR_Configure
 .text.XcvrPanic
                0x0000cc88       0x40 ./framework/XCVR/MKW41Z4/fsl_xcvr.o
                0x0000cc88                XcvrPanic
 .text.XCVR_SetXtalTrim
                0x0000ccc8       0x64 ./framework/XCVR/MKW41Z4/fsl_xcvr.o
                0x0000ccc8                XCVR_SetXtalTrim
 .text.XCVR_OverrideChannel
                0x0000cd2c      0x140 ./framework/XCVR/MKW41Z4/fsl_xcvr.o
                0x0000cd2c                XCVR_OverrideChannel
 .text.XCVR_ForceRxWu
                0x0000ce6c       0x1c ./framework/XCVR/MKW41Z4/fsl_xcvr.o
                0x0000ce6c                XCVR_ForceRxWu
 .text.XCVR_ForceRxWd
                0x0000ce88       0x1c ./framework/XCVR/MKW41Z4/fsl_xcvr.o
                0x0000ce88                XCVR_ForceRxWd
 .text.calc_dcoc_dac_step
                0x0000cea4       0x88 ./framework/XCVR/MKW41Z4/fsl_xcvr_trim.o
                0x0000cea4                calc_dcoc_dac_step
 .text.rx_dc_est_average
                0x0000cf2c      0x1a0 ./framework/XCVR/MKW41Z4/fsl_xcvr_trim.o
                0x0000cf2c                rx_dc_est_average
 .text.rx_bba_dcoc_dac_trim_DCest
                0x0000d0cc      0x7bc ./framework/XCVR/MKW41Z4/fsl_xcvr_trim.o
                0x0000d0cc                rx_bba_dcoc_dac_trim_DCest
 .text.DCOC_DAC_INIT_Cal
                0x0000d888      0x5f0 ./framework/XCVR/MKW41Z4/fsl_xcvr_trim.o
                0x0000d888                DCOC_DAC_INIT_Cal
 .text.read_first_ifr_word
                0x0000de78       0x20 ./framework/XCVR/MKW41Z4/ifr_radio.o
                0x0000de78                read_first_ifr_word
 .text.read_another_ifr_word
                0x0000de98       0x2c ./framework/XCVR/MKW41Z4/ifr_radio.o
                0x0000de98                read_another_ifr_word
 .text.read_resource_ifr
                0x0000dec4       0xd4 ./framework/XCVR/MKW41Z4/ifr_radio.o
                0x0000dec4                read_resource_ifr
 .text.handle_ifr
                0x0000df98      0x184 ./framework/XCVR/MKW41Z4/ifr_radio.o
                0x0000df98                handle_ifr
 .text.NVIC_EnableIRQ
                0x0000e11c       0x2c ./framework/TimersManager/Source/TMR_Adapter.o
 .text.NVIC_ClearPendingIRQ
                0x0000e148       0x30 ./framework/TimersManager/Source/TMR_Adapter.o
 .text.NVIC_SetPriority
                0x0000e178       0xdc ./framework/TimersManager/Source/TMR_Adapter.o
 .text.StackTimer_Init
                0x0000e254       0x98 ./framework/TimersManager/Source/TMR_Adapter.o
                0x0000e254                StackTimer_Init
 .text.StackTimer_Enable
                0x0000e2ec       0x1c ./framework/TimersManager/Source/TMR_Adapter.o
                0x0000e2ec                StackTimer_Enable
 .text.StackTimer_Disable
                0x0000e308       0x18 ./framework/TimersManager/Source/TMR_Adapter.o
                0x0000e308                StackTimer_Disable
 .text.StackTimer_GetCounterValue
                0x0000e320       0x14 ./framework/TimersManager/Source/TMR_Adapter.o
                0x0000e320                StackTimer_GetCounterValue
 .text.StackTimer_SetOffsetTicks
                0x0000e334       0x24 ./framework/TimersManager/Source/TMR_Adapter.o
                0x0000e334                StackTimer_SetOffsetTicks
 .text.StackTimer_ClearIntFlag
                0x0000e358       0x30 ./framework/TimersManager/Source/TMR_Adapter.o
                0x0000e358                StackTimer_ClearIntFlag
 .text.TMR_GetTimerStatus
                0x0000e388       0x28 ./framework/TimersManager/Source/TimersManager.o
 .text.TMR_SetTimerStatus
                0x0000e3b0       0x44 ./framework/TimersManager/Source/TimersManager.o
 .text.TMR_GetTimerType
                0x0000e3f4       0x28 ./framework/TimersManager/Source/TimersManager.o
 .text.TMR_SetTimerType
                0x0000e41c       0x44 ./framework/TimersManager/Source/TimersManager.o
 .text.TmrTicksFromMilliseconds
                0x0000e460       0x48 ./framework/TimersManager/Source/TimersManager.o
                0x0000e460                TmrTicksFromMilliseconds
 .text.TMR_Init
                0x0000e4a8       0x80 ./framework/TimersManager/Source/TimersManager.o
                0x0000e4a8                TMR_Init
 .text.TMR_NotifyClkChanged
                0x0000e528       0x44 ./framework/TimersManager/Source/TimersManager.o
                0x0000e528                TMR_NotifyClkChanged
 .text.TMR_AllocateTimer
                0x0000e56c       0x50 ./framework/TimersManager/Source/TimersManager.o
                0x0000e56c                TMR_AllocateTimer
 .text.StackTimer_ISR
                0x0000e5bc       0x24 ./framework/TimersManager/Source/TimersManager.o
 .text.TMR_StartTimer
                0x0000e5e0       0xe8 ./framework/TimersManager/Source/TimersManager.o
                0x0000e5e0                TMR_StartTimer
 .text.TMR_StopTimer
                0x0000e6c8       0xe8 ./framework/TimersManager/Source/TimersManager.o
                0x0000e6c8                TMR_StopTimer
 .text.TMR_Task
                0x0000e7b0      0x4fc ./framework/TimersManager/Source/TimersManager.o
                0x0000e7b0                TMR_Task
 .text.TMR_EnableTimer
                0x0000ecac       0x84 ./framework/TimersManager/Source/TimersManager.o
                0x0000ecac                TMR_EnableTimer
 .text.NVIC_EnableIRQ
                0x0000ed30       0x2c ./framework/SerialManager/Source/UART_Adapter/UART_Adapter.o
 .text.NVIC_SetPriority
                0x0000ed5c       0xdc ./framework/SerialManager/Source/UART_Adapter/UART_Adapter.o
 .text.LPUART_Initialize
                0x0000ee38       0xe8 ./framework/SerialManager/Source/UART_Adapter/UART_Adapter.o
                0x0000ee38                LPUART_Initialize
 .text.LPUART_SetBaudrate
                0x0000ef20       0x44 ./framework/SerialManager/Source/UART_Adapter/UART_Adapter.o
                0x0000ef20                LPUART_SetBaudrate
 .text.LPUART_SendData
                0x0000ef64       0xc0 ./framework/SerialManager/Source/UART_Adapter/UART_Adapter.o
                0x0000ef64                LPUART_SendData
 .text.LPUART_InstallRxCalback
                0x0000f024       0x44 ./framework/SerialManager/Source/UART_Adapter/UART_Adapter.o
                0x0000f024                LPUART_InstallRxCalback
 .text.LPUART_InstallTxCalback
                0x0000f068       0x44 ./framework/SerialManager/Source/UART_Adapter/UART_Adapter.o
                0x0000f068                LPUART_InstallTxCalback
 .text.LPUART_IsTxActive
                0x0000f0ac       0x58 ./framework/SerialManager/Source/UART_Adapter/UART_Adapter.o
                0x0000f0ac                LPUART_IsTxActive
 .text.LPUART_ISR
                0x0000f104      0x17c ./framework/SerialManager/Source/UART_Adapter/UART_Adapter.o
 .text.SerialManager_Init
                0x0000f280       0x80 ./framework/SerialManager/Source/SerialManager.o
                0x0000f280                SerialManager_Init
 .text.SerialManagerTask
                0x0000f300      0x1c4 ./framework/SerialManager/Source/SerialManager.o
                0x0000f300                SerialManagerTask
 .text.Serial_InitInterface
                0x0000f4c4      0x190 ./framework/SerialManager/Source/SerialManager.o
                0x0000f4c4                Serial_InitInterface
 .text.Serial_AsyncWrite
                0x0000f654      0x1bc ./framework/SerialManager/Source/SerialManager.o
                0x0000f654                Serial_AsyncWrite
 .text.Serial_SyncWrite
                0x0000f810       0xe0 ./framework/SerialManager/Source/SerialManager.o
                0x0000f810                Serial_SyncWrite
 .text.Serial_Read
                0x0000f8f0      0x124 ./framework/SerialManager/Source/SerialManager.o
                0x0000f8f0                Serial_Read
 .text.Serial_RxBufferByteCount
                0x0000fa14      0x10c ./framework/SerialManager/Source/SerialManager.o
                0x0000fa14                Serial_RxBufferByteCount
 .text.Serial_SetRxCallBack
                0x0000fb20       0x78 ./framework/SerialManager/Source/SerialManager.o
                0x0000fb20                Serial_SetRxCallBack
 .text.Serial_SetBaudRate
                0x0000fb98       0x94 ./framework/SerialManager/Source/SerialManager.o
                0x0000fb98                Serial_SetBaudRate
 .text.Serial_WriteInternal
                0x0000fc2c      0x12c ./framework/SerialManager/Source/SerialManager.o
 .text.SerialManager_RxNotify
                0x0000fd58       0xc8 ./framework/SerialManager/Source/SerialManager.o
                0x0000fd58                SerialManager_RxNotify
 .text.SerialManager_TxNotify
                0x0000fe20       0xf4 ./framework/SerialManager/Source/SerialManager.o
                0x0000fe20                SerialManager_TxNotify
 .text.Serial_TxQueueMaintenance
                0x0000ff14      0x15c ./framework/SerialManager/Source/SerialManager.o
 .text.Serial_UartRxCb
                0x00010070       0x5c ./framework/SerialManager/Source/SerialManager.o
 .text.SecLib_Init
                0x000100cc       0x3c ./framework/SecLib/SecLib.o
                0x000100cc                SecLib_Init
 .text.AES_128_CCM
                0x00010108       0xec ./framework/SecLib/SecLib.o
                0x00010108                AES_128_CCM
 .text.NVIC_EnableIRQ
                0x000101f4       0x2c ./framework/RNG/Source/RNG.o
 .text.RNG_Init
                0x00010220       0xe0 ./framework/RNG/Source/RNG.o
                0x00010220                RNG_Init
 .text.TRNG_ISR
                0x00010300       0x3c ./framework/RNG/Source/RNG.o
 .text.OSA_SemaphorePost
                0x0001033c       0x9c ./framework/OSAbstraction/Source/fsl_os_abstraction_free_rtos.o
                0x0001033c                OSA_SemaphorePost
 .text.OSA_EventCreate
                0x000103d8       0x70 ./framework/OSAbstraction/Source/fsl_os_abstraction_free_rtos.o
                0x000103d8                OSA_EventCreate
 .text.OSA_EventSet
                0x00010448       0xa0 ./framework/OSAbstraction/Source/fsl_os_abstraction_free_rtos.o
                0x00010448                OSA_EventSet
 .text.OSA_EventWait
                0x000104e8       0xa4 ./framework/OSAbstraction/Source/fsl_os_abstraction_free_rtos.o
                0x000104e8                OSA_EventWait
 .text.OSA_InterruptEnable
                0x0001058c       0x4c ./framework/OSAbstraction/Source/fsl_os_abstraction_free_rtos.o
                0x0001058c                OSA_InterruptEnable
 .text.OSA_InterruptDisable
                0x000105d8       0x4c ./framework/OSAbstraction/Source/fsl_os_abstraction_free_rtos.o
                0x000105d8                OSA_InterruptDisable
 .text.main     0x00010624       0x24 ./framework/OSAbstraction/Source/fsl_os_abstraction_free_rtos.o
                0x00010624                main
 .text.MEM_Init
                0x00010648       0xc4 ./framework/MemManager/Source/MemManager.o
                0x00010648                MEM_Init
 .text.MEM_BufferAllocWithId
                0x0001070c       0xb8 ./framework/MemManager/Source/MemManager.o
                0x0001070c                MEM_BufferAllocWithId
 .text.MEM_BufferFree
                0x000107c4       0xb0 ./framework/MemManager/Source/MemManager.o
                0x000107c4                MEM_BufferFree
 .text.LED_Init
                0x00010874       0x2c ./framework/LED/Source/LED.o
                0x00010874                LED_Init
 .text.LED_Operate
                0x000108a0       0x8c ./framework/LED/Source/LED.o
                0x000108a0                LED_Operate
 .text.LED_StartBlip
                0x0001092c       0x64 ./framework/LED/Source/LED.o
                0x0001092c                LED_StartBlip
 .text.LED_StopFlash
                0x00010990       0x4c ./framework/LED/Source/LED.o
                0x00010990                LED_StopFlash
 .text.LED_SetLed
                0x000109dc       0xb8 ./framework/LED/Source/LED.o
                0x000109dc                LED_SetLed
 .text.LED_StartFlashWithPeriod
                0x00010a94       0x58 ./framework/LED/Source/LED.o
                0x00010a94                LED_StartFlashWithPeriod
 .text.LED_StartSerialFlashWithPeriod
                0x00010aec       0x74 ./framework/LED/Source/LED.o
                0x00010aec                LED_StartSerialFlashWithPeriod
 .text.LED_StopSerialFlash
                0x00010b60       0x44 ./framework/LED/Source/LED.o
                0x00010b60                LED_StopSerialFlash
 .text.LED_DecrementBlip
                0x00010ba4       0x8c ./framework/LED/Source/LED.o
 .text.LED_FlashTimeout
                0x00010c30       0x74 ./framework/LED/Source/LED.o
 .text.KbGpioInit
                0x00010ca4       0x58 ./framework/Keyboard/Source/Keyboard.o
 .text.KBD_KeySwitchPortGet
                0x00010cfc       0x7c ./framework/Keyboard/Source/Keyboard.o
 .text.KBD_KeyCheck
                0x00010d78       0xa0 ./framework/Keyboard/Source/Keyboard.o
 .text.KeyScan  0x00010e18      0x154 ./framework/Keyboard/Source/Keyboard.o
 .text.Switch_CheckIRQ
                0x00010f6c       0x50 ./framework/Keyboard/Source/Keyboard.o
 .text.KBD_Init
                0x00010fbc       0xdc ./framework/Keyboard/Source/Keyboard.o
                0x00010fbc                KBD_Init
 .text.Switch_Press_ISR
                0x00011098       0x70 ./framework/Keyboard/Source/Keyboard.o
                0x00011098                Switch_Press_ISR
 .text.NVIC_EnableIRQ
                0x00011108       0x2c ./framework/GPIO/GPIO_Adapter.o
 .text.NVIC_ClearPendingIRQ
                0x00011134       0x30 ./framework/GPIO/GPIO_Adapter.o
 .text.NVIC_SetPriority
                0x00011164       0xdc ./framework/GPIO/GPIO_Adapter.o
 .text.NVIC_GetPriority
                0x00011240       0x7c ./framework/GPIO/GPIO_Adapter.o
 .text.PORT_SetPinConfig
                0x000112bc       0x38 ./framework/GPIO/GPIO_Adapter.o
 .text.PORT_SetPinMux
                0x000112f4       0x40 ./framework/GPIO/GPIO_Adapter.o
 .text.PORT_SetPinInterruptConfig
                0x00011334       0x40 ./framework/GPIO/GPIO_Adapter.o
 .text.GpioSetPinMux
                0x00011374       0x44 ./framework/GPIO/GPIO_Adapter.o
                0x00011374                GpioSetPinMux
 .text.GpioClearPinIntFlag
                0x000113b8       0x34 ./framework/GPIO/GPIO_Adapter.o
                0x000113b8                GpioClearPinIntFlag
 .text.GpioIsPinIntPending
                0x000113ec       0x38 ./framework/GPIO/GPIO_Adapter.o
                0x000113ec                GpioIsPinIntPending
 .text.GpioSetPinOutput
                0x00011424       0x34 ./framework/GPIO/GPIO_Adapter.o
                0x00011424                GpioSetPinOutput
 .text.GpioClearPinOutput
                0x00011458       0x34 ./framework/GPIO/GPIO_Adapter.o
                0x00011458                GpioClearPinOutput
 .text.GpioTogglePinOutput
                0x0001148c       0x34 ./framework/GPIO/GPIO_Adapter.o
                0x0001148c                GpioTogglePinOutput
 .text.GpioReadPinInput
                0x000114c0       0x30 ./framework/GPIO/GPIO_Adapter.o
                0x000114c0                GpioReadPinInput
 .text.GpioInputPinInit
                0x000114f0      0x104 ./framework/GPIO/GPIO_Adapter.o
                0x000114f0                GpioInputPinInit
 .text.GpioOutputPinInit
                0x000115f4      0x100 ./framework/GPIO/GPIO_Adapter.o
                0x000115f4                GpioOutputPinInit
 .text.GpioInstallIsr
                0x000116f4      0x2c4 ./framework/GPIO/GPIO_Adapter.o
                0x000116f4                GpioInstallIsr
 .text.Gpio_CommonIsr
                0x000119b8       0xb0 ./framework/GPIO/GPIO_Adapter.o
 .text.Gpio_InstallPortISR
                0x00011a68       0x60 ./framework/GPIO/GPIO_Adapter.o
 .text.NV_ComputeCrcOverHWParameters
                0x00011ac8       0xd0 ./framework/Flash/Internal/Flash_Adapter.o
 .text.NV_ReadHWParameters
                0x00011b98       0x68 ./framework/Flash/Internal/Flash_Adapter.o
                0x00011b98                NV_ReadHWParameters
 .text.CLOCK_EnableClock
                0x00011c00       0x34 ./framework/DCDC/Source/DCDC.o
 .text.ADC16_GetChannelConversionValue
                0x00011c34       0x30 ./framework/DCDC/Source/DCDC.o
 .text.DCDC_MakeADCConversion
                0x00011c64       0x44 ./framework/DCDC/Source/DCDC.o
 .text.DCDC_AdjustVbatDiv
                0x00011ca8       0x68 ./framework/DCDC/Source/DCDC.o
 .text.DCDC_Get1P8VOutputTargetAndVBatInmV
                0x00011d10       0xf4 ./framework/DCDC/Source/DCDC.o
 .text.DCDC_mVTo1P8OutputTargetBoost
                0x00011e04      0x168 ./framework/DCDC/Source/DCDC.o
 .text.DCDC_mVTo1P8OutputTargetBuck
                0x00011f6c       0xe4 ./framework/DCDC/Source/DCDC.o
 .text.DCDC_mVToMcuVOutputTargetBoost
                0x00012050       0x8c ./framework/DCDC/Source/DCDC.o
                0x00012050                DCDC_mVToMcuVOutputTargetBoost
 .text.DCDC_GetOutputTargetsBoost
                0x000120dc       0xcc ./framework/DCDC/Source/DCDC.o
 .text.DCDC_GetOutputTargetsBuck
                0x000121a8       0x88 ./framework/DCDC/Source/DCDC.o
 .text.DCDC_VBatMonitorBoost
                0x00012230      0x1b8 ./framework/DCDC/Source/DCDC.o
 .text.DCDC_VBatMonitorBuck
                0x000123e8      0x1bc ./framework/DCDC/Source/DCDC.o
 .text.DCDC_Init
                0x000125a4      0x218 ./framework/DCDC/Source/DCDC.o
                0x000125a4                DCDC_Init
 .text.CLOCK_EnableClock
                0x000127bc       0x34 ./drivers/fsl_adc16.o
 .text.ADC16_GetInstance
                0x000127f0       0x48 ./drivers/fsl_adc16.o
 .text.ADC16_Init
                0x00012838      0x114 ./drivers/fsl_adc16.o
                0x00012838                ADC16_Init
 .text.ADC16_SetChannelConfig
                0x0001294c       0x6c ./drivers/fsl_adc16.o
                0x0001294c                ADC16_SetChannelConfig
 .text.ADC16_GetChannelStatusFlags
                0x000129b8       0x40 ./drivers/fsl_adc16.o
                0x000129b8                ADC16_GetChannelStatusFlags
 .text.CLOCK_SetEr32kClock
                0x000129f8       0x34 ./drivers/fsl_clock.o
 .text.CLOCK_GetMcgExtClkFreq
                0x00012a2c       0x70 ./drivers/fsl_clock.o
 .text.CLOCK_GetFllExtRefClkFreq
                0x00012a9c       0xc0 ./drivers/fsl_clock.o
 .text.CLOCK_GetInternalRefClkSelectFreq
                0x00012b5c       0x40 ./drivers/fsl_clock.o
 .text.CLOCK_GetFllRefClkFreq
                0x00012b9c       0x2c ./drivers/fsl_clock.o
 .text.CLOCK_GetOscRangeFromFreq
                0x00012bc8       0x4c ./drivers/fsl_clock.o
 .text.CLOCK_GetOsc0ErClkFreq
                0x00012c14       0x28 ./drivers/fsl_clock.o
                0x00012c14                CLOCK_GetOsc0ErClkFreq
 .text.CLOCK_SetSimConfig
                0x00012c3c       0x2c ./drivers/fsl_clock.o
                0x00012c3c                CLOCK_SetSimConfig
 .text.CLOCK_GetFllFreq
                0x00012c68       0x78 ./drivers/fsl_clock.o
                0x00012c68                CLOCK_GetFllFreq
 .text.CLOCK_GetInternalRefClkFreq
                0x00012ce0       0x28 ./drivers/fsl_clock.o
                0x00012ce0                CLOCK_GetInternalRefClkFreq
 .text.CLOCK_SetExternalRefClkConfig
                0x00012d08       0x80 ./drivers/fsl_clock.o
                0x00012d08                CLOCK_SetExternalRefClkConfig
 .text.CLOCK_SetInternalRefClkConfig
                0x00012d88      0x124 ./drivers/fsl_clock.o
                0x00012d88                CLOCK_SetInternalRefClkConfig
 .text.CLOCK_InitOsc0
                0x00012eac       0x68 ./drivers/fsl_clock.o
                0x00012eac                CLOCK_InitOsc0
 .text.CLOCK_SetFeeMode
                0x00012f14      0x138 ./drivers/fsl_clock.o
                0x00012f14                CLOCK_SetFeeMode
 .text.__assertion_failed
                0x0001304c       0x1c ./drivers/fsl_common.o
                0x0001304c                __assertion_failed
 .text.InstallIRQHandler
                0x00013068       0x98 ./drivers/fsl_common.o
                0x00013068                InstallIRQHandler
 .text.DSPI_CommonIRQHandler
                0x00013100       0x40 ./drivers/fsl_dspi.o
 .text.SPI0_DriverIRQHandler
                0x00013140       0x34 ./drivers/fsl_dspi.o
                0x00013140                SPI0_DriverIRQHandler
 .text.SPI1_DriverIRQHandler
                0x00013174       0x34 ./drivers/fsl_dspi.o
                0x00013174                SPI1_DriverIRQHandler
 .text.GPIO_PinInit
                0x000131a8       0x64 ./drivers/fsl_gpio.o
                0x000131a8                GPIO_PinInit
 .text.I2C_TransferCommonIRQHandler
                0x0001320c       0x58 ./drivers/fsl_i2c.o
 .text.I2C0_DriverIRQHandler
                0x00013264       0x20 ./drivers/fsl_i2c.o
                0x00013264                I2C0_DriverIRQHandler
 .text.I2C1_DriverIRQHandler
                0x00013284       0x20 ./drivers/fsl_i2c.o
                0x00013284                I2C1_DriverIRQHandler
 .text.CLOCK_EnableClock
                0x000132a4       0x34 ./drivers/fsl_lpuart.o
 .text.LPUART_GetInstance
                0x000132d8       0x48 ./drivers/fsl_lpuart.o
                0x000132d8                LPUART_GetInstance
 .text.LPUART_Init
                0x00013320      0x284 ./drivers/fsl_lpuart.o
                0x00013320                LPUART_Init
 .text.LPUART_GetDefaultConfig
                0x000135a4       0x50 ./drivers/fsl_lpuart.o
                0x000135a4                LPUART_GetDefaultConfig
 .text.LPUART_SetBaudRate
                0x000135f4      0x188 ./drivers/fsl_lpuart.o
                0x000135f4                LPUART_SetBaudRate
 .text.LPUART_GetEnabledInterrupts
                0x0001377c       0x30 ./drivers/fsl_lpuart.o
                0x0001377c                LPUART_GetEnabledInterrupts
 .text.LPUART_ClearStatusFlags
                0x000137ac       0x88 ./drivers/fsl_lpuart.o
                0x000137ac                LPUART_ClearStatusFlags
 .text.LPUART0_DriverIRQHandler
                0x00013834       0x24 ./drivers/fsl_lpuart.o
                0x00013834                LPUART0_DriverIRQHandler
 .text.CLOCK_EnableClock
                0x00013858       0x34 ./drivers/fsl_ltc.o
 .text.ltc_clear_all
                0x0001388c       0x20 ./drivers/fsl_ltc.o
                0x0001388c                ltc_clear_all
 .text.ltc_symmetric_alg_state
                0x000138ac       0x74 ./drivers/fsl_ltc.o
 .text.LTC_Init
                0x00013920       0x1c ./drivers/fsl_ltc.o
                0x00013920                LTC_Init
 .text.ltc_aes_ccm_process_aad
                0x0001393c      0x1b4 ./drivers/fsl_ltc.o
 .text.ltc_aes_ccm_process
                0x00013af0      0x160 ./drivers/fsl_ltc.o
 .text.CLOCK_EnableClock
                0x00013c50       0x34 ./drivers/fsl_tpm.o
 .text.TPM_GetInstance
                0x00013c84       0x54 ./drivers/fsl_tpm.o
 .text.TPM_Init
                0x00013cd8       0xec ./drivers/fsl_tpm.o
                0x00013cd8                TPM_Init
 .text.TPM_SetupOutputCompare
                0x00013dc4      0x130 ./drivers/fsl_tpm.o
                0x00013dc4                TPM_SetupOutputCompare
 .text.CLOCK_EnableClock
                0x00013ef4       0x34 ./drivers/fsl_trng.o
 .text.trng_GetInstance
                0x00013f28       0x48 ./drivers/fsl_trng.o
 .text.TRNG_GetDefaultConfig
                0x00013f70       0xe0 ./drivers/fsl_trng.o
                0x00013f70                TRNG_GetDefaultConfig
 .text.trng_SetRetryCount
                0x00014050       0x50 ./drivers/fsl_trng.o
 .text.trng_SetStatisticalCheckLimit
                0x000140a0      0x320 ./drivers/fsl_trng.o
 .text.trng_ApplyUserConfig
                0x000143c0      0x1c4 ./drivers/fsl_trng.o
 .text.TRNG_Init
                0x00014584       0xb8 ./drivers/fsl_trng.o
                0x00014584                TRNG_Init
 .text.CLOCK_EnableClock
                0x0001463c       0x34 ./board/board.o
 .text.hardware_init
                0x00014670      0x15c ./board/board.o
                0x00014670                hardware_init
 .text.NMI_Handler
                0x000147cc       0x20 ./board/board.o
                0x000147cc                NMI_Handler
 .text.BOARD_DCDCInit
                0x000147ec       0x18 ./board/board.o
                0x000147ec                BOARD_DCDCInit
 .text.BOARD_GetLpuartClock
                0x00014804       0x68 ./board/board.o
                0x00014804                BOARD_GetLpuartClock
 .text.BOARD_GetTpmClock
                0x0001486c       0x68 ./board/board.o
                0x0001486c                BOARD_GetTpmClock
 .text.CLOCK_EnableClock
                0x000148d4       0x34 ./board/clock_config.o
 .text.CLOCK_DisableClock
                0x00014908       0x38 ./board/clock_config.o
 .text.CLOCK_SetLpuartClock
                0x00014940       0x38 ./board/clock_config.o
 .text.CLOCK_SetTpmClock
                0x00014978       0x38 ./board/clock_config.o
 .text.CLOCK_SetSimSafeDivs
                0x000149b0       0x1c ./board/clock_config.o
 .text.CLOCK_SetXtal0Freq
                0x000149cc       0x1c ./board/clock_config.o
 .text.CLOCK_SetXtal32Freq
                0x000149e8       0x1c ./board/clock_config.o
 .text.RTC_SetOscCapLoad
                0x00014a04       0x34 ./board/clock_config.o
 .text.CLOCK_CONFIG_FllStableDelay
                0x00014a38       0x28 ./board/clock_config.o
 .text.CLOCK_CONFIG_SetRtcClock
                0x00014a60       0x4c ./board/clock_config.o
 .text.CLOCK_CONFIG_EnableRtcOsc
                0x00014aac       0x50 ./board/clock_config.o
 .text.BOARD_RfOscInit
                0x00014afc       0xc8 ./board/clock_config.o
                0x00014afc                BOARD_RfOscInit
 .text.BOARD_InitOsc0
                0x00014bc4       0x30 ./board/clock_config.o
                0x00014bc4                BOARD_InitOsc0
 .text.BOARD_BootClockRUN
                0x00014bf4       0x6c ./board/clock_config.o
                0x00014bf4                BOARD_BootClockRUN
 .text.CLOCK_EnableClock
                0x00014c60       0x34 ./board/pin_mux.o
 .text.PORT_SetPinMux
                0x00014c94       0x40 ./board/pin_mux.o
 .text.BOARD_InitButtons
                0x00014cd4       0x34 ./board/pin_mux.o
                0x00014cd4                BOARD_InitButtons
 .text.BOARD_InitLEDs
                0x00014d08       0x78 ./board/pin_mux.o
                0x00014d08                BOARD_InitLEDs
 .text.BOARD_InitLPUART
                0x00014d80       0x4c ./board/pin_mux.o
                0x00014d80                BOARD_InitLPUART
 .text.SystemInit
                0x00014dcc       0x18 ./CMSIS/system_MKW41Z4.o
                0x00014dcc                SystemInit
 .text.roundf   0x00014de4       0x48 d:/nxp/mcuxpressoide_11.6.0_8187/ide/plugins/com.nxp.mcuxpresso.tools.win32_11.6.0.202112161359/tools/bin/../lib/gcc/arm-none-eabi/10.3.1/../../../../arm-none-eabi/lib/thumb/v6-m/nofp\libm.a(lib_a-sf_round.o)
                0x00014de4                roundf
 .text.exit     0x00014e2c       0x20 d:/nxp/mcuxpressoide_11.6.0_8187/ide/plugins/com.nxp.mcuxpresso.tools.win32_11.6.0.202112161359/tools/bin/../lib/gcc/arm-none-eabi/10.3.1/../../../../arm-none-eabi/lib/thumb/v6-m/nofp\libc.a(lib_a-exit.o)
                0x00014e2c                exit
 .text.__libc_init_array
                0x00014e4c       0x44 d:/nxp/mcuxpressoide_11.6.0_8187/ide/plugins/com.nxp.mcuxpresso.tools.win32_11.6.0.202112161359/tools/bin/../lib/gcc/arm-none-eabi/10.3.1/../../../../arm-none-eabi/lib/thumb/v6-m/nofp\libc.a(lib_a-init.o)
                0x00014e4c                __libc_init_array
 .text.memcpy   0x00014e90       0xa4 d:/nxp/mcuxpressoide_11.6.0_8187/ide/plugins/com.nxp.mcuxpresso.tools.win32_11.6.0.202112161359/tools/bin/../lib/gcc/arm-none-eabi/10.3.1/../../../../arm-none-eabi/lib/thumb/v6-m/nofp\libc.a(lib_a-memcpy-stub.o)
                0x00014e90                memcpy
 .text.memset   0x00014f34       0xa8 d:/nxp/mcuxpressoide_11.6.0_8187/ide/plugins/com.nxp.mcuxpresso.tools.win32_11.6.0.202112161359/tools/bin/../lib/gcc/arm-none-eabi/10.3.1/../../../../arm-none-eabi/lib/thumb/v6-m/nofp\libc.a(lib_a-memset.o)
                0x00014f34                memset
 .text.strlen   0x00014fdc       0x5c d:/nxp/mcuxpressoide_11.6.0_8187/ide/plugins/com.nxp.mcuxpresso.tools.win32_11.6.0.202112161359/tools/bin/../lib/gcc/arm-none-eabi/10.3.1/../../../../arm-none-eabi/lib/thumb/v6-m/nofp\libc.a(lib_a-strlen-stub.o)
                0x00014fdc                strlen
 .text.startup.register_fini
                0x00015038       0x18 d:/nxp/mcuxpressoide_11.6.0_8187/ide/plugins/com.nxp.mcuxpresso.tools.win32_11.6.0.202112161359/tools/bin/../lib/gcc/arm-none-eabi/10.3.1/../../../../arm-none-eabi/lib/thumb/v6-m/nofp\libc.a(lib_a-__call_atexit.o)
 .text.__call_exitprocs
                0x00015050       0xf8 d:/nxp/mcuxpressoide_11.6.0_8187/ide/plugins/com.nxp.mcuxpresso.tools.win32_11.6.0.202112161359/tools/bin/../lib/gcc/arm-none-eabi/10.3.1/../../../../arm-none-eabi/lib/thumb/v6-m/nofp\libc.a(lib_a-__call_atexit.o)
                0x00015050                __call_exitprocs
 .text.atexit   0x00015148       0x10 d:/nxp/mcuxpressoide_11.6.0_8187/ide/plugins/com.nxp.mcuxpresso.tools.win32_11.6.0.202112161359/tools/bin/../lib/gcc/arm-none-eabi/10.3.1/../../../../arm-none-eabi/lib/thumb/v6-m/nofp\libc.a(lib_a-atexit.o)
                0x00015148                atexit
 .text.__libc_fini_array
                0x00015158       0x28 d:/nxp/mcuxpressoide_11.6.0_8187/ide/plugins/com.nxp.mcuxpresso.tools.win32_11.6.0.202112161359/tools/bin/../lib/gcc/arm-none-eabi/10.3.1/../../../../arm-none-eabi/lib/thumb/v6-m/nofp\libc.a(lib_a-fini.o)
                0x00015158                __libc_fini_array
 .text.__retarget_lock_acquire_recursive
                0x00015180        0x4 d:/nxp/mcuxpressoide_11.6.0_8187/ide/plugins/com.nxp.mcuxpresso.tools.win32_11.6.0.202112161359/tools/bin/../lib/gcc/arm-none-eabi/10.3.1/../../../../arm-none-eabi/lib/thumb/v6-m/nofp\libc.a(lib_a-lock.o)
                0x00015180                __retarget_lock_acquire_recursive
 .text.__retarget_lock_release_recursive
                0x00015184        0x4 d:/nxp/mcuxpressoide_11.6.0_8187/ide/plugins/com.nxp.mcuxpresso.tools.win32_11.6.0.202112161359/tools/bin/../lib/gcc/arm-none-eabi/10.3.1/../../../../arm-none-eabi/lib/thumb/v6-m/nofp\libc.a(lib_a-lock.o)
                0x00015184                __retarget_lock_release_recursive
 .text.__register_exitproc
                0x00015188       0xac d:/nxp/mcuxpressoide_11.6.0_8187/ide/plugins/com.nxp.mcuxpresso.tools.win32_11.6.0.202112161359/tools/bin/../lib/gcc/arm-none-eabi/10.3.1/../../../../arm-none-eabi/lib/thumb/v6-m/nofp\libc.a(lib_a-__atexit.o)
                0x00015188                __register_exitproc
 .text._exit    0x00015234        0x4 d:/nxp/mcuxpressoide_11.6.0_8187/ide/plugins/com.nxp.mcuxpresso.tools.win32_11.6.0.202112161359/tools/bin/../lib/gcc/arm-none-eabi/10.3.1/../../../../arm-none-eabi/lib/thumb/v6-m/nofp\libnosys.a(_exit.o)
                0x00015234                _exit
 .text.DbgConsole_PrintfPaddingCharacter
                0x00015238       0x48 ./utilities/fsl_debug_console.o
 .text.DbgConsole_ConvertRadixNumToString
                0x00015280      0x114 ./utilities/fsl_debug_console.o
 .text.DbgConsole_PrintfFormattedData
                0x00015394      0x33a ./utilities/fsl_debug_console.o
 .text.App_WaitMsg
                0x000156ce       0x32 ./source/mwa_coordinator.o
 .text.MPM_AcquirePAN
                0x00015700       0x12 ./ieee_802.15.4/phy/source/MKW41Z/MPM.o
                0x00015700                MPM_AcquirePAN
 .text.MPM_ReleasePAN
                0x00015712       0x12 ./ieee_802.15.4/phy/source/MKW41Z/MPM.o
                0x00015712                MPM_ReleasePAN
 .text.PHY_ForceIrqPending
                0x00015724       0x10 ./ieee_802.15.4/phy/source/MKW41Z/PhyISR.o
                0x00015724                PHY_ForceIrqPending
 .text.Phy_LqiConvert
                0x00015734       0x46 ./ieee_802.15.4/phy/source/MKW41Z/PhyISR.o
 .text.BindToPHY
                0x0001577a       0x12 ./ieee_802.15.4/phy/source/MKW41Z/PhyStateMachine.o
                0x0001577a                BindToPHY
 .text.Phy_SetSequenceTiming
                0x0001578c       0x9e ./ieee_802.15.4/phy/source/MKW41Z/PhyStateMachine.o
                0x0001578c                Phy_SetSequenceTiming
 .text.Radio_Phy_TimeWaitTimeoutIndication
                0x0001582a       0x14 ./ieee_802.15.4/phy/source/MKW41Z/PhyStateMachine.o
                0x0001582a                Radio_Phy_TimeWaitTimeoutIndication
 .text.Radio_Phy_TimeStartEventIndication
                0x0001583e       0x10 ./ieee_802.15.4/phy/source/MKW41Z/PhyStateMachine.o
                0x0001583e                Radio_Phy_TimeStartEventIndication
 .text.Radio_Phy_PlmeSyncLossIndication
                0x0001584e       0x1c ./ieee_802.15.4/phy/source/MKW41Z/PhyStateMachine.o
                0x0001584e                Radio_Phy_PlmeSyncLossIndication
 .text.MAC_Monitor
                0x0001586a       0x24 ./ieee_802.15.4/mac/source/App/FsciMacCommands.o
                0x0001586a                MAC_Monitor
 .text.xEventGroupCreate
                0x0001588e       0x30 ./freertos/event_groups.o
                0x0001588e                xEventGroupCreate
 .text.xEventGroupWaitBits
                0x000158be      0x148 ./freertos/event_groups.o
                0x000158be                xEventGroupWaitBits
 .text.xEventGroupSetBits
                0x00015a06       0xf2 ./freertos/event_groups.o
                0x00015a06                xEventGroupSetBits
 .text.vEventGroupSetBitsCallback
                0x00015af8       0x1e ./freertos/event_groups.o
                0x00015af8                vEventGroupSetBitsCallback
 .text.prvTestWaitCondition
                0x00015b16       0x3e ./freertos/event_groups.o
 .text.vListInitialise
                0x00015b54       0x3c ./freertos/list.o
                0x00015b54                vListInitialise
 .text.vListInitialiseItem
                0x00015b90       0x16 ./freertos/list.o
                0x00015b90                vListInitialiseItem
 .text.vListInsertEnd
                0x00015ba6       0x44 ./freertos/list.o
                0x00015ba6                vListInsertEnd
 .text.vListInsert
                0x00015bea       0x6c ./freertos/list.o
                0x00015bea                vListInsert
 .text.uxListRemove
                0x00015c56       0x50 ./freertos/list.o
                0x00015c56                uxListRemove
 .text.SVC_Handler
                0x00015ca6        0xa ./freertos/port.o
                0x00015ca6                SVC_Handler
 .text.ulSetInterruptMaskFromISR
                0x00015cb0        0xc ./freertos/port.o
                0x00015cb0                ulSetInterruptMaskFromISR
 .text.vClearInterruptMaskFromISR
                0x00015cbc        0x8 ./freertos/port.o
                0x00015cbc                vClearInterruptMaskFromISR
 .text.xQueueGenericReset
                0x00015cc4       0xa8 ./freertos/queue.o
                0x00015cc4                xQueueGenericReset
 .text.xQueueGenericCreate
                0x00015d6c       0x64 ./freertos/queue.o
                0x00015d6c                xQueueGenericCreate
 .text.prvInitialiseNewQueue
                0x00015dd0       0x4e ./freertos/queue.o
 .text.prvInitialiseMutex
                0x00015e1e       0x34 ./freertos/queue.o
 .text.xQueueCreateMutex
                0x00015e52       0x38 ./freertos/queue.o
                0x00015e52                xQueueCreateMutex
 .text.xQueueGetMutexHolder
                0x00015e8a       0x2e ./freertos/queue.o
                0x00015e8a                xQueueGetMutexHolder
 .text.xQueueCreateCountingSemaphore
                0x00015eb8       0x46 ./freertos/queue.o
                0x00015eb8                xQueueCreateCountingSemaphore
 .text.xQueueGenericSend
                0x00015efe      0x188 ./freertos/queue.o
                0x00015efe                xQueueGenericSend
 .text.xQueueGenericSendFromISR
                0x00016086       0xe2 ./freertos/queue.o
                0x00016086                xQueueGenericSendFromISR
 .text.xQueueGiveFromISR
                0x00016168       0xca ./freertos/queue.o
                0x00016168                xQueueGiveFromISR
 .text.xQueueGenericReceive
                0x00016232      0x1c8 ./freertos/queue.o
                0x00016232                xQueueGenericReceive
 .text.prvCopyDataToQueue
                0x000163fa       0xd6 ./freertos/queue.o
 .text.prvCopyDataFromQueue
                0x000164d0       0x4c ./freertos/queue.o
 .text.prvUnlockQueue
                0x0001651c       0xbc ./freertos/queue.o
 .text.prvIsQueueEmpty
                0x000165d8       0x2c ./freertos/queue.o
 .text.prvIsQueueFull
                0x00016604       0x30 ./freertos/queue.o
 .text.vQueueWaitForMessageRestricted
                0x00016634       0x66 ./freertos/queue.o
                0x00016634                vQueueWaitForMessageRestricted
 .text.xTaskCreate
                0x0001669a       0x90 ./freertos/tasks.o
                0x0001669a                xTaskCreate
 .text.prvDeleteTCB
                0x0001672a       0x22 ./freertos/tasks.o
 .text.prvTimerTask
                0x0001674c       0x28 ./freertos/timers.o
 .text.XcvrCalDelay
                0x00016774       0x20 ./framework/XCVR/MKW41Z4/fsl_xcvr_trim.o
                0x00016774                XcvrCalDelay
 .text.store_sw_trim
                0x00016794       0x96 ./framework/XCVR/MKW41Z4/ifr_radio.o
                0x00016794                store_sw_trim
 .text.TPM_GetStatusFlags
                0x0001682a       0x14 ./framework/TimersManager/Source/TMR_Adapter.o
 .text.TPM_ClearStatusFlags
                0x0001683e       0x18 ./framework/TimersManager/Source/TMR_Adapter.o
 .text.TPM_StartTimer
                0x00016856       0x3a ./framework/TimersManager/Source/TMR_Adapter.o
 .text.TPM_StopTimer
                0x00016890       0x2c ./framework/TimersManager/Source/TMR_Adapter.o
 .text.StackTimer_GetInputFrequency
                0x000168bc       0x24 ./framework/TimersManager/Source/TMR_Adapter.o
                0x000168bc                StackTimer_GetInputFrequency
 .text.TMR_IsTimerActive
                0x000168e0       0x28 ./framework/TimersManager/Source/TimersManager.o
                0x000168e0                TMR_IsTimerActive
 .text.TMR_StartLowPowerTimer
                0x00016908       0x40 ./framework/TimersManager/Source/TimersManager.o
                0x00016908                TMR_StartLowPowerTimer
 .text.TMR_StartIntervalTimer
                0x00016948       0x32 ./framework/TimersManager/Source/TimersManager.o
                0x00016948                TMR_StartIntervalTimer
 .text.LPUART_WriteByte
                0x0001697a       0x1e ./framework/SerialManager/Source/UART_Adapter/UART_Adapter.o
 .text.LPUART_ReadByte
                0x00016998       0x16 ./framework/SerialManager/Source/UART_Adapter/UART_Adapter.o
 .text.Serial_Print
                0x000169ae       0x78 ./framework/SerialManager/Source/SerialManager.o
                0x000169ae                Serial_Print
 .text.Serial_PrintHex
                0x00016a26      0x196 ./framework/SerialManager/Source/SerialManager.o
                0x00016a26                Serial_PrintHex
 .text.Serial_SyncTxCallback
                0x00016bbc       0x1e ./framework/SerialManager/Source/SerialManager.o
 .text.Serial_UartTxCb
                0x00016bda       0x1a ./framework/SerialManager/Source/SerialManager.o
 .text.EnableIRQ
                0x00016bf4       0x2c ./framework/RNG/Source/RNG.o
 .text.RNG_GetRandomNo
                0x00016c20       0x2c ./framework/RNG/Source/RNG.o
                0x00016c20                RNG_GetRandomNo
 .text.panic    0x00016c4c       0x16 ./framework/Panic/Source/Panic.o