D:\nxp\RSE\end_device_154\frdmkw41z_wireless_examples_ieee_802_15_4_mwa_end_device_freertos\CMSIS/core_cm0plus.h:745:22:NVIC_EnableIRQ	16	static
D:\nxp\RSE\end_device_154\frdmkw41z_wireless_examples_ieee_802_15_4_mwa_end_device_freertos\CMSIS/core_cm0plus.h:780:22:NVIC_SetPendingIRQ	16	static
D:\nxp\RSE\end_device_154\frdmkw41z_wireless_examples_ieee_802_15_4_mwa_end_device_freertos\CMSIS/core_cm0plus.h:791:22:NVIC_ClearPendingIRQ	16	static
D:\nxp\RSE\end_device_154\frdmkw41z_wireless_examples_ieee_802_15_4_mwa_end_device_freertos\CMSIS/core_cm0plus.h:804:22:NVIC_SetPriority	24	static
../ieee_802.15.4/phy/source/MKW41Z/PhyISR.c:72:6:ProtectFromXcvrInterrupt	8	static
../ieee_802.15.4/phy/source/MKW41Z/PhyISR.c:90:6:UnprotectFromXcvrInterrupt	8	static
../ieee_802.15.4/phy/source/MKW41Z/PhyISR.c:113:6:PhyIsrPassRxParams	16	static
../ieee_802.15.4/phy/source/MKW41Z/PhyISR.c:125:13:PhyIsrSeqCleanup	16	static
../ieee_802.15.4/phy/source/MKW41Z/PhyISR.c:157:13:PhyIsrTimeoutCleanup	16	static
../ieee_802.15.4/phy/source/MKW41Z/PhyISR.c:193:9:Phy_GetEnergyLevel	24	static
../ieee_802.15.4/phy/source/MKW41Z/PhyISR.c:223:9:PhyGetLastRxLqiValue	8	static
../ieee_802.15.4/phy/source/MKW41Z/PhyISR.c:234:9:PhyGetLastRxRssiValue	16	static
../ieee_802.15.4/phy/source/MKW41Z/PhyISR.c:256:8:PhyConvertLQIToRSSI	24	static
../ieee_802.15.4/phy/source/MKW41Z/PhyISR.c:267:6:PHY_InterruptHandler	24	static
../ieee_802.15.4/phy/source/MKW41Z/PhyISR.c:487:6:PHY_InstallIsr	8	static
../ieee_802.15.4/phy/source/MKW41Z/PhyISR.c:504:6:PHY_ForceIrqPending	8	static
../ieee_802.15.4/phy/source/MKW41Z/PhyISR.c:515:8:PHY_isIrqPending	16	static
../ieee_802.15.4/phy/source/MKW41Z/PhyISR.c:565:13:Phy_GetRxParams	16	static
../ieee_802.15.4/phy/source/MKW41Z/PhyISR.c:586:16:Phy_LqiConvert	16	static
